Component: ARM Compiler 5.06 update 6 (build 750) Tool: armlink [4d35ed]

==============================================================================

Section Cross References

    main.o(i.main) refers to usart1.o(i.USART1_Config) for USART1_Config
    main.o(i.main) refers to usart3.o(i.USART3_Config) for USART3_Config
    main.o(i.main) refers to delay.o(i.delay_init) for delay_init
    main.o(i.main) refers to led.o(i.LED_Init) for LED_Init
    main.o(i.main) refers to key.o(i.KEY_Init) for KEY_Init
    main.o(i.main) refers to dht11.o(i.DHT11_Init) for DHT11_Init
    main.o(i.main) refers to hcsr04.o(i.Hcsr04Init) for Hcsr04Init
    main.o(i.main) refers to hcsr04.o(i.hcsr04_NVIC) for hcsr04_NVIC
    main.o(i.main) refers to timer2.o(i.TIM2_PWM_Init) for TIM2_PWM_Init
    main.o(i.main) refers to timer4.o(i.TIM4_PWM_Init) for TIM4_PWM_Init
    main.o(i.main) refers to timer1.o(i.TIM1_Int_Init) for TIM1_Int_Init
    main.o(i.main) refers to key.o(i.Scan_KAY) for Scan_KAY
    main.o(i.main) refers to dht11.o(i.DHT11_Read_Data) for DHT11_Read_Data
    main.o(i.main) refers to stm32f10x_tim.o(i.TIM_SetCompare3) for TIM_SetCompare3
    main.o(i.main) refers to hcsr04.o(i.Hcsr04GetLength) for Hcsr04GetLength
    main.o(i.main) refers to delay.o(i.delay_ms) for delay_ms
    main.o(i.main) refers to f2d.o(.text) for __aeabi_f2d
    main.o(i.main) refers to printfa.o(i.__0sprintf) for __2sprintf
    main.o(i.main) refers to usart3.o(i.UART3_Send_Char) for UART3_Send_Char
    main.o(i.main) refers to main.o(.data) for psc
    main.o(i.main) refers to main.o(.bss) for message
    system_stm32f10x.o(i.SetSysClock) refers to system_stm32f10x.o(i.SetSysClockTo72) for SetSysClockTo72
    system_stm32f10x.o(i.SystemCoreClockUpdate) refers to system_stm32f10x.o(.data) for SystemCoreClock
    system_stm32f10x.o(i.SystemInit) refers to system_stm32f10x.o(i.SetSysClock) for SetSysClock
    led.o(i.LED_Init) refers to stm32f10x_rcc.o(i.RCC_APB2PeriphClockCmd) for RCC_APB2PeriphClockCmd
    led.o(i.LED_Init) refers to stm32f10x_gpio.o(i.GPIO_Init) for GPIO_Init
    led.o(i.LED_Init) refers to stm32f10x_gpio.o(i.GPIO_SetBits) for GPIO_SetBits
    timer4.o(i.TIM4_Int_Init) refers to stm32f10x_rcc.o(i.RCC_APB1PeriphClockCmd) for RCC_APB1PeriphClockCmd
    timer4.o(i.TIM4_Int_Init) refers to stm32f10x_tim.o(i.TIM_TimeBaseInit) for TIM_TimeBaseInit
    timer4.o(i.TIM4_Int_Init) refers to stm32f10x_tim.o(i.TIM_ITConfig) for TIM_ITConfig
    timer4.o(i.TIM4_Int_Init) refers to misc.o(i.NVIC_Init) for NVIC_Init
    timer4.o(i.TIM4_Int_Init) refers to stm32f10x_tim.o(i.TIM_Cmd) for TIM_Cmd
    timer4.o(i.TIM4_PWM_Init) refers to stm32f10x_rcc.o(i.RCC_APB2PeriphClockCmd) for RCC_APB2PeriphClockCmd
    timer4.o(i.TIM4_PWM_Init) refers to stm32f10x_rcc.o(i.RCC_APB1PeriphClockCmd) for RCC_APB1PeriphClockCmd
    timer4.o(i.TIM4_PWM_Init) refers to stm32f10x_gpio.o(i.GPIO_Init) for GPIO_Init
    timer4.o(i.TIM4_PWM_Init) refers to stm32f10x_tim.o(i.TIM_TimeBaseInit) for TIM_TimeBaseInit
    timer4.o(i.TIM4_PWM_Init) refers to stm32f10x_tim.o(i.TIM_OC3Init) for TIM_OC3Init
    timer4.o(i.TIM4_PWM_Init) refers to misc.o(i.NVIC_Init) for NVIC_Init
    timer4.o(i.TIM4_PWM_Init) refers to stm32f10x_tim.o(i.TIM_OC3PreloadConfig) for TIM_OC3PreloadConfig
    timer4.o(i.TIM4_PWM_Init) refers to stm32f10x_tim.o(i.TIM_ARRPreloadConfig) for TIM_ARRPreloadConfig
    timer4.o(i.TIM4_PWM_Init) refers to stm32f10x_tim.o(i.TIM_Cmd) for TIM_Cmd
    timer2.o(i.TIM2_IRQHandler) refers to stm32f10x_tim.o(i.TIM_GetITStatus) for TIM_GetITStatus
    timer2.o(i.TIM2_IRQHandler) refers to stm32f10x_tim.o(i.TIM_ClearITPendingBit) for TIM_ClearITPendingBit
    timer2.o(i.TIM2_Int_Init) refers to stm32f10x_rcc.o(i.RCC_APB1PeriphClockCmd) for RCC_APB1PeriphClockCmd
    timer2.o(i.TIM2_Int_Init) refers to stm32f10x_tim.o(i.TIM_TimeBaseInit) for TIM_TimeBaseInit
    timer2.o(i.TIM2_Int_Init) refers to stm32f10x_tim.o(i.TIM_ITConfig) for TIM_ITConfig
    timer2.o(i.TIM2_Int_Init) refers to misc.o(i.NVIC_Init) for NVIC_Init
    timer2.o(i.TIM2_Int_Init) refers to stm32f10x_tim.o(i.TIM_Cmd) for TIM_Cmd
    timer2.o(i.TIM2_PWM_Init) refers to stm32f10x_rcc.o(i.RCC_APB2PeriphClockCmd) for RCC_APB2PeriphClockCmd
    timer2.o(i.TIM2_PWM_Init) refers to stm32f10x_rcc.o(i.RCC_APB1PeriphClockCmd) for RCC_APB1PeriphClockCmd
    timer2.o(i.TIM2_PWM_Init) refers to stm32f10x_gpio.o(i.GPIO_Init) for GPIO_Init
    timer2.o(i.TIM2_PWM_Init) refers to stm32f10x_tim.o(i.TIM_TimeBaseInit) for TIM_TimeBaseInit
    timer2.o(i.TIM2_PWM_Init) refers to stm32f10x_tim.o(i.TIM_OC2Init) for TIM_OC2Init
    timer2.o(i.TIM2_PWM_Init) refers to stm32f10x_tim.o(i.TIM_OC1Init) for TIM_OC1Init
    timer2.o(i.TIM2_PWM_Init) refers to stm32f10x_tim.o(i.TIM_OC1PreloadConfig) for TIM_OC1PreloadConfig
    timer2.o(i.TIM2_PWM_Init) refers to stm32f10x_tim.o(i.TIM_OC2PreloadConfig) for TIM_OC2PreloadConfig
[...]
    Removing stm32f10x_i2c.o(i.I2C_GetITStatus), (38 bytes).
    Removing stm32f10x_i2c.o(i.I2C_GetLastEvent), (26 bytes).
    Removing stm32f10x_i2c.o(i.I2C_GetPEC), (8 bytes).
    Removing stm32f10x_i2c.o(i.I2C_ITConfig), (18 bytes).
    Removing stm32f10x_i2c.o(i.I2C_Init), (236 bytes).
    Removing stm32f10x_i2c.o(i.I2C_NACKPositionConfig), (28 bytes).
    Removing stm32f10x_i2c.o(i.I2C_OwnAddress2Config), (22 bytes).
    Removing stm32f10x_i2c.o(i.I2C_PECPositionConfig), (28 bytes).
    Removing stm32f10x_i2c.o(i.I2C_ReadRegister), (22 bytes).
    Removing stm32f10x_i2c.o(i.I2C_ReceiveData), (8 bytes).
    Removing stm32f10x_i2c.o(i.I2C_SMBusAlertConfig), (28 bytes).
    Removing stm32f10x_i2c.o(i.I2C_Send7bitAddress), (18 bytes).
    Removing stm32f10x_i2c.o(i.I2C_SendData), (4 bytes).
    Removing stm32f10x_i2c.o(i.I2C_SoftwareResetCmd), (22 bytes).
    Removing stm32f10x_i2c.o(i.I2C_StretchClockCmd), (24 bytes).
    Removing stm32f10x_i2c.o(i.I2C_StructInit), (30 bytes).
    Removing stm32f10x_i2c.o(i.I2C_TransmitPEC), (24 bytes).
    Removing stm32f10x_iwdg.o(i.IWDG_Enable), (16 bytes).
    Removing stm32f10x_iwdg.o(i.IWDG_GetFlagStatus), (24 bytes).
    Removing stm32f10x_iwdg.o(i.IWDG_ReloadCounter), (16 bytes).
    Removing stm32f10x_iwdg.o(i.IWDG_SetPrescaler), (12 bytes).
    Removing stm32f10x_iwdg.o(i.IWDG_SetReload), (12 bytes).
    Removing stm32f10x_iwdg.o(i.IWDG_WriteAccessCmd), (12 bytes).
    Removing stm32f10x_pwr.o(i.PWR_BackupAccessCmd), (12 bytes).
    Removing stm32f10x_pwr.o(i.PWR_ClearFlag), (20 bytes).
    Removing stm32f10x_pwr.o(i.PWR_DeInit), (22 bytes).
    Removing stm32f10x_pwr.o(i.PWR_EnterSTANDBYMode), (52 bytes).
    Removing stm32f10x_pwr.o(i.PWR_EnterSTOPMode), (64 bytes).
    Removing stm32f10x_pwr.o(i.PWR_GetFlagStatus), (24 bytes).
    Removing stm32f10x_pwr.o(i.PWR_PVDCmd), (12 bytes).
    Removing stm32f10x_pwr.o(i.PWR_PVDLevelConfig), (24 bytes).
    Removing stm32f10x_pwr.o(i.PWR_WakeUpPinCmd), (12 bytes).
    Removing stm32f10x_rcc.o(i.RCC_ADCCLKConfig), (24 bytes).
    Removing stm32f10x_rcc.o(i.RCC_AHBPeriphClockCmd), (32 bytes).
    Removing stm32f10x_rcc.o(i.RCC_AdjustHSICalibrationValue), (24 bytes).
    Removing stm32f10x_rcc.o(i.RCC_BackupResetCmd), (12 bytes).
    Removing stm32f10x_rcc.o(i.RCC_ClearFlag), (20 bytes).
    Removing stm32f10x_rcc.o(i.RCC_ClearITPendingBit), (12 bytes).
    Removing stm32f10x_rcc.o(i.RCC_ClockSecuritySystemCmd), (12 bytes).
    Removing stm32f10x_rcc.o(i.RCC_DeInit), (76 bytes).
    Removing stm32f10x_rcc.o(i.RCC_GetFlagStatus), (60 bytes).
    Removing stm32f10x_rcc.o(i.RCC_GetITStatus), (24 bytes).
    Removing stm32f10x_rcc.o(i.RCC_GetSYSCLKSource), (16 bytes).
    Removing stm32f10x_rcc.o(i.RCC_HCLKConfig), (24 bytes).
    Removing stm32f10x_rcc.o(i.RCC_HSEConfig), (76 bytes).
    Removing stm32f10x_rcc.o(i.RCC_HSICmd), (12 bytes).
    Removing stm32f10x_rcc.o(i.RCC_ITConfig), (32 bytes).
    Removing stm32f10x_rcc.o(i.RCC_LSEConfig), (52 bytes).
    Removing stm32f10x_rcc.o(i.RCC_LSICmd), (12 bytes).
    Removing stm32f10x_rcc.o(i.RCC_MCOConfig), (12 bytes).
    Removing stm32f10x_rcc.o(i.RCC_PCLK1Config), (24 bytes).
    Removing stm32f10x_rcc.o(i.RCC_PCLK2Config), (24 bytes).
    Removing stm32f10x_rcc.o(i.RCC_PLLCmd), (12 bytes).
    Removing stm32f10x_rcc.o(i.RCC_PLLConfig), (28 bytes).
    Removing stm32f10x_rcc.o(i.RCC_RTCCLKCmd), (12 bytes).
    Removing stm32f10x_rcc.o(i.RCC_RTCCLKConfig), (16 bytes).
    Removing stm32f10x_rcc.o(i.RCC_SYSCLKConfig), (24 bytes).
    Removing stm32f10x_rcc.o(i.RCC_USBCLKConfig), (12 bytes).
    Removing stm32f10x_rcc.o(i.RCC_WaitForHSEStartUp), (56 bytes).
    Removing stm32f10x_rtc.o(i.RTC_ClearFlag), (16 bytes).
    Removing stm32f10x_rtc.o(i.RTC_ClearITPendingBit), (16 bytes).
    Removing stm32f10x_rtc.o(i.RTC_EnterConfigMode), (20 bytes).
    Removing stm32f10x_rtc.o(i.RTC_ExitConfigMode), (20 bytes).
    Removing stm32f10x_rtc.o(i.RTC_GetCounter), (20 bytes).
    Removing stm32f10x_rtc.o(i.RTC_GetDivider), (24 bytes).
    Removing stm32f10x_rtc.o(i.RTC_GetFlagStatus), (24 bytes).
    Removing stm32f10x_rtc.o(i.RTC_GetITStatus), (36 bytes).
    Removing stm32f10x_rtc.o(i.RTC_ITConfig), (32 bytes).
    Removing stm32f10x_rtc.o(i.RTC_SetAlarm), (28 bytes).
    Removing stm32f10x_rtc.o(i.RTC_SetCounter), (28 bytes).
    Removing stm32f10x_rtc.o(i.RTC_SetPrescaler), (32 bytes).
    Removing stm32f10x_rtc.o(i.RTC_WaitForLastTask), (20 bytes).
    Removing stm32f10x_rtc.o(i.RTC_WaitForSynchro), (36 bytes).
    Removing stm32f10x_sdio.o(i.SDIO_CEATAITCmd), (16 bytes).
    Removing stm32f10x_sdio.o(i.SDIO_ClearFlag), (12 bytes).
    Removing stm32f10x_sdio.o(i.SDIO_ClearITPendingBit), (12 bytes).
    Removing stm32f10x_sdio.o(i.SDIO_ClockCmd), (12 bytes).
    Removing stm32f10x_sdio.o(i.SDIO_CmdStructInit), (14 bytes).
    Removing stm32f10x_sdio.o(i.SDIO_CommandCompletionCmd), (12 bytes).
    Removing stm32f10x_sdio.o(i.SDIO_DMACmd), (12 bytes).
    Removing stm32f10x_sdio.o(i.SDIO_DataConfig), (48 bytes).
    Removing stm32f10x_sdio.o(i.SDIO_DataStructInit), (20 bytes).
    Removing stm32f10x_sdio.o(i.SDIO_DeInit), (36 bytes).
    Removing stm32f10x_sdio.o(i.SDIO_GetCommandResponse), (12 bytes).
    Removing stm32f10x_sdio.o(i.SDIO_GetDataCounter), (12 bytes).
    Removing stm32f10x_sdio.o(i.SDIO_GetFIFOCount), (12 bytes).
    Removing stm32f10x_sdio.o(i.SDIO_GetFlagStatus), (24 bytes).
    Removing stm32f10x_sdio.o(i.SDIO_GetITStatus), (24 bytes).
    Removing stm32f10x_sdio.o(i.SDIO_GetPowerState), (16 bytes).
    Removing stm32f10x_sdio.o(i.SDIO_GetResponse), (24 bytes).
    Removing stm32f10x_sdio.o(i.SDIO_ITConfig), (32 bytes).
    Removing stm32f10x_sdio.o(i.SDIO_Init), (48 bytes).
    Removing stm32f10x_sdio.o(i.SDIO_ReadData), (12 bytes).
    Removing stm32f10x_sdio.o(i.SDIO_SendCEATACmd), (12 bytes).
    Removing stm32f10x_sdio.o(i.SDIO_SendCommand), (44 bytes).
    Removing stm32f10x_sdio.o(i.SDIO_SendSDIOSuspendCmd), (12 bytes).
    Removing stm32f10x_sdio.o(i.SDIO_SetPowerState), (28 bytes).
    Removing stm32f10x_sdio.o(i.SDIO_SetSDIOOperation), (12 bytes).
    Removing stm32f10x_sdio.o(i.SDIO_SetSDIOReadWaitMode), (12 bytes).
    Removing stm32f10x_sdio.o(i.SDIO_StartSDIOReadWait), (12 bytes).
    Removing stm32f10x_sdio.o(i.SDIO_StopSDIOReadWait), (12 bytes).
    Removing stm32f10x_sdio.o(i.SDIO_StructInit), (16 bytes).
    Removing stm32f10x_sdio.o(i.SDIO_WriteData), (12 bytes).
    Removing stm32f10x_spi.o(i.I2S_Cmd), (24 bytes).
    Removing stm32f10x_spi.o(i.I2S_Init), (232 bytes).
    Removing stm32f10x_spi.o(i.I2S_StructInit), (20 bytes).
    Removing stm32f10x_spi.o(i.SPI_BiDirectionalLineConfig), (28 bytes).
    Removing stm32f10x_spi.o(i.SPI_CalculateCRC), (24 bytes).
    Removing stm32f10x_spi.o(i.SPI_Cmd), (24 bytes).
    Removing stm32f10x_spi.o(i.SPI_DataSizeConfig), (18 bytes).
    Removing stm32f10x_spi.o(i.SPI_GetCRC), (16 bytes).
    Removing stm32f10x_spi.o(i.SPI_GetCRCPolynomial), (6 bytes).
    Removing stm32f10x_spi.o(i.SPI_I2S_ClearFlag), (6 bytes).
    Removing stm32f10x_spi.o(i.SPI_I2S_ClearITPendingBit), (20 bytes).
    Removing stm32f10x_spi.o(i.SPI_I2S_DMACmd), (18 bytes).
    Removing stm32f10x_spi.o(i.SPI_I2S_DeInit), (88 bytes).
    Removing stm32f10x_spi.o(i.SPI_I2S_GetFlagStatus), (18 bytes).
    Removing stm32f10x_spi.o(i.SPI_I2S_GetITStatus), (52 bytes).
    Removing stm32f10x_spi.o(i.SPI_I2S_ITConfig), (32 bytes).
    Removing stm32f10x_spi.o(i.SPI_I2S_ReceiveData), (6 bytes).
    Removing stm32f10x_spi.o(i.SPI_I2S_SendData), (4 bytes).
    Removing stm32f10x_spi.o(i.SPI_Init), (60 bytes).
    Removing stm32f10x_spi.o(i.SPI_NSSInternalSoftwareConfig), (30 bytes).
    Removing stm32f10x_spi.o(i.SPI_SSOutputCmd), (24 bytes).
    Removing stm32f10x_spi.o(i.SPI_StructInit), (24 bytes).
    Removing stm32f10x_spi.o(i.SPI_TransmitCRC), (10 bytes).
    Removing stm32f10x_tim.o(i.TI1_Config), (128 bytes).
    Removing stm32f10x_tim.o(i.TI2_Config), (152 bytes).
    Removing stm32f10x_tim.o(i.TI3_Config), (144 bytes).
    Removing stm32f10x_tim.o(i.TI4_Config), (152 bytes).
    Removing stm32f10x_tim.o(i.TIM_BDTRConfig), (32 bytes).
    Removing stm32f10x_tim.o(i.TIM_BDTRStructInit), (18 bytes).
    Removing stm32f10x_tim.o(i.TIM_CCPreloadControl), (24 bytes).
    Removing stm32f10x_tim.o(i.TIM_CCxCmd), (30 bytes).
    Removing stm32f10x_tim.o(i.TIM_CCxNCmd), (30 bytes).
    Removing stm32f10x_tim.o(i.TIM_ClearOC1Ref), (18 bytes).
    Removing stm32f10x_tim.o(i.TIM_ClearOC2Ref), (24 bytes).
    Removing stm32f10x_tim.o(i.TIM_ClearOC3Ref), (18 bytes).
    Removing stm32f10x_tim.o(i.TIM_ClearOC4Ref), (24 bytes).
    Removing stm32f10x_tim.o(i.TIM_CounterModeConfig), (18 bytes).
    Removing stm32f10x_tim.o(i.TIM_CtrlPWMOutputs), (30 bytes).
    Removing stm32f10x_tim.o(i.TIM_DMACmd), (18 bytes).
    Removing stm32f10x_tim.o(i.TIM_DMAConfig), (10 bytes).
    Removing stm32f10x_tim.o(i.TIM_ETRClockMode1Config), (54 bytes).
    Removing stm32f10x_tim.o(i.TIM_ETRClockMode2Config), (32 bytes).
    Removing stm32f10x_tim.o(i.TIM_ETRConfig), (28 bytes).
    Removing stm32f10x_tim.o(i.TIM_EncoderInterfaceConfig), (66 bytes).
    Removing stm32f10x_tim.o(i.TIM_ForcedOC1Config), (18 bytes).
    Removing stm32f10x_tim.o(i.TIM_ForcedOC2Config), (26 bytes).
    Removing stm32f10x_tim.o(i.TIM_ForcedOC3Config), (18 bytes).
    Removing stm32f10x_tim.o(i.TIM_ForcedOC4Config), (26 bytes).
    Removing stm32f10x_tim.o(i.TIM_GenerateEvent), (4 bytes).
    Removing stm32f10x_tim.o(i.TIM_GetCapture1), (6 bytes).
    Removing stm32f10x_tim.o(i.TIM_GetCapture2), (6 bytes).
    Removing stm32f10x_tim.o(i.TIM_GetCapture3), (6 bytes).
    Removing stm32f10x_tim.o(i.TIM_GetCapture4), (8 bytes).
    Removing stm32f10x_tim.o(i.TIM_GetFlagStatus), (18 bytes).
    Removing stm32f10x_tim.o(i.TIM_GetPrescaler), (6 bytes).
    Removing stm32f10x_tim.o(i.TIM_ICInit), (172 bytes).
    Removing stm32f10x_tim.o(i.TIM_ICStructInit), (18 bytes).
    Removing stm32f10x_tim.o(i.TIM_ITRxExternalClockConfig), (24 bytes).
    Removing stm32f10x_tim.o(i.TIM_InternalClockConfig), (12 bytes).
    Removing stm32f10x_tim.o(i.TIM_OC1FastConfig), (18 bytes).
    Removing stm32f10x_tim.o(i.TIM_OC1NPolarityConfig), (18 bytes).
    Removing stm32f10x_tim.o(i.TIM_OC1PolarityConfig), (18 bytes).
    Removing stm32f10x_tim.o(i.TIM_OC2FastConfig), (26 bytes).
    Removing stm32f10x_tim.o(i.TIM_OC2NPolarityConfig), (26 bytes).
    Removing stm32f10x_tim.o(i.TIM_OC2PolarityConfig), (26 bytes).
    Removing stm32f10x_tim.o(i.TIM_OC3FastConfig), (18 bytes).
    Removing stm32f10x_tim.o(i.TIM_OC3NPolarityConfig), (26 bytes).
    Removing stm32f10x_tim.o(i.TIM_OC3PolarityConfig), (26 bytes).
    Removing stm32f10x_tim.o(i.TIM_OC4FastConfig), (26 bytes).
    Removing stm32f10x_tim.o(i.TIM_OC4Init), (124 bytes).
    Removing stm32f10x_tim.o(i.TIM_OC4PolarityConfig), (26 bytes).
    Removing stm32f10x_tim.o(i.TIM_OC4PreloadConfig), (26 bytes).
    Removing stm32f10x_tim.o(i.TIM_OCStructInit), (20 bytes).
    Removing stm32f10x_tim.o(i.TIM_PWMIConfig), (124 bytes).
    Removing stm32f10x_tim.o(i.TIM_PrescalerConfig), (6 bytes).
    Removing stm32f10x_tim.o(i.TIM_SelectCCDMA), (24 bytes).
    Removing stm32f10x_tim.o(i.TIM_SelectCOM), (24 bytes).
    Removing stm32f10x_tim.o(i.TIM_SelectHallSensor), (24 bytes).
    Removing stm32f10x_tim.o(i.TIM_SelectInputTrigger), (18 bytes).
    Removing stm32f10x_tim.o(i.TIM_SelectMasterSlaveMode), (18 bytes).
    Removing stm32f10x_tim.o(i.TIM_SelectOCxM), (82 bytes).
    Removing stm32f10x_tim.o(i.TIM_SelectOnePulseMode), (18 bytes).
    Removing stm32f10x_tim.o(i.TIM_SelectOutputTrigger), (18 bytes).
    Removing stm32f10x_tim.o(i.TIM_SelectSlaveMode), (18 bytes).
    Removing stm32f10x_tim.o(i.TIM_SetAutoreload), (4 bytes).
    Removing stm32f10x_tim.o(i.TIM_SetClockDivision), (18 bytes).
    Removing stm32f10x_tim.o(i.TIM_SetCompare2), (4 bytes).
    Removing stm32f10x_tim.o(i.TIM_SetCompare4), (6 bytes).
    Removing stm32f10x_tim.o(i.TIM_SetIC1Prescaler), (18 bytes).
    Removing stm32f10x_tim.o(i.TIM_SetIC2Prescaler), (26 bytes).
    Removing stm32f10x_tim.o(i.TIM_SetIC3Prescaler), (18 bytes).
    Removing stm32f10x_tim.o(i.TIM_SetIC4Prescaler), (26 bytes).
    Removing stm32f10x_tim.o(i.TIM_TIxExternalClockConfig), (62 bytes).
    Removing stm32f10x_tim.o(i.TIM_TimeBaseStructInit), (18 bytes).
    Removing stm32f10x_tim.o(i.TIM_UpdateDisableConfig), (24 bytes).
    Removing stm32f10x_tim.o(i.TIM_UpdateRequestConfig), (24 bytes).
    Removing stm32f10x_usart.o(i.USART_ClearFlag), (18 bytes).
    Removing stm32f10x_usart.o(i.USART_ClearITPendingBit), (30 bytes).
    Removing stm32f10x_usart.o(i.USART_ClockInit), (34 bytes).
    Removing stm32f10x_usart.o(i.USART_ClockStructInit), (12 bytes).
    Removing stm32f10x_usart.o(i.USART_DMACmd), (18 bytes).
    Removing stm32f10x_usart.o(i.USART_DeInit), (156 bytes).
    Removing stm32f10x_usart.o(i.USART_HalfDuplexCmd), (24 bytes).
    Removing stm32f10x_usart.o(i.USART_IrDACmd), (24 bytes).
    Removing stm32f10x_usart.o(i.USART_IrDAConfig), (18 bytes).
    Removing stm32f10x_usart.o(i.USART_LINBreakDetectLengthConfig), (18 bytes).
    Removing stm32f10x_usart.o(i.USART_LINCmd), (24 bytes).
    Removing stm32f10x_usart.o(i.USART_OneBitMethodCmd), (24 bytes).
    Removing stm32f10x_usart.o(i.USART_OverSampling8Cmd), (22 bytes).
    Removing stm32f10x_usart.o(i.USART_ReceiverWakeUpCmd), (24 bytes).
    Removing stm32f10x_usart.o(i.USART_SendBreak), (10 bytes).
    Removing stm32f10x_usart.o(i.USART_SetAddress), (18 bytes).
    Removing stm32f10x_usart.o(i.USART_SetGuardTime), (16 bytes).
    Removing stm32f10x_usart.o(i.USART_SetPrescaler), (16 bytes).
    Removing stm32f10x_usart.o(i.USART_SmartCardCmd), (24 bytes).
    Removing stm32f10x_usart.o(i.USART_SmartCardNACKCmd), (24 bytes).
    Removing stm32f10x_usart.o(i.USART_StructInit), (24 bytes).
    Removing stm32f10x_usart.o(i.USART_WakeUpConfig), (18 bytes).
    Removing stm32f10x_wwdg.o(i.WWDG_ClearFlag), (12 bytes).
    Removing stm32f10x_wwdg.o(i.WWDG_DeInit), (22 bytes).
    Removing stm32f10x_wwdg.o(i.WWDG_Enable), (16 bytes).
    Removing stm32f10x_wwdg.o(i.WWDG_EnableIT), (12 bytes).
    Removing stm32f10x_wwdg.o(i.WWDG_GetFlagStatus), (12 bytes).
    Removing stm32f10x_wwdg.o(i.WWDG_SetCounter), (16 bytes).
    Removing stm32f10x_wwdg.o(i.WWDG_SetPrescaler), (24 bytes).
    Removing stm32f10x_wwdg.o(i.WWDG_SetWindowValue), (40 bytes).
    Removing sys.o(.emb_text), (6 bytes).
    Removing sys.o(i.INTX_DISABLE), (4 bytes).
    Removing sys.o(i.INTX_ENABLE), (4 bytes).
    Removing sys.o(i.WFI_SET), (4 bytes).

476 unused section(s) (total 19806 bytes) removed from the image.

==============================================================================

Image Symbol Table

    Local Symbols

    Symbol Name                              Value     Ov Type        Size  Object(Section)

    ../clib/../cmprslib/zerorunl2.c          0x00000000   Number         0  __dczerorl2.o ABSOLUTE
    ../clib/microlib/division.c              0x00000000   Number         0  uidiv.o ABSOLUTE
    ../clib/microlib/division.c              0x00000000   Number         0  uldiv.o ABSOLUTE
    ../clib/microlib/init/entry.s            0x00000000   Number         0  entry10a.o ABSOLUTE
    ../clib/microlib/init/entry.s            0x00000000   Number         0  entry5.o ABSOLUTE
    ../clib/microlib/init/entry.s            0x00000000   Number         0  entry11a.o ABSOLUTE
    ../clib/microlib/init/entry.s            0x00000000   Number         0  entry10b.o ABSOLUTE
    ../clib/microlib/init/entry.s            0x00000000   Number         0  entry9b.o ABSOLUTE
    ../clib/microlib/init/entry.s            0x00000000   Number         0  entry2.o ABSOLUTE
    ../clib/microlib/init/entry.s            0x00000000   Number         0  entry7a.o ABSOLUTE
    ../clib/microlib/init/entry.s            0x00000000   Number         0  entry11b.o ABSOLUTE
    ../clib/microlib/init/entry.s            0x00000000   Number         0  entry.o ABSOLUTE
    ../clib/microlib/init/entry.s            0x00000000   Number         0  entry9a.o ABSOLUTE
    ../clib/microlib/init/entry.s            0x00000000   Number         0  entry7b.o ABSOLUTE
    ../clib/microlib/init/entry.s            0x00000000   Number         0  entry8b.o ABSOLUTE
    ../clib/microlib/init/entry.s            0x00000000   Number         0  entry8a.o ABSOLUTE
    ../clib/microlib/longlong.c              0x00000000   Number         0  llushr.o ABSOLUTE
    ../clib/microlib/longlong.c              0x00000000   Number         0  llsshr.o ABSOLUTE
    ../clib/microlib/longlong.c              0x00000000   Number         0  llshl.o ABSOLUTE
    ../clib/microlib/printf/printf.c         0x00000000   Number         0  printf7.o ABSOLUTE
    ../clib/microlib/printf/printf.c         0x00000000   Number         0  printf8.o ABSOLUTE
    ../clib/microlib/printf/printf.c         0x00000000   Number         0  printf0.o ABSOLUTE
    ../clib/microlib/printf/printf.c         0x00000000   Number         0  printfa.o ABSOLUTE
    ../clib/microlib/printf/printf.c         0x00000000   Number         0  printf1.o ABSOLUTE
    ../clib/microlib/printf/printf.c         0x00000000   Number         0  printfb.o ABSOLUTE
    ../clib/microlib/printf/printf.c         0x00000000   Number         0  printf5.o ABSOLUTE
    ../clib/microlib/printf/printf.c         0x00000000   Number         0  printf4.o ABSOLUTE
    ../clib/microlib/printf/printf.c         0x00000000   Number         0  printf3.o ABSOLUTE
    ../clib/microlib/printf/printf.c         0x00000000   Number         0  printf2.o ABSOLUTE
    ../clib/microlib/printf/printf.c         0x00000000   Number         0  printf6.o ABSOLUTE
    ../clib/microlib/printf/stubs.s          0x00000000   Number         0  stubs.o ABSOLUTE
    ../clib/microlib/stdio/streams.c         0x00000000   Number         0  stdout.o ABSOLUTE
    ../clib/microlib/string/strcmp.c         0x00000000   Number         0  strcmp.o ABSOLUTE
    ../clib/microlib/stubs.s                 0x00000000   Number         0  iusefp.o ABSOLUTE
    ../fplib/microlib/f2d.c                  0x00000000   Number         0  f2d.o ABSOLUTE
    ../fplib/microlib/fpadd.c                0x00000000   Number         0  fadd.o ABSOLUTE
    ../fplib/microlib/fpadd.c                0x00000000   Number         0  dadd.o ABSOLUTE
    ../fplib/microlib/fpdiv.c                0x00000000   Number         0  fdiv.o ABSOLUTE
    ../fplib/microlib/fpdiv.c                0x00000000   Number         0  ddiv.o ABSOLUTE
    ../fplib/microlib/fpepilogue.c           0x00000000   Number         0  fepilogue.o ABSOLUTE
    ../fplib/microlib/fpepilogue.c           0x00000000   Number         0  depilogue.o ABSOLUTE
    ../fplib/microlib/fpfix.c                0x00000000   Number         0  dfixul.o ABSOLUTE
    ../fplib/microlib/fpfix.c                0x00000000   Number         0  dfixui.o ABSOLUTE
    ../fplib/microlib/fpflt.c                0x00000000   Number         0  ffltui.o ABSOLUTE
    ../fplib/microlib/fpmul.c                0x00000000   Number         0  dmul.o ABSOLUTE
    ..\CORE\core_cm3.c                       0x00000000   Number         0  core_cm3.o ABSOLUTE
    ..\CORE\startup_stm32f10x_md.s           0x00000000   Number         0  startup_stm32f10x_md.o ABSOLUTE
    ..\HARDWARE\LED.c                        0x00000000   Number         0  led.o ABSOLUTE
    ..\HARDWARE\OLED\oled.c                  0x00000000   Number         0  oled.o ABSOLUTE
    ..\HARDWARE\commonhead.c                 0x00000000   Number         0  commonhead.o ABSOLUTE
    ..\HARDWARE\control.c                    0x00000000   Number         0  control.o ABSOLUTE
    ..\HARDWARE\dht11.c                      0x00000000   Number         0  dht11.o ABSOLUTE
    ..\HARDWARE\hcsr04.c                     0x00000000   Number         0  hcsr04.o ABSOLUTE
    ..\HARDWARE\hoare.c                      0x00000000   Number         0  hoare.o ABSOLUTE
    ..\HARDWARE\key.c                        0x00000000   Number         0  key.o ABSOLUTE
    ..\HARDWARE\left_control.c               0x00000000   Number         0  left_control.o ABSOLUTE
    ..\HARDWARE\right_control.c              0x00000000   Number         0  right_control.o ABSOLUTE
    ..\HARDWARE\timer1.c                     0x00000000   Number         0  timer1.o ABSOLUTE
    ..\HARDWARE\timer2.c                     0x00000000   Number         0  timer2.o ABSOLUTE
    ..\HARDWARE\timer4.c                     0x00000000   Number         0  timer4.o ABSOLUTE
    ..\HARDWARE\usart1.c                     0x00000000   Number         0  usart1.o ABSOLUTE
    ..\HARDWARE\usart3.c                     0x00000000   Number         0  usart3.o ABSOLUTE
    ..\STM32F10x_FWLib\src\misc.c            0x00000000   Number         0  misc.o ABSOLUTE
    ..\STM32F10x_FWLib\src\stm32f10x_adc.c   0x00000000   Number         0  stm32f10x_adc.o ABSOLUTE
    ..\STM32F10x_FWLib\src\stm32f10x_bkp.c   0x00000000   Number         0  stm32f10x_bkp.o ABSOLUTE
    ..\STM32F10x_FWLib\src\stm32f10x_can.c   0x00000000   Number         0  stm32f10x_can.o ABSOLUTE
    ..\STM32F10x_FWLib\src\stm32f10x_cec.c   0x00000000   Number         0  stm32f10x_cec.o ABSOLUTE
    ..\STM32F10x_FWLib\src\stm32f10x_crc.c   0x00000000   Number         0  stm32f10x_crc.o ABSOLUTE
    ..\STM32F10x_FWLib\src\stm32f10x_dac.c   0x00000000   Number         0  stm32f10x_dac.o ABSOLUTE
    ..\STM32F10x_FWLib\src\stm32f10x_dbgmcu.c 0x00000000   Number         0  stm32f10x_dbgmcu.o ABSOLUTE
    ..\STM32F10x_FWLib\src\stm32f10x_dma.c   0x00000000   Number         0  stm32f10x_dma.o ABSOLUTE
    ..\STM32F10x_FWLib\src\stm32f10x_exti.c  0x00000000   Number         0  stm32f10x_exti.o ABSOLUTE
    ..\STM32F10x_FWLib\src\stm32f10x_flash.c 0x00000000   Number         0  stm32f10x_flash.o ABSOLUTE
    ..\STM32F10x_FWLib\src\stm32f10x_fsmc.c  0x00000000   Number         0  stm32f10x_fsmc.o ABSOLUTE
    ..\STM32F10x_FWLib\src\stm32f10x_gpio.c  0x00000000   Number         0  stm32f10x_gpio.o ABSOLUTE
    ..\STM32F10x_FWLib\src\stm32f10x_i2c.c   0x00000000   Number         0  stm32f10x_i2c.o ABSOLUTE
    ..\STM32F10x_FWLib\src\stm32f10x_iwdg.c  0x00000000   Number         0  stm32f10x_iwdg.o ABSOLUTE
    ..\STM32F10x_FWLib\src\stm32f10x_pwr.c   0x00000000   Number         0  stm32f10x_pwr.o ABSOLUTE
    ..\STM32F10x_FWLib\src\stm32f10x_rcc.c   0x00000000   Number         0  stm32f10x_rcc.o ABSOLUTE
    ..\STM32F10x_FWLib\src\stm32f10x_rtc.c   0x00000000   Number         0  stm32f10x_rtc.o ABSOLUTE
    ..\STM32F10x_FWLib\src\stm32f10x_sdio.c  0x00000000   Number         0  stm32f10x_sdio.o ABSOLUTE
    ..\STM32F10x_FWLib\src\stm32f10x_spi.c   0x00000000   Number         0  stm32f10x_spi.o ABSOLUTE
    ..\STM32F10x_FWLib\src\stm32f10x_tim.c   0x00000000   Number         0  stm32f10x_tim.o ABSOLUTE
    ..\STM32F10x_FWLib\src\stm32f10x_usart.c 0x00000000   Number         0  stm32f10x_usart.o ABSOLUTE
    ..\STM32F10x_FWLib\src\stm32f10x_wwdg.c  0x00000000   Number         0  stm32f10x_wwdg.o ABSOLUTE
    ..\SYSTEM\delay\delay.c                  0x00000000   Number         0  delay.o ABSOLUTE
    ..\SYSTEM\sys\sys.c                      0x00000000   Number         0  sys.o ABSOLUTE
    ..\\CORE\\core_cm3.c                     0x00000000   Number         0  core_cm3.o ABSOLUTE
    ..\\SYSTEM\\sys\\sys.c                   0x00000000   Number         0  sys.o ABSOLUTE
    cdrcmple.s                               0x00000000   Number         0  cdrcmple.o ABSOLUTE
    dc.s                                     0x00000000   Number         0  dc.o ABSOLUTE
    handlers.s                               0x00000000   Number         0  handlers.o ABSOLUTE
    init.s                                   0x00000000   Number         0  init.o ABSOLUTE
    main.c                                   0x00000000   Number         0  main.o ABSOLUTE
    stm32f10x_it.c                           0x00000000   Number         0  stm32f10x_it.o ABSOLUTE
    system_stm32f10x.c                       0x00000000   Number         0  system_stm32f10x.o ABSOLUTE
    RESET                                    0x08000000   Section      236  startup_stm32f10x_md.o(RESET)
    .ARM.Collect$$$$00000000                 0x080000ec   Section        0  entry.o(.ARM.Collect$$$$00000000)
    .ARM.Collect$$$$00000001                 0x080000ec   Section        4  entry2.o(.ARM.Collect$$$$00000001)
    .ARM.Collect$$$$00000004                 0x080000f0   Section        4  entry5.o(.ARM.Collect$$$$00000004)
    .ARM.Collect$$$$00000008                 0x080000f4   Section        0  entry7b.o(.ARM.Collect$$$$00000008)
    .ARM.Collect$$$$0000000A                 0x080000f4   Section        0  entry8b.o(.ARM.Collect$$$$0000000A)
    .ARM.Collect$$$$0000000B                 0x080000f4   Section        8  entry9a.o(.ARM.Collect$$$$0000000B)
    .ARM.Collect$$$$0000000D                 0x080000fc   Section        0  entry10a.o(.ARM.Collect$$$$0000000D)
    .ARM.Collect$$$$0000000F                 0x080000fc   Section        0  entry11a.o(.ARM.Collect$$$$0000000F)
    .ARM.Collect$$$$00002712                 0x080000fc   Section        4  entry2.o(.ARM.Collect$$$$00002712)
    __lit__00000000                          0x080000fc   Data           4  entry2.o(.ARM.Collect$$$$00002712)
    .text                                    0x08000100   Section       36  startup_stm32f10x_md.o(.text)
    .text                                    0x08000124   Section        0  strcmp.o(.text)
    .text                                    0x08000140   Section        0  fadd.o(.text)
    .text                                    0x080001f0   Section        0  fdiv.o(.text)
    .text                                    0x0800026c   Section        0  ddiv.o(.text)
    .text                                    0x0800034a   Section        0  ffltui.o(.text)
    .text                                    0x08000354   Section        0  dfixui.o(.text)
    .text                                    0x08000386   Section        0  f2d.o(.text)
    .text                                    0x080003ac   Section        0  uidiv.o(.text)
    .text                                    0x080003d8   Section        0  uldiv.o(.text)
    .text                                    0x0800043a   Section        0  llushr.o(.text)
    .text                                    0x0800045a   Section        0  iusefp.o(.text)
    .text                                    0x0800045a   Section        0  fepilogue.o(.text)
    .text                                    0x080004c8   Section        0  depilogue.o(.text)
    .text                                    0x08000582   Section        0  dadd.o(.text)
    .text                                    0x080006d0   Section        0  dmul.o(.text)
    .text                                    0x080007b4   Section        0  dfixul.o(.text)
    .text                                    0x080007e4   Section       48  cdrcmple.o(.text)
    .text                                    0x08000814   Section       36  init.o(.text)
    .text                                    0x08000838   Section        0  llshl.o(.text)
    .text                                    0x08000856   Section        0  llsshr.o(.text)
    .text                                    0x0800087a   Section        0  __dczerorl2.o(.text)
    i.Back                                   0x080008d0   Section        0  control.o(i.Back)
    i.BusFault_Handler                       0x080008e4   Section        0  stm32f10x_it.o(i.BusFault_Handler)
    i.CloseTimerForHc                        0x080008e8   Section        0  hcsr04.o(i.CloseTimerForHc)
    CloseTimerForHc                          0x080008e9   Thumb Code    12  hcsr04.o(i.CloseTimerForHc)
    i.DHT11_Check                            0x080008f8   Section        0  dht11.o(i.DHT11_Check)
    DHT11_Check                              0x080008f9   Thumb Code    82  dht11.o(i.DHT11_Check)
    i.DHT11_Init                             0x08000950   Section        0  dht11.o(i.DHT11_Init)
    i.DHT11_Read_Bit                         0x08000980   Section        0  dht11.o(i.DHT11_Read_Bit)
    DHT11_Read_Bit                           0x08000981   Thumb Code    82  dht11.o(i.DHT11_Read_Bit)
    i.DHT11_Read_Byte                        0x080009d8   Section        0  dht11.o(i.DHT11_Read_Byte)
    DHT11_Read_Byte                          0x080009d9   Thumb Code    30  dht11.o(i.DHT11_Read_Byte)
    i.DHT11_Read_Data                        0x080009f6   Section        0  dht11.o(i.DHT11_Read_Data)
    i.DHT11_Rst                              0x08000a50   Section        0  dht11.o(i.DHT11_Rst)
    DHT11_Rst                                0x08000a51   Thumb Code    44  dht11.o(i.DHT11_Rst)
    i.DebugMon_Handler                       0x08000a80   Section        0  stm32f10x_it.o(i.DebugMon_Handler)
    i.GPIO_Init                              0x08000a82   Section        0  stm32f10x_gpio.o(i.GPIO_Init)
    i.GPIO_ReadInputDataBit                  0x08000b98   Section        0  stm32f10x_gpio.o(i.GPIO_ReadInputDataBit)
    i.GPIO_ResetBits                         0x08000baa   Section        0  stm32f10x_gpio.o(i.GPIO_ResetBits)
    i.GPIO_SETIN                             0x08000bb0   Section        0  dht11.o(i.GPIO_SETIN)
    GPIO_SETIN                               0x08000bb1   Thumb Code    16  dht11.o(i.GPIO_SETIN)
    i.GPIO_SETOUT                            0x08000bc8   Section        0  dht11.o(i.GPIO_SETOUT)
    GPIO_SETOUT                              0x08000bc9   Thumb Code    16  dht11.o(i.GPIO_SETOUT)
    i.GPIO_SetBits                           0x08000be0   Section        0  stm32f10x_gpio.o(i.GPIO_SetBits)
    i.GetEchoTimer                           0x08000be4   Section        0  hcsr04.o(i.GetEchoTimer)
    i.Go                                     0x08000c18   Section        0  control.o(i.Go)
    i.HardFault_Handler                      0x08000c2c   Section        0  stm32f10x_it.o(i.HardFault_Handler)
    i.Hcsr04GetLength                        0x08000c30   Section        0  hcsr04.o(i.Hcsr04GetLength)
    i.Hcsr04Init                             0x08000d1c   Section        0  hcsr04.o(i.Hcsr04Init)
    i.I2C_Start                              0x08000dc0   Section        0  oled.o(i.I2C_Start)
    i.I2C_Stop                               0x08000de8   Section        0  oled.o(i.I2C_Stop)
    i.I2C_WaitAck                            0x08000e08   Section        0  oled.o(i.I2C_WaitAck)
    i.KEY_Init                               0x08000e20   Section        0  key.o(i.KEY_Init)
    i.LED_Init                               0x08000e5c   Section        0  led.o(i.LED_Init)
    i.Left_dianji_fanzhuan                   0x08000e94   Section        0  left_control.o(i.Left_dianji_fanzhuan)
    i.Left_dianji_zhenzhuan                  0x08000ebc   Section        0  left_control.o(i.Left_dianji_zhenzhuan)
    i.MemManage_Handler                      0x08000ee4   Section        0  stm32f10x_it.o(i.MemManage_Handler)
    i.NMI_Handler                            0x08000ee8   Section        0  stm32f10x_it.o(i.NMI_Handler)
    i.NVIC_Configurationusart3               0x08000eea   Section        0  usart3.o(i.NVIC_Configurationusart3)
    i.NVIC_Init                              0x08000f10   Section        0  misc.o(i.NVIC_Init)
    i.NVIC_PriorityGroupConfig               0x08000f80   Section        0  misc.o(i.NVIC_PriorityGroupConfig)
    i.OLED_Clear                             0x08000f94   Section        0  oled.o(i.OLED_Clear)
    i.OLED_ClearPoint                        0x08000fc4   Section        0  oled.o(i.OLED_ClearPoint)
    i.OLED_DrawPoint                         0x08001024   Section        0  oled.o(i.OLED_DrawPoint)
    i.OLED_Pow                               0x08001060   Section        0  oled.o(i.OLED_Pow)
    i.OLED_Refresh                           0x08001078   Section        0  oled.o(i.OLED_Refresh)
    i.OLED_ShowChar                          0x080010c4   Section        0  oled.o(i.OLED_ShowChar)
    i.OLED_ShowChinese                       0x080011c0   Section        0  oled.o(i.OLED_ShowChinese)
    i.OLED_ShowNum                           0x080012c8   Section        0  oled.o(i.OLED_ShowNum)
    i.OLED_WR_Byte                           0x0800133c   Section        0  oled.o(i.OLED_WR_Byte)
    i.OpenTimerForHc                         0x08001374   Section        0  hcsr04.o(i.OpenTimerForHc)
    OpenTimerForHc                           0x08001375   Thumb Code    26  hcsr04.o(i.OpenTimerForHc)
    i.PendSV_Handler                         0x08001398   Section        0  stm32f10x_it.o(i.PendSV_Handler)
    i.RCC_APB1PeriphClockCmd                 0x0800139c   Section        0  stm32f10x_rcc.o(i.RCC_APB1PeriphClockCmd)
    i.RCC_APB1PeriphResetCmd                 0x080013bc   Section        0  stm32f10x_rcc.o(i.RCC_APB1PeriphResetCmd)
    i.RCC_APB2PeriphClockCmd                 0x080013dc   Section        0  stm32f10x_rcc.o(i.RCC_APB2PeriphClockCmd)
    i.RCC_APB2PeriphResetCmd                 0x080013fc   Section        0  stm32f10x_rcc.o(i.RCC_APB2PeriphResetCmd)
    i.RCC_GetClocksFreq                      0x0800141c   Section        0  stm32f10x_rcc.o(i.RCC_GetClocksFreq)
    i.Right_dianji_fanzhuan                  0x080014f0   Section        0  right_control.o(i.Right_dianji_fanzhuan)
    i.Right_dianji_zhenzhuan                 0x08001514   Section        0  right_control.o(i.Right_dianji_zhenzhuan)
    i.SVC_Handler                            0x08001538   Section        0  stm32f10x_it.o(i.SVC_Handler)
    i.Scan_KAY                               0x0800153c   Section        0  key.o(i.Scan_KAY)
    i.Send_Byte                              0x08001604   Section        0  oled.o(i.Send_Byte)
    i.SetSysClock                            0x08001650   Section        0  system_stm32f10x.o(i.SetSysClock)
    SetSysClock                              0x08001651   Thumb Code     8  system_stm32f10x.o(i.SetSysClock)
    i.SetSysClockTo72                        0x08001658   Section        0  system_stm32f10x.o(i.SetSysClockTo72)
    SetSysClockTo72                          0x08001659   Thumb Code   214  system_stm32f10x.o(i.SetSysClockTo72)
    i.SysTick_CLKSourceConfig                0x08001738   Section        0  misc.o(i.SysTick_CLKSourceConfig)
    i.SysTick_Handler                        0x08001760   Section        0  stm32f10x_it.o(i.SysTick_Handler)
    i.SystemInit                             0x08001764   Section        0  system_stm32f10x.o(i.SystemInit)
    i.TIM1_Int_Init                          0x080017c4   Section        0  timer1.o(i.TIM1_Int_Init)
    i.TIM1_UP_IRQHandler                     0x08001824   Section        0  timer1.o(i.TIM1_UP_IRQHandler)
    i.TIM2_IRQHandler                        0x08001858   Section        0  timer2.o(i.TIM2_IRQHandler)
    i.TIM2_PWM_Init                          0x08001870   Section        0  timer2.o(i.TIM2_PWM_Init)
    i.TIM3_IRQHandler                        0x08001918   Section        0  hcsr04.o(i.TIM3_IRQHandler)
    i.TIM4_PWM_Init                          0x08001940   Section        0  timer4.o(i.TIM4_PWM_Init)
    i.TIM_ARRPreloadConfig                   0x080019ec   Section        0  stm32f10x_tim.o(i.TIM_ARRPreloadConfig)
    i.TIM_ClearFlag                          0x08001a04   Section        0  stm32f10x_tim.o(i.TIM_ClearFlag)
    i.TIM_ClearITPendingBit                  0x08001a0a   Section        0  stm32f10x_tim.o(i.TIM_ClearITPendingBit)
    i.TIM_Cmd                                0x08001a10   Section        0  stm32f10x_tim.o(i.TIM_Cmd)
    i.TIM_DeInit                             0x08001a28   Section        0  stm32f10x_tim.o(i.TIM_DeInit)
    i.TIM_GetCounter                         0x08001c10   Section        0  stm32f10x_tim.o(i.TIM_GetCounter)
    i.TIM_GetITStatus                        0x08001c16   Section        0  stm32f10x_tim.o(i.TIM_GetITStatus)
    i.TIM_ITConfig                           0x08001c38   Section        0  stm32f10x_tim.o(i.TIM_ITConfig)
    i.TIM_OC1Init                            0x08001c4c   Section        0  stm32f10x_tim.o(i.TIM_OC1Init)
    i.TIM_OC1PreloadConfig                   0x08001ce4   Section        0  stm32f10x_tim.o(i.TIM_OC1PreloadConfig)
    i.TIM_OC2Init                            0x08001cf8   Section        0  stm32f10x_tim.o(i.TIM_OC2Init)
    i.TIM_OC2PreloadConfig                   0x08001d9c   Section        0  stm32f10x_tim.o(i.TIM_OC2PreloadConfig)
    i.TIM_OC3Init                            0x08001db8   Section        0  stm32f10x_tim.o(i.TIM_OC3Init)
    i.TIM_OC3PreloadConfig                   0x08001e58   Section        0  stm32f10x_tim.o(i.TIM_OC3PreloadConfig)
    i.TIM_SetCompare1                        0x08001e6a   Section        0  stm32f10x_tim.o(i.TIM_SetCompare1)
    i.TIM_SetCompare3                        0x08001e6e   Section        0  stm32f10x_tim.o(i.TIM_SetCompare3)
    i.TIM_SetCounter                         0x08001e72   Section        0  stm32f10x_tim.o(i.TIM_SetCounter)
    i.TIM_TimeBaseInit                       0x08001e78   Section        0  stm32f10x_tim.o(i.TIM_TimeBaseInit)
    i.TurnL1                                 0x08001f1c   Section        0  control.o(i.TurnL1)
    i.TurnR1                                 0x08001f30   Section        0  control.o(i.TurnR1)
    i.UART3_Send_Char                        0x08001f44   Section        0  usart3.o(i.UART3_Send_Char)
    i.USART1_Config                          0x08001f5c   Section        0  usart1.o(i.USART1_Config)
    i.USART3_Config                          0x08001fd8   Section        0  usart3.o(i.USART3_Config)
    i.USART3_IRQHandler                      0x08002068   Section        0  usart3.o(i.USART3_IRQHandler)
    i.USART3_Send_Byte                       0x080023d4   Section        0  usart3.o(i.USART3_Send_Byte)
    i.USART_Cmd                              0x080023f4   Section        0  stm32f10x_usart.o(i.USART_Cmd)
    i.USART_GetFlagStatus                    0x0800240c   Section        0  stm32f10x_usart.o(i.USART_GetFlagStatus)
    i.USART_GetITStatus                      0x08002426   Section        0  stm32f10x_usart.o(i.USART_GetITStatus)
    i.USART_ITConfig                         0x0800247a   Section        0  stm32f10x_usart.o(i.USART_ITConfig)
    i.USART_Init                             0x080024c4   Section        0  stm32f10x_usart.o(i.USART_Init)
    i.USART_ReceiveData                      0x0800259c   Section        0  stm32f10x_usart.o(i.USART_ReceiveData)
    i.USART_SendData                         0x080025a6   Section        0  stm32f10x_usart.o(i.USART_SendData)
    i.UsageFault_Handler                     0x080025ae   Section        0  stm32f10x_it.o(i.UsageFault_Handler)
    i.__0printf                              0x080025b4   Section        0  printfa.o(i.__0printf)
    i.__0sprintf                             0x080025d4   Section        0  printfa.o(i.__0sprintf)
    i.__scatterload_copy                     0x080025fc   Section       14  handlers.o(i.__scatterload_copy)
    i.__scatterload_null                     0x0800260a   Section        2  handlers.o(i.__scatterload_null)
    i.__scatterload_zeroinit                 0x0800260c   Section       14  handlers.o(i.__scatterload_zeroinit)
    i._fp_digits                             0x0800261c   Section        0  printfa.o(i._fp_digits)
    _fp_digits                               0x0800261d   Thumb Code   366  printfa.o(i._fp_digits)
    i._printf_core                           0x080027a0   Section        0  printfa.o(i._printf_core)
    _printf_core                             0x080027a1   Thumb Code  1744  printfa.o(i._printf_core)
    i._printf_post_padding                   0x08002e7c   Section        0  printfa.o(i._printf_post_padding)
    _printf_post_padding                     0x08002e7d   Thumb Code    36  printfa.o(i._printf_post_padding)
    i._printf_pre_padding                    0x08002ea0   Section        0  printfa.o(i._printf_pre_padding)
    _printf_pre_padding                      0x08002ea1   Thumb Code    46  printfa.o(i._printf_pre_padding)
    i._sputc                                 0x08002ece   Section        0  printfa.o(i._sputc)
    _sputc                                   0x08002ecf   Thumb Code    10  printfa.o(i._sputc)
    i.delay_init                             0x08002ed8   Section        0  delay.o(i.delay_init)
    i.delay_ms                               0x08002f1c   Section        0  delay.o(i.delay_ms)
    i.delay_us                               0x08002f68   Section        0  delay.o(i.delay_us)
    i.fputc                                  0x08002fb4   Section        0  usart1.o(i.fputc)
    i.hcsr04_NVIC                            0x08002fd8   Section        0  hcsr04.o(i.hcsr04_NVIC)
    i.main                                   0x08003000   Section        0  main.o(i.main)
    .constdata                               0x0800314c   Section     6080  oled.o(.constdata)
    .data                                    0x20000000   Section       26  main.o(.data)
    .data                                    0x2000001c   Section       20  system_stm32f10x.o(.data)
    .data                                    0x20000030   Section        1  commonhead.o(.data)
    .data                                    0x20000031   Section        2  usart3.o(.data)
    .data                                    0x20000033   Section     5624  oled.o(.data)
    .data                                    0x2000162c   Section        2  hcsr04.o(.data)
    .data                                    0x2000162e   Section        4  dht11.o(.data)
    .data                                    0x20001632   Section       20  stm32f10x_rcc.o(.data)
    APBAHBPrescTable                         0x20001632   Data          16  stm32f10x_rcc.o(.data)
    ADCPrescTable                            0x20001642   Data           4  stm32f10x_rcc.o(.data)
    .data                                    0x20001646   Section        4  delay.o(.data)
    fac_us                                   0x20001646   Data           1  delay.o(.data)
    fac_ms                                   0x20001648   Data           2  delay.o(.data)
    .data                                    0x2000164c   Section        4  stdout.o(.data)
    .bss                                     0x20001650   Section       50  main.o(.bss)
    .bss                                     0x20001682   Section      200  usart3.o(.bss)
    .bss                                     0x2000174a   Section     1152  oled.o(.bss)
    STACK                                    0x20001bd0   Section     1024  startup_stm32f10x_md.o(STACK)

    Global Symbols

    Symbol Name                              Value     Ov Type        Size  Object(Section)

    BuildAttributes$$THM_ISAv4$P$D$K$B$S$PE$A:L22UL41UL21$X:L11$S22US41US21$IEEE1$IW$USESV6$~STKCKD$USESV7$~SHL$OTIME$ROPI$EBA8$MICROLIB$REQ8$PRES8$EABIv2 0x00000000   Number         0  anon$$obj.o ABSOLUTE
    __ARM_use_no_argv                        0x00000000   Number         0  main.o ABSOLUTE
    _printf_a                                0x00000000   Number         0  stubs.o ABSOLUTE
    _printf_c                                0x00000000   Number         0  stubs.o ABSOLUTE
    _printf_charcount                        0x00000000   Number         0  stubs.o ABSOLUTE
    _printf_d                                0x00000000   Number         0  stubs.o ABSOLUTE
    _printf_e                                0x00000000   Number         0  stubs.o ABSOLUTE
    _printf_f                                0x00000000   Number         0  stubs.o ABSOLUTE
    _printf_flags                            0x00000000   Number         0  stubs.o ABSOLUTE
    _printf_fp_dec                           0x00000000   Number         0  stubs.o ABSOLUTE
    _printf_fp_hex                           0x00000000   Number         0  stubs.o ABSOLUTE
    _printf_g                                0x00000000   Number         0  stubs.o ABSOLUTE
    _printf_i                                0x00000000   Number         0  stubs.o ABSOLUTE
    _printf_int_dec                          0x00000000   Number         0  stubs.o ABSOLUTE
    _printf_l                                0x00000000   Number         0  stubs.o ABSOLUTE
    _printf_lc                               0x00000000   Number         0  stubs.o ABSOLUTE
    _printf_ll                               0x00000000   Number         0  stubs.o ABSOLUTE
    _printf_lld                              0x00000000   Number         0  stubs.o ABSOLUTE
    _printf_lli                              0x00000000   Number         0  stubs.o ABSOLUTE
    _printf_llo                              0x00000000   Number         0  stubs.o ABSOLUTE
    _printf_llu                              0x00000000   Number         0  stubs.o ABSOLUTE
    _printf_llx                              0x00000000   Number         0  stubs.o ABSOLUTE
    _printf_longlong_dec                     0x00000000   Number         0  stubs.o ABSOLUTE
    _printf_longlong_hex                     0x00000000   Number         0  stubs.o ABSOLUTE
    _printf_longlong_oct                     0x00000000   Number         0  stubs.o ABSOLUTE
    _printf_ls                               0x00000000   Number         0  stubs.o ABSOLUTE
    _printf_mbtowc                           0x00000000   Number         0  stubs.o ABSOLUTE
    _printf_n                                0x00000000   Number         0  stubs.o ABSOLUTE
    _printf_o                                0x00000000   Number         0  stubs.o ABSOLUTE
    _printf_p                                0x00000000   Number         0  stubs.o ABSOLUTE
    _printf_percent                          0x00000000   Number         0  stubs.o ABSOLUTE
    _printf_pre_padding                      0x00000000   Number         0  stubs.o ABSOLUTE
    _printf_return_value                     0x00000000   Number         0  stubs.o ABSOLUTE
    _printf_s                                0x00000000   Number         0  stubs.o ABSOLUTE
    _printf_sizespec                         0x00000000   Number         0  stubs.o ABSOLUTE
    _printf_str                              0x00000000   Number         0  stubs.o ABSOLUTE
    _printf_truncate_signed                  0x00000000   Number         0  stubs.o ABSOLUTE
    _printf_truncate_unsigned                0x00000000   Number         0  stubs.o ABSOLUTE
    _printf_u                                0x00000000   Number         0  stubs.o ABSOLUTE
    _printf_wc                               0x00000000   Number         0  stubs.o ABSOLUTE
    _printf_wctomb                           0x00000000   Number         0  stubs.o ABSOLUTE
    _printf_widthprec                        0x00000000   Number         0  stubs.o ABSOLUTE
    _printf_x                                0x00000000   Number         0  stubs.o ABSOLUTE
    __cpp_initialize__aeabi_                  - Undefined Weak Reference
    __cxa_finalize                            - Undefined Weak Reference
    _clock_init                               - Undefined Weak Reference
    _microlib_exit                            - Undefined Weak Reference
    __Vectors_Size                           0x000000ec   Number         0  startup_stm32f10x_md.o ABSOLUTE
    __Vectors                                0x08000000   Data           4  startup_stm32f10x_md.o(RESET)
    __Vectors_End                            0x080000ec   Data           0  startup_stm32f10x_md.o(RESET)
    __main                                   0x080000ed   Thumb Code     0  entry.o(.ARM.Collect$$$$00000000)
    _main_stk                                0x080000ed   Thumb Code     0  entry2.o(.ARM.Collect$$$$00000001)
    _main_scatterload                        0x080000f1   Thumb Code     0  entry5.o(.ARM.Collect$$$$00000004)
    __main_after_scatterload                 0x080000f5   Thumb Code     0  entry5.o(.ARM.Collect$$$$00000004)
    _main_clock                              0x080000f5   Thumb Code     0  entry7b.o(.ARM.Collect$$$$00000008)
    _main_cpp_init                           0x080000f5   Thumb Code     0  entry8b.o(.ARM.Collect$$$$0000000A)
    _main_init                               0x080000f5   Thumb Code     0  entry9a.o(.ARM.Collect$$$$0000000B)
    __rt_final_cpp                           0x080000fd   Thumb Code     0  entry10a.o(.ARM.Collect$$$$0000000D)
    __rt_final_exit                          0x080000fd   Thumb Code     0  entry11a.o(.ARM.Collect$$$$0000000F)
    Reset_Handler                            0x08000101   Thumb Code     8  startup_stm32f10x_md.o(.text)
    ADC1_2_IRQHandler                        0x0800011b   Thumb Code     0  startup_stm32f10x_md.o(.text)
    CAN1_RX1_IRQHandler                      0x0800011b   Thumb Code     0  startup_stm32f10x_md.o(.text)
    CAN1_SCE_IRQHandler                      0x0800011b   Thumb Code     0  startup_stm32f10x_md.o(.text)
    DMA1_Channel1_IRQHandler                 0x0800011b   Thumb Code     0  startup_stm32f10x_md.o(.text)
    DMA1_Channel2_IRQHandler                 0x0800011b   Thumb Code     0  startup_stm32f10x_md.o(.text)
    DMA1_Channel3_IRQHandler                 0x0800011b   Thumb Code     0  startup_stm32f10x_md.o(.text)
    DMA1_Channel4_IRQHandler                 0x0800011b   Thumb Code     0  startup_stm32f10x_md.o(.text)
    DMA1_Channel5_IRQHandler                 0x0800011b   Thumb Code     0  startup_stm32f10x_md.o(.text)
    DMA1_Channel6_IRQHandler                 0x0800011b   Thumb Code     0  startup_stm32f10x_md.o(.text)
    DMA1_Channel7_IRQHandler                 0x0800011b   Thumb Code     0  startup_stm32f10x_md.o(.text)
    EXTI0_IRQHandler                         0x0800011b   Thumb Code     0  startup_stm32f10x_md.o(.text)
    EXTI15_10_IRQHandler                     0x0800011b   Thumb Code     0  startup_stm32f10x_md.o(.text)
    EXTI1_IRQHandler                         0x0800011b   Thumb Code     0  startup_stm32f10x_md.o(.text)
    EXTI2_IRQHandler                         0x0800011b   Thumb Code     0  startup_stm32f10x_md.o(.text)
    EXTI3_IRQHandler                         0x0800011b   Thumb Code     0  startup_stm32f10x_md.o(.text)
    EXTI4_IRQHandler                         0x0800011b   Thumb Code     0  startup_stm32f10x_md.o(.text)
    EXTI9_5_IRQHandler                       0x0800011b   Thumb Code     0  startup_stm32f10x_md.o(.text)
    FLASH_IRQHandler                         0x0800011b   Thumb Code     0  startup_stm32f10x_md.o(.text)
    I2C1_ER_IRQHandler                       0x0800011b   Thumb Code     0  startup_stm32f10x_md.o(.text)
    I2C1_EV_IRQHandler                       0x0800011b   Thumb Code     0  startup_stm32f10x_md.o(.text)
    I2C2_ER_IRQHandler                       0x0800011b   Thumb Code     0  startup_stm32f10x_md.o(.text)
    I2C2_EV_IRQHandler                       0x0800011b   Thumb Code     0  startup_stm32f10x_md.o(.text)
    PVD_IRQHandler                           0x0800011b   Thumb Code     0  startup_stm32f10x_md.o(.text)
    RCC_IRQHandler                           0x0800011b   Thumb Code     0  startup_stm32f10x_md.o(.text)
    RTCAlarm_IRQHandler                      0x0800011b   Thumb Code     0  startup_stm32f10x_md.o(.text)
    RTC_IRQHandler                           0x0800011b   Thumb Code     0  startup_stm32f10x_md.o(.text)
    SPI1_IRQHandler                          0x0800011b   Thumb Code     0  startup_stm32f10x_md.o(.text)
    SPI2_IRQHandler                          0x0800011b   Thumb Code     0  startup_stm32f10x_md.o(.text)
    TAMPER_IRQHandler                        0x0800011b   Thumb Code     0  startup_stm32f10x_md.o(.text)
    TIM1_BRK_IRQHandler                      0x0800011b   Thumb Code     0  startup_stm32f10x_md.o(.text)
    TIM1_CC_IRQHandler                       0x0800011b   Thumb Code     0  startup_stm32f10x_md.o(.text)
    TIM1_TRG_COM_IRQHandler                  0x0800011b   Thumb Code     0  startup_stm32f10x_md.o(.text)
    TIM4_IRQHandler                          0x0800011b   Thumb Code     0  startup_stm32f10x_md.o(.text)
    USART1_IRQHandler                        0x0800011b   Thumb Code     0  startup_stm32f10x_md.o(.text)
    USART2_IRQHandler                        0x0800011b   Thumb Code     0  startup_stm32f10x_md.o(.text)
    USBWakeUp_IRQHandler                     0x0800011b   Thumb Code     0  startup_stm32f10x_md.o(.text)
    USB_HP_CAN1_TX_IRQHandler                0x0800011b   Thumb Code     0  startup_stm32f10x_md.o(.text)
    USB_LP_CAN1_RX0_IRQHandler               0x0800011b   Thumb Code     0  startup_stm32f10x_md.o(.text)
    WWDG_IRQHandler                          0x0800011b   Thumb Code     0  startup_stm32f10x_md.o(.text)
    strcmp                                   0x08000125   Thumb Code    28  strcmp.o(.text)
    __aeabi_fadd                             0x08000141   Thumb Code   164  fadd.o(.text)
    __aeabi_fsub                             0x080001e5   Thumb Code     6  fadd.o(.text)
    __aeabi_frsub                            0x080001eb   Thumb Code     6  fadd.o(.text)
    __aeabi_fdiv                             0x080001f1   Thumb Code   124  fdiv.o(.text)
    __aeabi_ddiv                             0x0800026d   Thumb Code   222  ddiv.o(.text)
    __aeabi_ui2f                             0x0800034b   Thumb Code    10  ffltui.o(.text)
    __aeabi_d2uiz                            0x08000355   Thumb Code    50  dfixui.o(.text)
    __aeabi_f2d                              0x08000387   Thumb Code    38  f2d.o(.text)
    __aeabi_uidiv                            0x080003ad   Thumb Code     0  uidiv.o(.text)
    __aeabi_uidivmod                         0x080003ad   Thumb Code    44  uidiv.o(.text)
    __aeabi_uldivmod                         0x080003d9   Thumb Code    98  uldiv.o(.text)
    __aeabi_llsr                             0x0800043b   Thumb Code    32  llushr.o(.text)
    _ll_ushift_r                             0x0800043b   Thumb Code     0  llushr.o(.text)
    __I$use$fp                               0x0800045b   Thumb Code     0  iusefp.o(.text)
    _float_round                             0x0800045b   Thumb Code    18  fepilogue.o(.text)
    _float_epilogue                          0x0800046d   Thumb Code    92  fepilogue.o(.text)
    _double_round                            0x080004c9   Thumb Code    30  depilogue.o(.text)
    _double_epilogue                         0x080004e7   Thumb Code   156  depilogue.o(.text)
    __aeabi_dadd                             0x08000583   Thumb Code   322  dadd.o(.text)
    __aeabi_dsub                             0x080006c5   Thumb Code     6  dadd.o(.text)
    __aeabi_drsub                            0x080006cb   Thumb Code     6  dadd.o(.text)
    __aeabi_dmul                             0x080006d1   Thumb Code   228  dmul.o(.text)
    __aeabi_d2ulz                            0x080007b5   Thumb Code    48  dfixul.o(.text)
    __aeabi_cdrcmple                         0x080007e5   Thumb Code    48  cdrcmple.o(.text)
    __scatterload                            0x08000815   Thumb Code    28  init.o(.text)
    __scatterload_rt2                        0x08000815   Thumb Code     0  init.o(.text)
    __aeabi_llsl                             0x08000839   Thumb Code    30  llshl.o(.text)
    _ll_shift_l                              0x08000839   Thumb Code     0  llshl.o(.text)
    __aeabi_lasr                             0x08000857   Thumb Code    36  llsshr.o(.text)
    _ll_sshift_r                             0x08000857   Thumb Code     0  llsshr.o(.text)
    __decompress                             0x0800087b   Thumb Code     0  __dczerorl2.o(.text)
    __decompress1                            0x0800087b   Thumb Code    86  __dczerorl2.o(.text)
    Back                                     0x080008d1   Thumb Code    20  control.o(i.Back)
    BusFault_Handler                         0x080008e5   Thumb Code     4  stm32f10x_it.o(i.BusFault_Handler)
    DHT11_Init                               0x08000951   Thumb Code    40  dht11.o(i.DHT11_Init)
    DHT11_Read_Data                          0x080009f7   Thumb Code    90  dht11.o(i.DHT11_Read_Data)
    DebugMon_Handler                         0x08000a81   Thumb Code     2  stm32f10x_it.o(i.DebugMon_Handler)
    GPIO_Init                                0x08000a83   Thumb Code   278  stm32f10x_gpio.o(i.GPIO_Init)
    GPIO_ReadInputDataBit                    0x08000b99   Thumb Code    18  stm32f10x_gpio.o(i.GPIO_ReadInputDataBit)
    GPIO_ResetBits                           0x08000bab   Thumb Code     4  stm32f10x_gpio.o(i.GPIO_ResetBits)
    GPIO_SetBits                             0x08000be1   Thumb Code     4  stm32f10x_gpio.o(i.GPIO_SetBits)
    GetEchoTimer                             0x08000be5   Thumb Code    42  hcsr04.o(i.GetEchoTimer)
    Go                                       0x08000c19   Thumb Code    20  control.o(i.Go)
    HardFault_Handler                        0x08000c2d   Thumb Code     4  stm32f10x_it.o(i.HardFault_Handler)
    Hcsr04GetLength                          0x08000c31   Thumb Code   224  hcsr04.o(i.Hcsr04GetLength)
    Hcsr04Init                               0x08000d1d   Thumb Code   154  hcsr04.o(i.Hcsr04Init)
    I2C_Start                                0x08000dc1   Thumb Code    36  oled.o(i.I2C_Start)
    I2C_Stop                                 0x08000de9   Thumb Code    28  oled.o(i.I2C_Stop)
    I2C_WaitAck                              0x08000e09   Thumb Code    20  oled.o(i.I2C_WaitAck)
    KEY_Init                                 0x08000e21   Thumb Code    54  key.o(i.KEY_Init)
    LED_Init                                 0x08000e5d   Thumb Code    50  led.o(i.LED_Init)
    Left_dianji_fanzhuan                     0x08000e95   Thumb Code    30  left_control.o(i.Left_dianji_fanzhuan)
    Left_dianji_zhenzhuan                    0x08000ebd   Thumb Code    30  left_control.o(i.Left_dianji_zhenzhuan)
    MemManage_Handler                        0x08000ee5   Thumb Code     4  stm32f10x_it.o(i.MemManage_Handler)
    NMI_Handler                              0x08000ee9   Thumb Code     2  stm32f10x_it.o(i.NMI_Handler)
    NVIC_Configurationusart3                 0x08000eeb   Thumb Code    38  usart3.o(i.NVIC_Configurationusart3)
    NVIC_Init                                0x08000f11   Thumb Code   100  misc.o(i.NVIC_Init)
    NVIC_PriorityGroupConfig                 0x08000f81   Thumb Code    10  misc.o(i.NVIC_PriorityGroupConfig)
    OLED_Clear                               0x08000f95   Thumb Code    42  oled.o(i.OLED_Clear)
    OLED_ClearPoint                          0x08000fc5   Thumb Code    90  oled.o(i.OLED_ClearPoint)
    OLED_DrawPoint                           0x08001025   Thumb Code    54  oled.o(i.OLED_DrawPoint)
    OLED_Pow                                 0x08001061   Thumb Code    22  oled.o(i.OLED_Pow)
    OLED_Refresh                             0x08001079   Thumb Code    70  oled.o(i.OLED_Refresh)
    OLED_ShowChar                            0x080010c5   Thumb Code   240  oled.o(i.OLED_ShowChar)
    OLED_ShowChinese                         0x080011c1   Thumb Code   248  oled.o(i.OLED_ShowChinese)
    OLED_ShowNum                             0x080012c9   Thumb Code   116  oled.o(i.OLED_ShowNum)
    OLED_WR_Byte                             0x0800133d   Thumb Code    56  oled.o(i.OLED_WR_Byte)
    PendSV_Handler                           0x08001399   Thumb Code     2  stm32f10x_it.o(i.PendSV_Handler)
    RCC_APB1PeriphClockCmd                   0x0800139d   Thumb Code    26  stm32f10x_rcc.o(i.RCC_APB1PeriphClockCmd)
    RCC_APB1PeriphResetCmd                   0x080013bd   Thumb Code    26  stm32f10x_rcc.o(i.RCC_APB1PeriphResetCmd)
    RCC_APB2PeriphClockCmd                   0x080013dd   Thumb Code    26  stm32f10x_rcc.o(i.RCC_APB2PeriphClockCmd)
    RCC_APB2PeriphResetCmd                   0x080013fd   Thumb Code    26  stm32f10x_rcc.o(i.RCC_APB2PeriphResetCmd)
    RCC_GetClocksFreq                        0x0800141d   Thumb Code   192  stm32f10x_rcc.o(i.RCC_GetClocksFreq)
    Right_dianji_fanzhuan                    0x080014f1   Thumb Code    32  right_control.o(i.Right_dianji_fanzhuan)
    Right_dianji_zhenzhuan                   0x08001515   Thumb Code    32  right_control.o(i.Right_dianji_zhenzhuan)
    SVC_Handler                              0x08001539   Thumb Code     2  stm32f10x_it.o(i.SVC_Handler)
    Scan_KAY                                 0x0800153d   Thumb Code   164  key.o(i.Scan_KAY)
    Send_Byte                                0x08001605   Thumb Code    70  oled.o(i.Send_Byte)
    SysTick_CLKSourceConfig                  0x08001739   Thumb Code    40  misc.o(i.SysTick_CLKSourceConfig)
    SysTick_Handler                          0x08001761   Thumb Code     2  stm32f10x_it.o(i.SysTick_Handler)
    SystemInit                               0x08001765   Thumb Code    78  system_stm32f10x.o(i.SystemInit)
    TIM1_Int_Init                            0x080017c5   Thumb Code    90  timer1.o(i.TIM1_Int_Init)
    TIM1_UP_IRQHandler                       0x08001825   Thumb Code    30  timer1.o(i.TIM1_UP_IRQHandler)
    TIM2_IRQHandler                          0x08001859   Thumb Code    24  timer2.o(i.TIM2_IRQHandler)
    TIM2_PWM_Init                            0x08001871   Thumb Code   162  timer2.o(i.TIM2_PWM_Init)
    TIM3_IRQHandler                          0x08001919   Thumb Code    32  hcsr04.o(i.TIM3_IRQHandler)
    TIM4_PWM_Init                            0x08001941   Thumb Code   164  timer4.o(i.TIM4_PWM_Init)
    TIM_ARRPreloadConfig                     0x080019ed   Thumb Code    24  stm32f10x_tim.o(i.TIM_ARRPreloadConfig)
    TIM_ClearFlag                            0x08001a05   Thumb Code     6  stm32f10x_tim.o(i.TIM_ClearFlag)
    TIM_ClearITPendingBit                    0x08001a0b   Thumb Code     6  stm32f10x_tim.o(i.TIM_ClearITPendingBit)
    TIM_Cmd                                  0x08001a11   Thumb Code    24  stm32f10x_tim.o(i.TIM_Cmd)
    TIM_DeInit                               0x08001a29   Thumb Code   424  stm32f10x_tim.o(i.TIM_DeInit)
    TIM_GetCounter                           0x08001c11   Thumb Code     6  stm32f10x_tim.o(i.TIM_GetCounter)
    TIM_GetITStatus                          0x08001c17   Thumb Code    34  stm32f10x_tim.o(i.TIM_GetITStatus)
    TIM_ITConfig                             0x08001c39   Thumb Code    18  stm32f10x_tim.o(i.TIM_ITConfig)
    TIM_OC1Init                              0x08001c4d   Thumb Code   132  stm32f10x_tim.o(i.TIM_OC1Init)
    TIM_OC1PreloadConfig                     0x08001ce5   Thumb Code    18  stm32f10x_tim.o(i.TIM_OC1PreloadConfig)
    TIM_OC2Init                              0x08001cf9   Thumb Code   154  stm32f10x_tim.o(i.TIM_OC2Init)
    TIM_OC2PreloadConfig                     0x08001d9d   Thumb Code    26  stm32f10x_tim.o(i.TIM_OC2PreloadConfig)
    TIM_OC3Init                              0x08001db9   Thumb Code   150  stm32f10x_tim.o(i.TIM_OC3Init)
    TIM_OC3PreloadConfig                     0x08001e59   Thumb Code    18  stm32f10x_tim.o(i.TIM_OC3PreloadConfig)
    TIM_SetCompare1                          0x08001e6b   Thumb Code     4  stm32f10x_tim.o(i.TIM_SetCompare1)
    TIM_SetCompare3                          0x08001e6f   Thumb Code     4  stm32f10x_tim.o(i.TIM_SetCompare3)
    TIM_SetCounter                           0x08001e73   Thumb Code     4  stm32f10x_tim.o(i.TIM_SetCounter)
    TIM_TimeBaseInit                         0x08001e79   Thumb Code   122  stm32f10x_tim.o(i.TIM_TimeBaseInit)
    TurnL1                                   0x08001f1d   Thumb Code    20  control.o(i.TurnL1)
    TurnR1                                   0x08001f31   Thumb Code    20  control.o(i.TurnR1)
    UART3_Send_Char                          0x08001f45   Thumb Code    24  usart3.o(i.UART3_Send_Char)
    USART1_Config                            0x08001f5d   Thumb Code   114  usart1.o(i.USART1_Config)
    USART3_Config                            0x08001fd9   Thumb Code   136  usart3.o(i.USART3_Config)
    USART3_IRQHandler                        0x08002069   Thumb Code   664  usart3.o(i.USART3_IRQHandler)
    USART3_Send_Byte                         0x080023d5   Thumb Code    28  usart3.o(i.USART3_Send_Byte)
    USART_Cmd                                0x080023f5   Thumb Code    24  stm32f10x_usart.o(i.USART_Cmd)
    USART_GetFlagStatus                      0x0800240d   Thumb Code    26  stm32f10x_usart.o(i.USART_GetFlagStatus)
    USART_GetITStatus                        0x08002427   Thumb Code    84  stm32f10x_usart.o(i.USART_GetITStatus)
    USART_ITConfig                           0x0800247b   Thumb Code    74  stm32f10x_usart.o(i.USART_ITConfig)
    USART_Init                               0x080024c5   Thumb Code   210  stm32f10x_usart.o(i.USART_Init)
    USART_ReceiveData                        0x0800259d   Thumb Code    10  stm32f10x_usart.o(i.USART_ReceiveData)
    USART_SendData                           0x080025a7   Thumb Code     8  stm32f10x_usart.o(i.USART_SendData)
    UsageFault_Handler                       0x080025af   Thumb Code     4  stm32f10x_it.o(i.UsageFault_Handler)
    __0printf                                0x080025b5   Thumb Code    22  printfa.o(i.__0printf)
    __1printf                                0x080025b5   Thumb Code     0  printfa.o(i.__0printf)
    __2printf                                0x080025b5   Thumb Code     0  printfa.o(i.__0printf)
    __c89printf                              0x080025b5   Thumb Code     0  printfa.o(i.__0printf)
    printf                                   0x080025b5   Thumb Code     0  printfa.o(i.__0printf)
    __0sprintf                               0x080025d5   Thumb Code    34  printfa.o(i.__0sprintf)
    __1sprintf                               0x080025d5   Thumb Code     0  printfa.o(i.__0sprintf)
    __2sprintf                               0x080025d5   Thumb Code     0  printfa.o(i.__0sprintf)
    __c89sprintf                             0x080025d5   Thumb Code     0  printfa.o(i.__0sprintf)
    sprintf                                  0x080025d5   Thumb Code     0  printfa.o(i.__0sprintf)
    __scatterload_copy                       0x080025fd   Thumb Code    14  handlers.o(i.__scatterload_copy)
    __scatterload_null                       0x0800260b   Thumb Code     2  handlers.o(i.__scatterload_null)
    __scatterload_zeroinit                   0x0800260d   Thumb Code    14  handlers.o(i.__scatterload_zeroinit)
    delay_init                               0x08002ed9   Thumb Code    50  delay.o(i.delay_init)
    delay_ms                                 0x08002f1d   Thumb Code    72  delay.o(i.delay_ms)
    delay_us                                 0x08002f69   Thumb Code    72  delay.o(i.delay_us)
    fputc                                    0x08002fb5   Thumb Code    32  usart1.o(i.fputc)
    hcsr04_NVIC                              0x08002fd9   Thumb Code    40  hcsr04.o(i.hcsr04_NVIC)
    main                                     0x08003001   Thumb Code   262  main.o(i.main)
    asc2_1206                                0x0800314c   Data        1140  oled.o(.constdata)
    asc2_1608                                0x080035c0   Data        1520  oled.o(.constdata)
    asc2_2412                                0x08003bb0   Data        3420  oled.o(.constdata)
    Region$$Table$$Base                      0x0800490c   Number         0  anon$$obj.o(Region$$Table)
    Region$$Table$$Limit                     0x0800492c   Number         0  anon$$obj.o(Region$$Table)
    pwmzkb1                                  0x20000000   Data           4  main.o(.data)
    pwmzkb2                                  0x20000004   Data           4  main.o(.data)
    temp                                     0x20000008   Data           1  main.o(.data)
    humi                                     0x20000009   Data           1  main.o(.data)
    temp_max                                 0x2000000a   Data           1  main.o(.data)
    temp_min                                 0x2000000b   Data           1  main.o(.data)
    arr                                      0x2000000c   Data           4  main.o(.data)
    psc                                      0x20000010   Data           4  main.o(.data)
    distant                                  0x20000014   Data           4  main.o(.data)
    distant_max                              0x20000018   Data           1  main.o(.data)
    distant_min                              0x20000019   Data           1  main.o(.data)
    SystemCoreClock                          0x2000001c   Data           4  system_stm32f10x.o(.data)
    AHBPrescTable                            0x20000020   Data          16  system_stm32f10x.o(.data)
    mode_show                                0x20000030   Data           1  commonhead.o(.data)
    uart_byte_count                          0x20000031   Data           1  usart3.o(.data)
    blu_char                                 0x20000032   Data           1  usart3.o(.data)
    Hzk1                                     0x20000033   Data         800  oled.o(.data)
    Hzk2                                     0x20000353   Data         216  oled.o(.data)
    Hzk3                                     0x2000042b   Data         512  oled.o(.data)
    Hzk4                                     0x2000062b   Data        4096  oled.o(.data)
    msHcCount                                0x2000162c   Data           2  hcsr04.o(.data)
    GPIO_InitStructure                       0x2000162e   Data           4  dht11.o(.data)
    __stdout                                 0x2000164c   Data           4  stdout.o(.data)
    message                                  0x20001650   Data          50  main.o(.bss)
    Uart3_Rx                                 0x20001682   Data         200  usart3.o(.bss)
    OLED_GRAM                                0x2000174a   Data        1152  oled.o(.bss)
    __initial_sp                             0x20001fd0   Data           0  startup_stm32f10x_md.o(STACK)



==============================================================================

Memory Map of the image

  Image Entry point : 0x080000ed

  Load Region LR_IROM1 (Base: 0x08000000, Size: 0x00005f7c, Max: 0x00010000, ABSOLUTE, COMPRESSED[0x00004c8c])

    Execution Region ER_IROM1 (Exec base: 0x08000000, Load base: 0x08000000, Size: 0x0000492c, Max: 0x00010000, ABSOLUTE)

    Exec Addr    Load Addr    Size         Type   Attr      Idx    E Section Name        Object

    0x08000000   0x08000000   0x000000ec   Data   RO          918    RESET               startup_stm32f10x_md.o
    0x080000ec   0x080000ec   0x00000000   Code   RO         4103  * .ARM.Collect$$$$00000000  mc_w.l(entry.o)
    0x080000ec   0x080000ec   0x00000004   Code   RO         4381    .ARM.Collect$$$$00000001  mc_w.l(entry2.o)
    0x080000f0   0x080000f0   0x00000004   Code   RO         4384    .ARM.Collect$$$$00000004  mc_w.l(entry5.o)
    0x080000f4   0x080000f4   0x00000000   Code   RO         4386    .ARM.Collect$$$$00000008  mc_w.l(entry7b.o)
    0x080000f4   0x080000f4   0x00000000   Code   RO         4388    .ARM.Collect$$$$0000000A  mc_w.l(entry8b.o)
    0x080000f4   0x080000f4   0x00000008   Code   RO         4389    .ARM.Collect$$$$0000000B  mc_w.l(entry9a.o)
    0x080000fc   0x080000fc   0x00000000   Code   RO         4391    .ARM.Collect$$$$0000000D  mc_w.l(entry10a.o)
    0x080000fc   0x080000fc   0x00000000   Code   RO         4393    .ARM.Collect$$$$0000000F  mc_w.l(entry11a.o)
    0x080000fc   0x080000fc   0x00000004   Code   RO         4382    .ARM.Collect$$$$00002712  mc_w.l(entry2.o)
    0x08000100   0x08000100   0x00000024   Code   RO          919    .text               startup_stm32f10x_md.o
    0x08000124   0x08000124   0x0000001c   Code   RO         4106    .text               mc_w.l(strcmp.o)
    0x08000140   0x08000140   0x000000b0   Code   RO         4369    .text               mf_w.l(fadd.o)
    0x080001f0   0x080001f0   0x0000007c   Code   RO         4371    .text               mf_w.l(fdiv.o)
    0x0800026c   0x0800026c   0x000000de   Code   RO         4373    .text               mf_w.l(ddiv.o)
    0x0800034a   0x0800034a   0x0000000a   Code   RO         4375    .text               mf_w.l(ffltui.o)
    0x08000354   0x08000354   0x00000032   Code   RO         4377    .text               mf_w.l(dfixui.o)
    0x08000386   0x08000386   0x00000026   Code   RO         4379    .text               mf_w.l(f2d.o)
    0x080003ac   0x080003ac   0x0000002c   Code   RO         4396    .text               mc_w.l(uidiv.o)
    0x080003d8   0x080003d8   0x00000062   Code   RO         4398    .text               mc_w.l(uldiv.o)
    0x0800043a   0x0800043a   0x00000020   Code   RO         4400    .text               mc_w.l(llushr.o)
    0x0800045a   0x0800045a   0x00000000   Code   RO         4402    .text               mc_w.l(iusefp.o)
    0x0800045a   0x0800045a   0x0000006e   Code   RO         4403    .text               mf_w.l(fepilogue.o)
    0x080004c8   0x080004c8   0x000000ba   Code   RO         4405    .text               mf_w.l(depilogue.o)
    0x08000582   0x08000582   0x0000014e   Code   RO         4407    .text               mf_w.l(dadd.o)
    0x080006d0   0x080006d0   0x000000e4   Code   RO         4409    .text               mf_w.l(dmul.o)
    0x080007b4   0x080007b4   0x00000030   Code   RO         4411    .text               mf_w.l(dfixul.o)
    0x080007e4   0x080007e4   0x00000030   Code   RO         4413    .text               mf_w.l(cdrcmple.o)
    0x08000814   0x08000814   0x00000024   Code   RO         4415    .text               mc_w.l(init.o)
    0x08000838   0x08000838   0x0000001e   Code   RO         4417    .text               mc_w.l(llshl.o)
    0x08000856   0x08000856   0x00000024   Code   RO         4419    .text               mc_w.l(llsshr.o)
    0x0800087a   0x0800087a   0x00000056   Code   RO         4429    .text               mc_w.l(__dczerorl2.o)
    0x080008d0   0x080008d0   0x00000014   Code   RO          412    i.Back              control.o
    0x080008e4   0x080008e4   0x00000004   Code   RO          178    i.BusFault_Handler  stm32f10x_it.o
    0x080008e8   0x080008e8   0x00000010   Code   RO          760    i.CloseTimerForHc   hcsr04.o
    0x080008f8   0x080008f8   0x00000058   Code   RO          836    i.DHT11_Check       dht11.o
    0x08000950   0x08000950   0x00000030   Code   RO          837    i.DHT11_Init        dht11.o
    0x08000980   0x08000980   0x00000058   Code   RO          838    i.DHT11_Read_Bit    dht11.o
    0x080009d8   0x080009d8   0x0000001e   Code   RO          839    i.DHT11_Read_Byte   dht11.o
    0x080009f6   0x080009f6   0x0000005a   Code   RO          840    i.DHT11_Read_Data   dht11.o
    0x08000a50   0x08000a50   0x00000030   Code   RO          841    i.DHT11_Rst         dht11.o
    0x08000a80   0x08000a80   0x00000002   Code   RO          179    i.DebugMon_Handler  stm32f10x_it.o
    0x08000a82   0x08000a82   0x00000116   Code   RO         2160    i.GPIO_Init         stm32f10x_gpio.o
    0x08000b98   0x08000b98   0x00000012   Code   RO         2164    i.GPIO_ReadInputDataBit  stm32f10x_gpio.o
    0x08000baa   0x08000baa   0x00000004   Code   RO         2167    i.GPIO_ResetBits    stm32f10x_gpio.o
    0x08000bae   0x08000bae   0x00000002   PAD
    0x08000bb0   0x08000bb0   0x00000018   Code   RO          842    i.GPIO_SETIN        dht11.o
    0x08000bc8   0x08000bc8   0x00000018   Code   RO          843    i.GPIO_SETOUT       dht11.o
    0x08000be0   0x08000be0   0x00000004   Code   RO         2168    i.GPIO_SetBits      stm32f10x_gpio.o
    0x08000be4   0x08000be4   0x00000034   Code   RO          761    i.GetEchoTimer      hcsr04.o
    0x08000c18   0x08000c18   0x00000014   Code   RO          413    i.Go                control.o
    0x08000c2c   0x08000c2c   0x00000004   Code   RO          180    i.HardFault_Handler  stm32f10x_it.o
    0x08000c30   0x08000c30   0x000000ec   Code   RO          762    i.Hcsr04GetLength   hcsr04.o
    0x08000d1c   0x08000d1c   0x000000a4   Code   RO          763    i.Hcsr04Init        hcsr04.o
    0x08000dc0   0x08000dc0   0x00000028   Code   RO          598    i.I2C_Start         oled.o
    0x08000de8   0x08000de8   0x00000020   Code   RO          599    i.I2C_Stop          oled.o
    0x08000e08   0x08000e08   0x00000018   Code   RO          600    i.I2C_WaitAck       oled.o
    0x08000e20   0x08000e20   0x0000003c   Code   RO          813    i.KEY_Init          key.o
    0x08000e5c   0x08000e5c   0x00000038   Code   RO          249    i.LED_Init          led.o
    0x08000e94   0x08000e94   0x00000028   Code   RO          322    i.Left_dianji_fanzhuan  left_control.o
    0x08000ebc   0x08000ebc   0x00000028   Code   RO          323    i.Left_dianji_zhenzhuan  left_control.o
    0x08000ee4   0x08000ee4   0x00000004   Code   RO          181    i.MemManage_Handler  stm32f10x_it.o
    0x08000ee8   0x08000ee8   0x00000002   Code   RO          182    i.NMI_Handler       stm32f10x_it.o
    0x08000eea   0x08000eea   0x00000026   Code   RO          548    i.NVIC_Configurationusart3  usart3.o
    0x08000f10   0x08000f10   0x00000070   Code   RO          934    i.NVIC_Init         misc.o
    0x08000f80   0x08000f80   0x00000014   Code   RO          935    i.NVIC_PriorityGroupConfig  misc.o
    0x08000f94   0x08000f94   0x00000030   Code   RO          601    i.OLED_Clear        oled.o
    0x08000fc4   0x08000fc4   0x00000060   Code   RO          602    i.OLED_ClearPoint   oled.o
    0x08001024   0x08001024   0x0000003c   Code   RO          609    i.OLED_DrawPoint    oled.o
    0x08001060   0x08001060   0x00000016   Code   RO          611    i.OLED_Pow          oled.o
    0x08001076   0x08001076   0x00000002   PAD
    0x08001078   0x08001078   0x0000004c   Code   RO          612    i.OLED_Refresh      oled.o
    0x080010c4   0x080010c4   0x000000fc   Code   RO          614    i.OLED_ShowChar     oled.o
    0x080011c0   0x080011c0   0x00000108   Code   RO          615    i.OLED_ShowChinese  oled.o
    0x080012c8   0x080012c8   0x00000074   Code   RO          616    i.OLED_ShowNum      oled.o
    0x0800133c   0x0800133c   0x00000038   Code   RO          620    i.OLED_WR_Byte      oled.o
    0x08001374   0x08001374   0x00000024   Code   RO          764    i.OpenTimerForHc    hcsr04.o
    0x08001398   0x08001398   0x00000002   Code   RO          183    i.PendSV_Handler    stm32f10x_it.o
    0x0800139a   0x0800139a   0x00000002   PAD
    0x0800139c   0x0800139c   0x00000020   Code   RO         2601    i.RCC_APB1PeriphClockCmd  stm32f10x_rcc.o
    0x080013bc   0x080013bc   0x00000020   Code   RO         2602    i.RCC_APB1PeriphResetCmd  stm32f10x_rcc.o
    0x080013dc   0x080013dc   0x00000020   Code   RO         2603    i.RCC_APB2PeriphClockCmd  stm32f10x_rcc.o
    0x080013fc   0x080013fc   0x00000020   Code   RO         2604    i.RCC_APB2PeriphResetCmd  stm32f10x_rcc.o
    0x0800141c   0x0800141c   0x000000d4   Code   RO         2611    i.RCC_GetClocksFreq  stm32f10x_rcc.o
    0x080014f0   0x080014f0   0x00000024   Code   RO          350    i.Right_dianji_fanzhuan  right_control.o
    0x08001514   0x08001514   0x00000024   Code   RO          351    i.Right_dianji_zhenzhuan  right_control.o
    0x08001538   0x08001538   0x00000002   Code   RO          184    i.SVC_Handler       stm32f10x_it.o
    0x0800153a   0x0800153a   0x00000002   PAD
    0x0800153c   0x0800153c   0x000000c8   Code   RO          814    i.Scan_KAY          key.o
    0x08001604   0x08001604   0x0000004c   Code   RO          621    i.Send_Byte         oled.o
    0x08001650   0x08001650   0x00000008   Code   RO          124    i.SetSysClock       system_stm32f10x.o
    0x08001658   0x08001658   0x000000e0   Code   RO          125    i.SetSysClockTo72   system_stm32f10x.o
    0x08001738   0x08001738   0x00000028   Code   RO          938    i.SysTick_CLKSourceConfig  misc.o
    0x08001760   0x08001760   0x00000002   Code   RO          185    i.SysTick_Handler   stm32f10x_it.o
    0x08001762   0x08001762   0x00000002   PAD
    0x08001764   0x08001764   0x00000060   Code   RO          127    i.SystemInit        system_stm32f10x.o
    0x080017c4   0x080017c4   0x00000060   Code   RO          891    i.TIM1_Int_Init     timer1.o
    0x08001824   0x08001824   0x00000034   Code   RO          892    i.TIM1_UP_IRQHandler  timer1.o
    0x08001858   0x08001858   0x00000018   Code   RO          290    i.TIM2_IRQHandler   timer2.o
    0x08001870   0x08001870   0x000000a8   Code   RO          292    i.TIM2_PWM_Init     timer2.o
    0x08001918   0x08001918   0x00000028   Code   RO          765    i.TIM3_IRQHandler   hcsr04.o
    0x08001940   0x08001940   0x000000ac   Code   RO          266    i.TIM4_PWM_Init     timer4.o
    0x080019ec   0x080019ec   0x00000018   Code   RO         3248    i.TIM_ARRPreloadConfig  stm32f10x_tim.o
    0x08001a04   0x08001a04   0x00000006   Code   RO         3254    i.TIM_ClearFlag     stm32f10x_tim.o
    0x08001a0a   0x08001a0a   0x00000006   Code   RO         3255    i.TIM_ClearITPendingBit  stm32f10x_tim.o
    0x08001a10   0x08001a10   0x00000018   Code   RO         3260    i.TIM_Cmd           stm32f10x_tim.o
    0x08001a28   0x08001a28   0x000001e8   Code   RO         3265    i.TIM_DeInit        stm32f10x_tim.o
    0x08001c10   0x08001c10   0x00000006   Code   RO         3279    i.TIM_GetCounter    stm32f10x_tim.o
    0x08001c16   0x08001c16   0x00000022   Code   RO         3281    i.TIM_GetITStatus   stm32f10x_tim.o
    0x08001c38   0x08001c38   0x00000012   Code   RO         3285    i.TIM_ITConfig      stm32f10x_tim.o
    0x08001c4a   0x08001c4a   0x00000002   PAD
    0x08001c4c   0x08001c4c   0x00000098   Code   RO         3289    i.TIM_OC1Init       stm32f10x_tim.o
    0x08001ce4   0x08001ce4   0x00000012   Code   RO         3292    i.TIM_OC1PreloadConfig  stm32f10x_tim.o
    0x08001cf6   0x08001cf6   0x00000002   PAD
    0x08001cf8   0x08001cf8   0x000000a4   Code   RO         3294    i.TIM_OC2Init       stm32f10x_tim.o
    0x08001d9c   0x08001d9c   0x0000001a   Code   RO         3297    i.TIM_OC2PreloadConfig  stm32f10x_tim.o
    0x08001db6   0x08001db6   0x00000002   PAD
    0x08001db8   0x08001db8   0x000000a0   Code   RO         3299    i.TIM_OC3Init       stm32f10x_tim.o
    0x08001e58   0x08001e58   0x00000012   Code   RO         3302    i.TIM_OC3PreloadConfig  stm32f10x_tim.o
    0x08001e6a   0x08001e6a   0x00000004   Code   RO         3321    i.TIM_SetCompare1   stm32f10x_tim.o
    0x08001e6e   0x08001e6e   0x00000004   Code   RO         3323    i.TIM_SetCompare3   stm32f10x_tim.o
    0x08001e72   0x08001e72   0x00000004   Code   RO         3325    i.TIM_SetCounter    stm32f10x_tim.o
    0x08001e76   0x08001e76   0x00000002   PAD
    0x08001e78   0x08001e78   0x000000a4   Code   RO         3331    i.TIM_TimeBaseInit  stm32f10x_tim.o
    0x08001f1c   0x08001f1c   0x00000014   Code   RO          416    i.TurnL1            control.o
    0x08001f30   0x08001f30   0x00000014   Code   RO          420    i.TurnR1            control.o
    0x08001f44   0x08001f44   0x00000018   Code   RO          550    i.UART3_Send_Char   usart3.o
    0x08001f5c   0x08001f5c   0x0000007c   Code   RO          500    i.USART1_Config     usart1.o
    0x08001fd8   0x08001fd8   0x00000090   Code   RO          551    i.USART3_Config     usart3.o
    0x08002068   0x08002068   0x0000036c   Code   RO          552    i.USART3_IRQHandler  usart3.o
    0x080023d4   0x080023d4   0x00000020   Code   RO          553    i.USART3_Send_Byte  usart3.o
    0x080023f4   0x080023f4   0x00000018   Code   RO         3800    i.USART_Cmd         stm32f10x_usart.o
    0x0800240c   0x0800240c   0x0000001a   Code   RO         3803    i.USART_GetFlagStatus  stm32f10x_usart.o
    0x08002426   0x08002426   0x00000054   Code   RO         3804    i.USART_GetITStatus  stm32f10x_usart.o
    0x0800247a   0x0800247a   0x0000004a   Code   RO         3806    i.USART_ITConfig    stm32f10x_usart.o
    0x080024c4   0x080024c4   0x000000d8   Code   RO         3807    i.USART_Init        stm32f10x_usart.o
    0x0800259c   0x0800259c   0x0000000a   Code   RO         3814    i.USART_ReceiveData  stm32f10x_usart.o
    0x080025a6   0x080025a6   0x00000008   Code   RO         3817    i.USART_SendData    stm32f10x_usart.o
    0x080025ae   0x080025ae   0x00000004   Code   RO          186    i.UsageFault_Handler  stm32f10x_it.o
    0x080025b2   0x080025b2   0x00000002   PAD
    0x080025b4   0x080025b4   0x00000020   Code   RO         4341    i.__0printf         mc_w.l(printfa.o)
    0x080025d4   0x080025d4   0x00000028   Code   RO         4343    i.__0sprintf        mc_w.l(printfa.o)
    0x080025fc   0x080025fc   0x0000000e   Code   RO         4423    i.__scatterload_copy  mc_w.l(handlers.o)
    0x0800260a   0x0800260a   0x00000002   Code   RO         4424    i.__scatterload_null  mc_w.l(handlers.o)
    0x0800260c   0x0800260c   0x0000000e   Code   RO         4425    i.__scatterload_zeroinit  mc_w.l(handlers.o)
    0x0800261a   0x0800261a   0x00000002   PAD
    0x0800261c   0x0800261c   0x00000184   Code   RO         4348    i._fp_digits        mc_w.l(printfa.o)
    0x080027a0   0x080027a0   0x000006dc   Code   RO         4349    i._printf_core      mc_w.l(printfa.o)
    0x08002e7c   0x08002e7c   0x00000024   Code   RO         4350    i._printf_post_padding  mc_w.l(printfa.o)
    0x08002ea0   0x08002ea0   0x0000002e   Code   RO         4351    i._printf_pre_padding  mc_w.l(printfa.o)
    0x08002ece   0x08002ece   0x0000000a   Code   RO         4353    i._sputc            mc_w.l(printfa.o)
    0x08002ed8   0x08002ed8   0x00000044   Code   RO         4041    i.delay_init        delay.o
    0x08002f1c   0x08002f1c   0x0000004c   Code   RO         4042    i.delay_ms          delay.o
    0x08002f68   0x08002f68   0x0000004c   Code   RO         4043    i.delay_us          delay.o
    0x08002fb4   0x08002fb4   0x00000024   Code   RO          503    i.fputc             usart1.o
    0x08002fd8   0x08002fd8   0x00000028   Code   RO          766    i.hcsr04_NVIC       hcsr04.o
    0x08003000   0x08003000   0x0000014c   Code   RO            1    i.main              main.o
    0x0800314c   0x0800314c   0x000017c0   Data   RO          623    .constdata          oled.o
    0x0800490c   0x0800490c   0x00000020   Data   RO         4421    Region$$Table       anon$$obj.o


    Execution Region RW_IRAM1 (Exec base: 0x20000000, Load base: 0x0800492c, Size: 0x00001fd0, Max: 0x00005000, ABSOLUTE, COMPRESSED[0x00000360])

    Exec Addr    Load Addr    Size         Type   Attr      Idx    E Section Name        Object

    0x20000000   COMPRESSED   0x0000001a   Data   RW            3    .data               main.o
    0x2000001a   COMPRESSED   0x00000002   PAD
    0x2000001c   COMPRESSED   0x00000014   Data   RW          128    .data               system_stm32f10x.o
    0x20000030   COMPRESSED   0x00000001   Data   RW          394    .data               commonhead.o
    0x20000031   COMPRESSED   0x00000002   Data   RW          555    .data               usart3.o
    0x20000033   COMPRESSED   0x000015f8   Data   RW          624    .data               oled.o
    0x2000162b   COMPRESSED   0x00000001   PAD
    0x2000162c   COMPRESSED   0x00000002   Data   RW          767    .data               hcsr04.o
    0x2000162e   COMPRESSED   0x00000004   Data   RW          844    .data               dht11.o
    0x20001632   COMPRESSED   0x00000014   Data   RW         2631    .data               stm32f10x_rcc.o
    0x20001646   COMPRESSED   0x00000004   Data   RW         4044    .data               delay.o
    0x2000164a   COMPRESSED   0x00000002   PAD
    0x2000164c   COMPRESSED   0x00000004   Data   RW         4395    .data               mc_w.l(stdout.o)
    0x20001650        -       0x00000032   Zero   RW            2    .bss                main.o
    0x20001682        -       0x000000c8   Zero   RW          554    .bss                usart3.o
    0x2000174a        -       0x00000480   Zero   RW          622    .bss                oled.o
    0x20001bca   COMPRESSED   0x00000006   PAD
    0x20001bd0        -       0x00000400   Zero   RW          916    STACK               startup_stm32f10x_md.o


==============================================================================

Image component sizes


      Code (inc. data)   RO Data    RW Data    ZI Data      Debug   Object Name

         0          0          0          1          0        228   commonhead.o
        80          0          0          0          0       2086   control.o
       220         26          0          4          0       1639   delay.o
       440         40          0          4          0       4524   dht11.o
       584         54          0          2          0       3730   hcsr04.o
       260         42          0          0          0        958   key.o
        56          6          0          0          0        455   led.o
        80         20          0          0          0       1031   left_control.o
       332         70          0         26         50     252813   main.o
       172         22          0          0          0       2093   misc.o
      1162         70       6080       5624       1152       9494   oled.o
        72          8          0          0          0       1033   right_control.o
        36          8        236          0       1024        800   startup_stm32f10x_md.o
       304          0          0          0          0       3680   stm32f10x_gpio.o
        26          0          0          0          0       3514   stm32f10x_it.o
       340         44          0         20          0       5552   stm32f10x_rcc.o
      1320        146          0          0          0      11243   stm32f10x_tim.o
       442          6          0          0          0       6133   stm32f10x_usart.o
       328         28          0         20          0       2101   system_stm32f10x.o
       148         28          0          0          0       1073   timer1.o
       192          6          0          0          0       1162   timer2.o
       172          8          0          0          0        760   timer4.o
       160         14          0          0          0       2992   usart1.o
      1114        224          0          2        200       4120   usart3.o

    ----------------------------------------------------------------------
      8060        870       6348       5708       2432     323214   Object Totals
         0          0         32          0          0          0   (incl. Generated)
        20          0          0          5          6          0   (incl. Padding)

    ----------------------------------------------------------------------

      Code (inc. data)   RO Data    RW Data    ZI Data      Debug   Library Member Name

        86          0          0          0          0          0   __dczerorl2.o
         0          0          0          0          0          0   entry.o
         0          0          0          0          0          0   entry10a.o
         0          0          0          0          0          0   entry11a.o
         8          4          0          0          0          0   entry2.o
         4          0          0          0          0          0   entry5.o
         0          0          0          0          0          0   entry7b.o
         0          0          0          0          0          0   entry8b.o
         8          4          0          0          0          0   entry9a.o
        30          0          0          0          0          0   handlers.o
        36          8          0          0          0         68   init.o
         0          0          0          0          0          0   iusefp.o
        30          0          0          0          0         68   llshl.o
        36          0          0          0          0         68   llsshr.o
        32          0          0          0          0         68   llushr.o
      2308         96          0          0          0        604   printfa.o
         0          0          0          4          0          0   stdout.o
        28          0          0          0          0         76   strcmp.o
        44          0          0          0          0         80   uidiv.o
        98          0          0          0          0         92   uldiv.o
        48          0          0          0          0         68   cdrcmple.o
       334          0          0          0          0        148   dadd.o
       222          0          0          0          0        100   ddiv.o
       186          0          0          0          0        176   depilogue.o
        50          0          0          0          0         76   dfixui.o
        48          0          0          0          0         68   dfixul.o
       228          0          0          0          0         96   dmul.o
        38          0          0          0          0         68   f2d.o
       176          0          0          0          0        140   fadd.o
       124          0          0          0          0         88   fdiv.o
       110          0          0          0          0        168   fepilogue.o
        10          0          0          0          0         68   ffltui.o

    ----------------------------------------------------------------------
      4324        112          0          4          0       2388   Library Totals
         2          0          0          0          0          0   (incl. Padding)

    ----------------------------------------------------------------------

      Code (inc. data)   RO Data    RW Data    ZI Data      Debug   Library Name

      2748        112          0          4          0       1124   mc_w.l
      1574          0          0          0          0       1264   mf_w.l

    ----------------------------------------------------------------------
      4324        112          0          4          0       2388   Library Totals

    ----------------------------------------------------------------------

==============================================================================


      Code (inc. data)   RO Data    RW Data    ZI Data      Debug   

     12384        982       6348       5712       2432     319386   Grand Totals
     12384        982       6348        864       2432     319386   ELF Image Totals (compressed)
     12384        982       6348        864          0          0   ROM Totals

==============================================================================

    Total RO  Size (Code + RO Data)                18732 (  18.29kB)
    Total RW  Size (RW Data + ZI Data)              8144 (   7.95kB)
    Total ROM Size (Code + RO Data + RW Data)      19596 (  19.14kB)

==============================================================================

