Component: ARM Compiler 5.06 update 6 (build 750) Tool: armlink [4d35ed]

==============================================================================

Section Cross References

    main.o(i.main) refers to commonhead.o(i.SystemInit1) for SystemInit1
    main.o(i.main) refers to control.o(i.Go) for Go
    main.o(i.main) refers to control.o(i.Back) for Back
    main.o(i.main) refers to control.o(i.TurnL1) for TurnL1
    main.o(i.main) refers to delay.o(i.delay_ms) for delay_ms
    main.o(i.main) refers to control.o(i.TurnR1) for TurnR1
    main.o(i.main) refers to control.o(i.Stop) for Stop
    main.o(i.main) refers to stm32f10x_gpio.o(i.GPIO_ReadInputDataBit) for GPIO_ReadInputDataBit
    main.o(i.main) refers to control.o(i.TurnR2) for TurnR2
    main.o(i.main) refers to control.o(i.TurnL2) for TurnL2
    main.o(i.main) refers to hcsr04.o(i.Hcsr04GetLength) for Hcsr04GetLength
    main.o(i.main) refers to f2d.o(.text) for __aeabi_f2d
    main.o(i.main) refers to printfa.o(i.__0printf) for __2printf
    main.o(i.main) refers to cdcmple.o(.text) for __aeabi_cdcmple
    main.o(i.main) refers to commonhead.o(.data) for mode_show
    main.o(i.main) refers to usart3.o(.data) for blu_char
    main.o(i.main) refers to main.o(.data) for distant
    system_stm32f10x.o(i.SetSysClock) refers to system_stm32f10x.o(i.SetSysClockTo72) for SetSysClockTo72
    system_stm32f10x.o(i.SystemCoreClockUpdate) refers to system_stm32f10x.o(.data) for SystemCoreClock
    system_stm32f10x.o(i.SystemInit) refers to system_stm32f10x.o(i.SetSysClock) for SetSysClock
    led.o(i.LED_Init) refers to stm32f10x_rcc.o(i.RCC_APB2PeriphClockCmd) for RCC_APB2PeriphClockCmd
    led.o(i.LED_Init) refers to stm32f10x_gpio.o(i.GPIO_Init) for GPIO_Init
    led.o(i.LED_Init) refers to stm32f10x_gpio.o(i.GPIO_SetBits) for GPIO_SetBits
    led.o(i.LED_Init) refers to stm32f10x_gpio.o(i.GPIO_ResetBits) for GPIO_ResetBits
    timer4.o(i.TIM4_Int_Init) refers to stm32f10x_rcc.o(i.RCC_APB1PeriphClockCmd) for RCC_APB1PeriphClockCmd
    timer4.o(i.TIM4_Int_Init) refers to stm32f10x_tim.o(i.TIM_TimeBaseInit) for TIM_TimeBaseInit
    timer4.o(i.TIM4_Int_Init) refers to stm32f10x_tim.o(i.TIM_ITConfig) for TIM_ITConfig
    timer4.o(i.TIM4_Int_Init) refers to misc.o(i.NVIC_Init) for NVIC_Init
    timer4.o(i.TIM4_Int_Init) refers to stm32f10x_tim.o(i.TIM_Cmd) for TIM_Cmd
    timer4.o(i.TIM4_PWM_Init) refers to stm32f10x_rcc.o(i.RCC_APB2PeriphClockCmd) for RCC_APB2PeriphClockCmd
    timer4.o(i.TIM4_PWM_Init) refers to stm32f10x_rcc.o(i.RCC_APB1PeriphClockCmd) for RCC_APB1PeriphClockCmd
    timer4.o(i.TIM4_PWM_Init) refers to stm32f10x_gpio.o(i.GPIO_Init) for GPIO_Init
    timer4.o(i.TIM4_PWM_Init) refers to stm32f10x_tim.o(i.TIM_TimeBaseInit) for TIM_TimeBaseInit
    timer4.o(i.TIM4_PWM_Init) refers to stm32f10x_tim.o(i.TIM_OC3Init) for TIM_OC3Init
    timer4.o(i.TIM4_PWM_Init) refers to misc.o(i.NVIC_Init) for NVIC_Init
    timer4.o(i.TIM4_PWM_Init) refers to stm32f10x_tim.o(i.TIM_OC3PreloadConfig) for TIM_OC3PreloadConfig
    timer4.o(i.TIM4_PWM_Init) refers to stm32f10x_tim.o(i.TIM_ARRPreloadConfig) for TIM_ARRPreloadConfig
    timer4.o(i.TIM4_PWM_Init) refers to stm32f10x_tim.o(i.TIM_Cmd) for TIM_Cmd
    timer2.o(i.TIM2_IRQHandler) refers to stm32f10x_tim.o(i.TIM_GetITStatus) for TIM_GetITStatus
    timer2.o(i.TIM2_IRQHandler) refers to printfa.o(i.__0printf) for __2printf
    timer2.o(i.TIM2_IRQHandler) refers to stm32f10x_tim.o(i.TIM_ClearITPendingBit) for TIM_ClearITPendingBit
    timer2.o(i.TIM2_Int_Init) refers to stm32f10x_rcc.o(i.RCC_APB1PeriphClockCmd) for RCC_APB1PeriphClockCmd
    timer2.o(i.TIM2_Int_Init) refers to stm32f10x_tim.o(i.TIM_TimeBaseInit) for TIM_TimeBaseInit
    timer2.o(i.TIM2_Int_Init) refers to stm32f10x_tim.o(i.TIM_ITConfig) for TIM_ITConfig
    timer2.o(i.TIM2_Int_Init) refers to misc.o(i.NVIC_Init) for NVIC_Init
    timer2.o(i.TIM2_Int_Init) refers to stm32f10x_tim.o(i.TIM_Cmd) for TIM_Cmd
    timer2.o(i.TIM2_PWM_Init) refers to stm32f10x_rcc.o(i.RCC_APB2PeriphClockCmd) for RCC_APB2PeriphClockCmd
    timer2.o(i.TIM2_PWM_Init) refers to stm32f10x_rcc.o(i.RCC_APB1PeriphClockCmd) for RCC_APB1PeriphClockCmd
    timer2.o(i.TIM2_PWM_Init) refers to stm32f10x_gpio.o(i.GPIO_Init) for GPIO_Init
    timer2.o(i.TIM2_PWM_Init) refers to stm32f10x_tim.o(i.TIM_TimeBaseInit) for TIM_TimeBaseInit
    timer2.o(i.TIM2_PWM_Init) refers to stm32f10x_tim.o(i.TIM_OC2Init) for TIM_OC2Init
    timer2.o(i.TIM2_PWM_Init) refers to stm32f10x_tim.o(i.TIM_OC1Init) for TIM_OC1Init
    timer2.o(i.TIM2_PWM_Init) refers to stm32f10x_tim.o(i.TIM_OC1PreloadConfig) for TIM_OC1PreloadConfig
    timer2.o(i.TIM2_PWM_Init) refers to stm32f10x_tim.o(i.TIM_OC2PreloadConfig) for TIM_OC2PreloadConfig
    timer2.o(i.TIM2_PWM_Init) refers to stm32f10x_tim.o(i.TIM_ARRPreloadConfig) for TIM_ARRPreloadConfig
    timer2.o(i.TIM2_PWM_Init) refers to stm32f10x_tim.o(i.TIM_Cmd) for TIM_Cmd
[...]
    Removing stm32f10x_flash.o(i.FLASH_ErasePage), (76 bytes).
    Removing stm32f10x_flash.o(i.FLASH_GetBank1Status), (52 bytes).
    Removing stm32f10x_flash.o(i.FLASH_GetFlagStatus), (48 bytes).
    Removing stm32f10x_flash.o(i.FLASH_GetPrefetchBufferStatus), (24 bytes).
    Removing stm32f10x_flash.o(i.FLASH_GetReadOutProtectionStatus), (24 bytes).
    Removing stm32f10x_flash.o(i.FLASH_GetStatus), (52 bytes).
    Removing stm32f10x_flash.o(i.FLASH_GetUserOptionByte), (12 bytes).
    Removing stm32f10x_flash.o(i.FLASH_GetWriteProtectionOptionByte), (12 bytes).
    Removing stm32f10x_flash.o(i.FLASH_HalfCycleAccessCmd), (28 bytes).
    Removing stm32f10x_flash.o(i.FLASH_ITConfig), (32 bytes).
    Removing stm32f10x_flash.o(i.FLASH_Lock), (20 bytes).
    Removing stm32f10x_flash.o(i.FLASH_LockBank1), (20 bytes).
    Removing stm32f10x_flash.o(i.FLASH_PrefetchBufferCmd), (28 bytes).
    Removing stm32f10x_flash.o(i.FLASH_ProgramHalfWord), (64 bytes).
    Removing stm32f10x_flash.o(i.FLASH_ProgramOptionByteData), (84 bytes).
    Removing stm32f10x_flash.o(i.FLASH_ProgramWord), (108 bytes).
    Removing stm32f10x_flash.o(i.FLASH_ReadOutProtection), (172 bytes).
    Removing stm32f10x_flash.o(i.FLASH_SetLatency), (24 bytes).
    Removing stm32f10x_flash.o(i.FLASH_Unlock), (24 bytes).
    Removing stm32f10x_flash.o(i.FLASH_UnlockBank1), (24 bytes).
    Removing stm32f10x_flash.o(i.FLASH_UserOptionByteConfig), (104 bytes).
    Removing stm32f10x_flash.o(i.FLASH_WaitForLastBank1Operation), (38 bytes).
    Removing stm32f10x_flash.o(i.FLASH_WaitForLastOperation), (38 bytes).
    Removing stm32f10x_fsmc.o(i.FSMC_ClearFlag), (64 bytes).
    Removing stm32f10x_fsmc.o(i.FSMC_ClearITPendingBit), (72 bytes).
    Removing stm32f10x_fsmc.o(i.FSMC_GetECC), (28 bytes).
    Removing stm32f10x_fsmc.o(i.FSMC_GetFlagStatus), (56 bytes).
    Removing stm32f10x_fsmc.o(i.FSMC_GetITStatus), (68 bytes).
    Removing stm32f10x_fsmc.o(i.FSMC_ITConfig), (128 bytes).
    Removing stm32f10x_fsmc.o(i.FSMC_NANDCmd), (92 bytes).
    Removing stm32f10x_fsmc.o(i.FSMC_NANDDeInit), (68 bytes).
    Removing stm32f10x_fsmc.o(i.FSMC_NANDECCCmd), (92 bytes).
    Removing stm32f10x_fsmc.o(i.FSMC_NANDInit), (136 bytes).
    Removing stm32f10x_fsmc.o(i.FSMC_NANDStructInit), (54 bytes).
    Removing stm32f10x_fsmc.o(i.FSMC_NORSRAMCmd), (52 bytes).
    Removing stm32f10x_fsmc.o(i.FSMC_NORSRAMDeInit), (54 bytes).
    Removing stm32f10x_fsmc.o(i.FSMC_NORSRAMInit), (230 bytes).
    Removing stm32f10x_fsmc.o(i.FSMC_NORSRAMStructInit), (114 bytes).
    Removing stm32f10x_fsmc.o(i.FSMC_PCCARDCmd), (48 bytes).
    Removing stm32f10x_fsmc.o(i.FSMC_PCCARDDeInit), (40 bytes).
    Removing stm32f10x_fsmc.o(i.FSMC_PCCARDInit), (132 bytes).
    Removing stm32f10x_fsmc.o(i.FSMC_PCCARDStructInit), (60 bytes).
    Removing stm32f10x_gpio.o(i.GPIO_AFIODeInit), (20 bytes).
    Removing stm32f10x_gpio.o(i.GPIO_DeInit), (200 bytes).
    Removing stm32f10x_gpio.o(i.GPIO_ETH_MediaInterfaceConfig), (12 bytes).
    Removing stm32f10x_gpio.o(i.GPIO_EXTILineConfig), (64 bytes).
    Removing stm32f10x_gpio.o(i.GPIO_EventOutputCmd), (12 bytes).
    Removing stm32f10x_gpio.o(i.GPIO_EventOutputConfig), (32 bytes).
    Removing stm32f10x_gpio.o(i.GPIO_PinLockConfig), (18 bytes).
    Removing stm32f10x_gpio.o(i.GPIO_PinRemapConfig), (144 bytes).
    Removing stm32f10x_gpio.o(i.GPIO_ReadInputData), (8 bytes).
    Removing stm32f10x_gpio.o(i.GPIO_ReadOutputData), (8 bytes).
    Removing stm32f10x_gpio.o(i.GPIO_ReadOutputDataBit), (18 bytes).
    Removing stm32f10x_gpio.o(i.GPIO_StructInit), (16 bytes).
    Removing stm32f10x_gpio.o(i.GPIO_Write), (4 bytes).
    Removing stm32f10x_gpio.o(i.GPIO_WriteBit), (10 bytes).
    Removing stm32f10x_i2c.o(i.I2C_ARPCmd), (24 bytes).
    Removing stm32f10x_i2c.o(i.I2C_AcknowledgeConfig), (24 bytes).
    Removing stm32f10x_i2c.o(i.I2C_CalculatePEC), (24 bytes).
    Removing stm32f10x_i2c.o(i.I2C_CheckEvent), (42 bytes).
    Removing stm32f10x_i2c.o(i.I2C_ClearFlag), (12 bytes).
    Removing stm32f10x_i2c.o(i.I2C_ClearITPendingBit), (12 bytes).
    Removing stm32f10x_i2c.o(i.I2C_Cmd), (24 bytes).
    Removing stm32f10x_i2c.o(i.I2C_DMACmd), (24 bytes).
    Removing stm32f10x_i2c.o(i.I2C_DMALastTransferCmd), (24 bytes).
    Removing stm32f10x_i2c.o(i.I2C_DeInit), (56 bytes).
    Removing stm32f10x_i2c.o(i.I2C_DualAddressCmd), (24 bytes).
    Removing stm32f10x_i2c.o(i.I2C_FastModeDutyCycleConfig), (28 bytes).
    Removing stm32f10x_i2c.o(i.I2C_GeneralCallCmd), (24 bytes).
    Removing stm32f10x_i2c.o(i.I2C_GenerateSTART), (24 bytes).
    Removing stm32f10x_i2c.o(i.I2C_GenerateSTOP), (24 bytes).
    Removing stm32f10x_i2c.o(i.I2C_GetFlagStatus), (58 bytes).
    Removing stm32f10x_i2c.o(i.I2C_GetITStatus), (38 bytes).
    Removing stm32f10x_i2c.o(i.I2C_GetLastEvent), (26 bytes).
    Removing stm32f10x_i2c.o(i.I2C_GetPEC), (8 bytes).
    Removing stm32f10x_i2c.o(i.I2C_ITConfig), (18 bytes).
    Removing stm32f10x_i2c.o(i.I2C_Init), (236 bytes).
    Removing stm32f10x_i2c.o(i.I2C_NACKPositionConfig), (28 bytes).
    Removing stm32f10x_i2c.o(i.I2C_OwnAddress2Config), (22 bytes).
    Removing stm32f10x_i2c.o(i.I2C_PECPositionConfig), (28 bytes).
    Removing stm32f10x_i2c.o(i.I2C_ReadRegister), (22 bytes).
    Removing stm32f10x_i2c.o(i.I2C_ReceiveData), (8 bytes).
    Removing stm32f10x_i2c.o(i.I2C_SMBusAlertConfig), (28 bytes).
    Removing stm32f10x_i2c.o(i.I2C_Send7bitAddress), (18 bytes).
    Removing stm32f10x_i2c.o(i.I2C_SendData), (4 bytes).
    Removing stm32f10x_i2c.o(i.I2C_SoftwareResetCmd), (22 bytes).
    Removing stm32f10x_i2c.o(i.I2C_StretchClockCmd), (24 bytes).
    Removing stm32f10x_i2c.o(i.I2C_StructInit), (30 bytes).
    Removing stm32f10x_i2c.o(i.I2C_TransmitPEC), (24 bytes).
    Removing stm32f10x_iwdg.o(i.IWDG_Enable), (16 bytes).
    Removing stm32f10x_iwdg.o(i.IWDG_GetFlagStatus), (24 bytes).
    Removing stm32f10x_iwdg.o(i.IWDG_ReloadCounter), (16 bytes).
    Removing stm32f10x_iwdg.o(i.IWDG_SetPrescaler), (12 bytes).
    Removing stm32f10x_iwdg.o(i.IWDG_SetReload), (12 bytes).
    Removing stm32f10x_iwdg.o(i.IWDG_WriteAccessCmd), (12 bytes).
    Removing stm32f10x_pwr.o(i.PWR_BackupAccessCmd), (12 bytes).
    Removing stm32f10x_pwr.o(i.PWR_ClearFlag), (20 bytes).
    Removing stm32f10x_pwr.o(i.PWR_DeInit), (22 bytes).
    Removing stm32f10x_pwr.o(i.PWR_EnterSTANDBYMode), (52 bytes).
    Removing stm32f10x_pwr.o(i.PWR_EnterSTOPMode), (64 bytes).
    Removing stm32f10x_pwr.o(i.PWR_GetFlagStatus), (24 bytes).
    Removing stm32f10x_pwr.o(i.PWR_PVDCmd), (12 bytes).
    Removing stm32f10x_pwr.o(i.PWR_PVDLevelConfig), (24 bytes).
    Removing stm32f10x_pwr.o(i.PWR_WakeUpPinCmd), (12 bytes).
    Removing stm32f10x_rcc.o(i.RCC_ADCCLKConfig), (24 bytes).
    Removing stm32f10x_rcc.o(i.RCC_AHBPeriphClockCmd), (32 bytes).
    Removing stm32f10x_rcc.o(i.RCC_APB1PeriphResetCmd), (32 bytes).
    Removing stm32f10x_rcc.o(i.RCC_APB2PeriphResetCmd), (32 bytes).
    Removing stm32f10x_rcc.o(i.RCC_AdjustHSICalibrationValue), (24 bytes).
    Removing stm32f10x_rcc.o(i.RCC_BackupResetCmd), (12 bytes).
    Removing stm32f10x_rcc.o(i.RCC_ClearFlag), (20 bytes).
    Removing stm32f10x_rcc.o(i.RCC_ClearITPendingBit), (12 bytes).
    Removing stm32f10x_rcc.o(i.RCC_ClockSecuritySystemCmd), (12 bytes).
    Removing stm32f10x_rcc.o(i.RCC_DeInit), (76 bytes).
    Removing stm32f10x_rcc.o(i.RCC_GetFlagStatus), (60 bytes).
    Removing stm32f10x_rcc.o(i.RCC_GetITStatus), (24 bytes).
    Removing stm32f10x_rcc.o(i.RCC_GetSYSCLKSource), (16 bytes).
    Removing stm32f10x_rcc.o(i.RCC_HCLKConfig), (24 bytes).
    Removing stm32f10x_rcc.o(i.RCC_HSEConfig), (76 bytes).
    Removing stm32f10x_rcc.o(i.RCC_HSICmd), (12 bytes).
    Removing stm32f10x_rcc.o(i.RCC_ITConfig), (32 bytes).
    Removing stm32f10x_rcc.o(i.RCC_LSEConfig), (52 bytes).
    Removing stm32f10x_rcc.o(i.RCC_LSICmd), (12 bytes).
    Removing stm32f10x_rcc.o(i.RCC_MCOConfig), (12 bytes).
    Removing stm32f10x_rcc.o(i.RCC_PCLK1Config), (24 bytes).
    Removing stm32f10x_rcc.o(i.RCC_PCLK2Config), (24 bytes).
    Removing stm32f10x_rcc.o(i.RCC_PLLCmd), (12 bytes).
    Removing stm32f10x_rcc.o(i.RCC_PLLConfig), (28 bytes).
    Removing stm32f10x_rcc.o(i.RCC_RTCCLKCmd), (12 bytes).
    Removing stm32f10x_rcc.o(i.RCC_RTCCLKConfig), (16 bytes).
    Removing stm32f10x_rcc.o(i.RCC_SYSCLKConfig), (24 bytes).
    Removing stm32f10x_rcc.o(i.RCC_USBCLKConfig), (12 bytes).
    Removing stm32f10x_rcc.o(i.RCC_WaitForHSEStartUp), (56 bytes).
    Removing stm32f10x_rtc.o(i.RTC_ClearFlag), (16 bytes).
    Removing stm32f10x_rtc.o(i.RTC_ClearITPendingBit), (16 bytes).
    Removing stm32f10x_rtc.o(i.RTC_EnterConfigMode), (20 bytes).
    Removing stm32f10x_rtc.o(i.RTC_ExitConfigMode), (20 bytes).
    Removing stm32f10x_rtc.o(i.RTC_GetCounter), (20 bytes).
    Removing stm32f10x_rtc.o(i.RTC_GetDivider), (24 bytes).
    Removing stm32f10x_rtc.o(i.RTC_GetFlagStatus), (24 bytes).
    Removing stm32f10x_rtc.o(i.RTC_GetITStatus), (36 bytes).
    Removing stm32f10x_rtc.o(i.RTC_ITConfig), (32 bytes).
    Removing stm32f10x_rtc.o(i.RTC_SetAlarm), (28 bytes).
    Removing stm32f10x_rtc.o(i.RTC_SetCounter), (28 bytes).
    Removing stm32f10x_rtc.o(i.RTC_SetPrescaler), (32 bytes).
    Removing stm32f10x_rtc.o(i.RTC_WaitForLastTask), (20 bytes).
    Removing stm32f10x_rtc.o(i.RTC_WaitForSynchro), (36 bytes).
    Removing stm32f10x_sdio.o(i.SDIO_CEATAITCmd), (16 bytes).
    Removing stm32f10x_sdio.o(i.SDIO_ClearFlag), (12 bytes).
    Removing stm32f10x_sdio.o(i.SDIO_ClearITPendingBit), (12 bytes).
    Removing stm32f10x_sdio.o(i.SDIO_ClockCmd), (12 bytes).
    Removing stm32f10x_sdio.o(i.SDIO_CmdStructInit), (14 bytes).
    Removing stm32f10x_sdio.o(i.SDIO_CommandCompletionCmd), (12 bytes).
    Removing stm32f10x_sdio.o(i.SDIO_DMACmd), (12 bytes).
    Removing stm32f10x_sdio.o(i.SDIO_DataConfig), (48 bytes).
    Removing stm32f10x_sdio.o(i.SDIO_DataStructInit), (20 bytes).
    Removing stm32f10x_sdio.o(i.SDIO_DeInit), (36 bytes).
    Removing stm32f10x_sdio.o(i.SDIO_GetCommandResponse), (12 bytes).
    Removing stm32f10x_sdio.o(i.SDIO_GetDataCounter), (12 bytes).
    Removing stm32f10x_sdio.o(i.SDIO_GetFIFOCount), (12 bytes).
    Removing stm32f10x_sdio.o(i.SDIO_GetFlagStatus), (24 bytes).
    Removing stm32f10x_sdio.o(i.SDIO_GetITStatus), (24 bytes).
    Removing stm32f10x_sdio.o(i.SDIO_GetPowerState), (16 bytes).
    Removing stm32f10x_sdio.o(i.SDIO_GetResponse), (24 bytes).
    Removing stm32f10x_sdio.o(i.SDIO_ITConfig), (32 bytes).
    Removing stm32f10x_sdio.o(i.SDIO_Init), (48 bytes).
    Removing stm32f10x_sdio.o(i.SDIO_ReadData), (12 bytes).
    Removing stm32f10x_sdio.o(i.SDIO_SendCEATACmd), (12 bytes).
    Removing stm32f10x_sdio.o(i.SDIO_SendCommand), (44 bytes).
    Removing stm32f10x_sdio.o(i.SDIO_SendSDIOSuspendCmd), (12 bytes).
    Removing stm32f10x_sdio.o(i.SDIO_SetPowerState), (28 bytes).
    Removing stm32f10x_sdio.o(i.SDIO_SetSDIOOperation), (12 bytes).
    Removing stm32f10x_sdio.o(i.SDIO_SetSDIOReadWaitMode), (12 bytes).
    Removing stm32f10x_sdio.o(i.SDIO_StartSDIOReadWait), (12 bytes).
    Removing stm32f10x_sdio.o(i.SDIO_StopSDIOReadWait), (12 bytes).
    Removing stm32f10x_sdio.o(i.SDIO_StructInit), (16 bytes).
    Removing stm32f10x_sdio.o(i.SDIO_WriteData), (12 bytes).
    Removing stm32f10x_spi.o(i.I2S_Cmd), (24 bytes).
    Removing stm32f10x_spi.o(i.I2S_Init), (232 bytes).
    Removing stm32f10x_spi.o(i.I2S_StructInit), (20 bytes).
    Removing stm32f10x_spi.o(i.SPI_BiDirectionalLineConfig), (28 bytes).
    Removing stm32f10x_spi.o(i.SPI_CalculateCRC), (24 bytes).
    Removing stm32f10x_spi.o(i.SPI_Cmd), (24 bytes).
    Removing stm32f10x_spi.o(i.SPI_DataSizeConfig), (18 bytes).
    Removing stm32f10x_spi.o(i.SPI_GetCRC), (16 bytes).
    Removing stm32f10x_spi.o(i.SPI_GetCRCPolynomial), (6 bytes).
    Removing stm32f10x_spi.o(i.SPI_I2S_ClearFlag), (6 bytes).
    Removing stm32f10x_spi.o(i.SPI_I2S_ClearITPendingBit), (20 bytes).
    Removing stm32f10x_spi.o(i.SPI_I2S_DMACmd), (18 bytes).
    Removing stm32f10x_spi.o(i.SPI_I2S_DeInit), (88 bytes).
    Removing stm32f10x_spi.o(i.SPI_I2S_GetFlagStatus), (18 bytes).
    Removing stm32f10x_spi.o(i.SPI_I2S_GetITStatus), (52 bytes).
    Removing stm32f10x_spi.o(i.SPI_I2S_ITConfig), (32 bytes).
    Removing stm32f10x_spi.o(i.SPI_I2S_ReceiveData), (6 bytes).
    Removing stm32f10x_spi.o(i.SPI_I2S_SendData), (4 bytes).
    Removing stm32f10x_spi.o(i.SPI_Init), (60 bytes).
    Removing stm32f10x_spi.o(i.SPI_NSSInternalSoftwareConfig), (30 bytes).
    Removing stm32f10x_spi.o(i.SPI_SSOutputCmd), (24 bytes).
    Removing stm32f10x_spi.o(i.SPI_StructInit), (24 bytes).
    Removing stm32f10x_spi.o(i.SPI_TransmitCRC), (10 bytes).
    Removing stm32f10x_tim.o(i.TI1_Config), (128 bytes).
    Removing stm32f10x_tim.o(i.TI2_Config), (152 bytes).
    Removing stm32f10x_tim.o(i.TI3_Config), (144 bytes).
    Removing stm32f10x_tim.o(i.TI4_Config), (152 bytes).
    Removing stm32f10x_tim.o(i.TIM_BDTRConfig), (32 bytes).
    Removing stm32f10x_tim.o(i.TIM_BDTRStructInit), (18 bytes).
    Removing stm32f10x_tim.o(i.TIM_CCPreloadControl), (24 bytes).
    Removing stm32f10x_tim.o(i.TIM_CCxCmd), (30 bytes).
    Removing stm32f10x_tim.o(i.TIM_CCxNCmd), (30 bytes).
    Removing stm32f10x_tim.o(i.TIM_ClearFlag), (6 bytes).
    Removing stm32f10x_tim.o(i.TIM_ClearOC1Ref), (18 bytes).
    Removing stm32f10x_tim.o(i.TIM_ClearOC2Ref), (24 bytes).
    Removing stm32f10x_tim.o(i.TIM_ClearOC3Ref), (18 bytes).
    Removing stm32f10x_tim.o(i.TIM_ClearOC4Ref), (24 bytes).
    Removing stm32f10x_tim.o(i.TIM_CounterModeConfig), (18 bytes).
    Removing stm32f10x_tim.o(i.TIM_CtrlPWMOutputs), (30 bytes).
    Removing stm32f10x_tim.o(i.TIM_DMACmd), (18 bytes).
    Removing stm32f10x_tim.o(i.TIM_DMAConfig), (10 bytes).
    Removing stm32f10x_tim.o(i.TIM_DeInit), (488 bytes).
    Removing stm32f10x_tim.o(i.TIM_ETRClockMode1Config), (54 bytes).
    Removing stm32f10x_tim.o(i.TIM_ETRClockMode2Config), (32 bytes).
    Removing stm32f10x_tim.o(i.TIM_ETRConfig), (28 bytes).
    Removing stm32f10x_tim.o(i.TIM_EncoderInterfaceConfig), (66 bytes).
    Removing stm32f10x_tim.o(i.TIM_ForcedOC1Config), (18 bytes).
    Removing stm32f10x_tim.o(i.TIM_ForcedOC2Config), (26 bytes).
    Removing stm32f10x_tim.o(i.TIM_ForcedOC3Config), (18 bytes).
    Removing stm32f10x_tim.o(i.TIM_ForcedOC4Config), (26 bytes).
    Removing stm32f10x_tim.o(i.TIM_GenerateEvent), (4 bytes).
    Removing stm32f10x_tim.o(i.TIM_GetCapture1), (6 bytes).
    Removing stm32f10x_tim.o(i.TIM_GetCapture2), (6 bytes).
    Removing stm32f10x_tim.o(i.TIM_GetCapture3), (6 bytes).
    Removing stm32f10x_tim.o(i.TIM_GetCapture4), (8 bytes).
    Removing stm32f10x_tim.o(i.TIM_GetFlagStatus), (18 bytes).
    Removing stm32f10x_tim.o(i.TIM_GetPrescaler), (6 bytes).
    Removing stm32f10x_tim.o(i.TIM_ICInit), (172 bytes).
    Removing stm32f10x_tim.o(i.TIM_ICStructInit), (18 bytes).
    Removing stm32f10x_tim.o(i.TIM_ITConfig), (18 bytes).
    Removing stm32f10x_tim.o(i.TIM_ITRxExternalClockConfig), (24 bytes).
    Removing stm32f10x_tim.o(i.TIM_InternalClockConfig), (12 bytes).
    Removing stm32f10x_tim.o(i.TIM_OC1FastConfig), (18 bytes).
    Removing stm32f10x_tim.o(i.TIM_OC1NPolarityConfig), (18 bytes).
    Removing stm32f10x_tim.o(i.TIM_OC1PolarityConfig), (18 bytes).
    Removing stm32f10x_tim.o(i.TIM_OC2FastConfig), (26 bytes).
    Removing stm32f10x_tim.o(i.TIM_OC2NPolarityConfig), (26 bytes).
    Removing stm32f10x_tim.o(i.TIM_OC2PolarityConfig), (26 bytes).
    Removing stm32f10x_tim.o(i.TIM_OC3FastConfig), (18 bytes).
    Removing stm32f10x_tim.o(i.TIM_OC3NPolarityConfig), (26 bytes).
    Removing stm32f10x_tim.o(i.TIM_OC3PolarityConfig), (26 bytes).
    Removing stm32f10x_tim.o(i.TIM_OC4FastConfig), (26 bytes).
    Removing stm32f10x_tim.o(i.TIM_OC4Init), (124 bytes).
    Removing stm32f10x_tim.o(i.TIM_OC4PolarityConfig), (26 bytes).
    Removing stm32f10x_tim.o(i.TIM_OC4PreloadConfig), (26 bytes).
    Removing stm32f10x_tim.o(i.TIM_OCStructInit), (20 bytes).
    Removing stm32f10x_tim.o(i.TIM_PWMIConfig), (124 bytes).
    Removing stm32f10x_tim.o(i.TIM_PrescalerConfig), (6 bytes).
    Removing stm32f10x_tim.o(i.TIM_SelectCCDMA), (24 bytes).
    Removing stm32f10x_tim.o(i.TIM_SelectCOM), (24 bytes).
    Removing stm32f10x_tim.o(i.TIM_SelectHallSensor), (24 bytes).
    Removing stm32f10x_tim.o(i.TIM_SelectInputTrigger), (18 bytes).
    Removing stm32f10x_tim.o(i.TIM_SelectMasterSlaveMode), (18 bytes).
    Removing stm32f10x_tim.o(i.TIM_SelectOCxM), (82 bytes).
    Removing stm32f10x_tim.o(i.TIM_SelectOnePulseMode), (18 bytes).
    Removing stm32f10x_tim.o(i.TIM_SelectOutputTrigger), (18 bytes).
    Removing stm32f10x_tim.o(i.TIM_SelectSlaveMode), (18 bytes).
    Removing stm32f10x_tim.o(i.TIM_SetAutoreload), (4 bytes).
    Removing stm32f10x_tim.o(i.TIM_SetClockDivision), (18 bytes).
    Removing stm32f10x_tim.o(i.TIM_SetCompare2), (4 bytes).
    Removing stm32f10x_tim.o(i.TIM_SetCompare4), (6 bytes).
    Removing stm32f10x_tim.o(i.TIM_SetIC1Prescaler), (18 bytes).
    Removing stm32f10x_tim.o(i.TIM_SetIC2Prescaler), (26 bytes).
    Removing stm32f10x_tim.o(i.TIM_SetIC3Prescaler), (18 bytes).
    Removing stm32f10x_tim.o(i.TIM_SetIC4Prescaler), (26 bytes).
    Removing stm32f10x_tim.o(i.TIM_TIxExternalClockConfig), (62 bytes).
    Removing stm32f10x_tim.o(i.TIM_TimeBaseStructInit), (18 bytes).
    Removing stm32f10x_tim.o(i.TIM_UpdateDisableConfig), (24 bytes).
    Removing stm32f10x_tim.o(i.TIM_UpdateRequestConfig), (24 bytes).
    Removing stm32f10x_usart.o(i.USART_ClearFlag), (18 bytes).
    Removing stm32f10x_usart.o(i.USART_ClearITPendingBit), (30 bytes).
    Removing stm32f10x_usart.o(i.USART_ClockInit), (34 bytes).
    Removing stm32f10x_usart.o(i.USART_ClockStructInit), (12 bytes).
    Removing stm32f10x_usart.o(i.USART_DMACmd), (18 bytes).
    Removing stm32f10x_usart.o(i.USART_DeInit), (156 bytes).
    Removing stm32f10x_usart.o(i.USART_HalfDuplexCmd), (24 bytes).
    Removing stm32f10x_usart.o(i.USART_IrDACmd), (24 bytes).
    Removing stm32f10x_usart.o(i.USART_IrDAConfig), (18 bytes).
    Removing stm32f10x_usart.o(i.USART_LINBreakDetectLengthConfig), (18 bytes).
    Removing stm32f10x_usart.o(i.USART_LINCmd), (24 bytes).
    Removing stm32f10x_usart.o(i.USART_OneBitMethodCmd), (24 bytes).
    Removing stm32f10x_usart.o(i.USART_OverSampling8Cmd), (22 bytes).
    Removing stm32f10x_usart.o(i.USART_ReceiverWakeUpCmd), (24 bytes).
    Removing stm32f10x_usart.o(i.USART_SendBreak), (10 bytes).
    Removing stm32f10x_usart.o(i.USART_SetAddress), (18 bytes).
    Removing stm32f10x_usart.o(i.USART_SetGuardTime), (16 bytes).
    Removing stm32f10x_usart.o(i.USART_SetPrescaler), (16 bytes).
    Removing stm32f10x_usart.o(i.USART_SmartCardCmd), (24 bytes).
    Removing stm32f10x_usart.o(i.USART_SmartCardNACKCmd), (24 bytes).
    Removing stm32f10x_usart.o(i.USART_StructInit), (24 bytes).
    Removing stm32f10x_usart.o(i.USART_WakeUpConfig), (18 bytes).
    Removing stm32f10x_wwdg.o(i.WWDG_ClearFlag), (12 bytes).
    Removing stm32f10x_wwdg.o(i.WWDG_DeInit), (22 bytes).
    Removing stm32f10x_wwdg.o(i.WWDG_Enable), (16 bytes).
    Removing stm32f10x_wwdg.o(i.WWDG_EnableIT), (12 bytes).
    Removing stm32f10x_wwdg.o(i.WWDG_GetFlagStatus), (12 bytes).
    Removing stm32f10x_wwdg.o(i.WWDG_SetCounter), (16 bytes).
    Removing stm32f10x_wwdg.o(i.WWDG_SetPrescaler), (24 bytes).
    Removing stm32f10x_wwdg.o(i.WWDG_SetWindowValue), (40 bytes).
    Removing sys.o(.emb_text), (6 bytes).
    Removing sys.o(i.INTX_DISABLE), (4 bytes).
    Removing sys.o(i.INTX_ENABLE), (4 bytes).
    Removing sys.o(i.WFI_SET), (4 bytes).

472 unused section(s) (total 19442 bytes) removed from the image.

==============================================================================

Image Symbol Table

    Local Symbols

    Symbol Name                              Value     Ov Type        Size  Object(Section)

    ../clib/../cmprslib/zerorunl2.c          0x00000000   Number         0  __dczerorl2.o ABSOLUTE
    ../clib/microlib/division.c              0x00000000   Number         0  uldiv.o ABSOLUTE
    ../clib/microlib/division.c              0x00000000   Number         0  uidiv.o ABSOLUTE
    ../clib/microlib/init/entry.s            0x00000000   Number         0  entry7b.o ABSOLUTE
    ../clib/microlib/init/entry.s            0x00000000   Number         0  entry2.o ABSOLUTE
    ../clib/microlib/init/entry.s            0x00000000   Number         0  entry7a.o ABSOLUTE
    ../clib/microlib/init/entry.s            0x00000000   Number         0  entry11b.o ABSOLUTE
    ../clib/microlib/init/entry.s            0x00000000   Number         0  entry8a.o ABSOLUTE
    ../clib/microlib/init/entry.s            0x00000000   Number         0  entry11a.o ABSOLUTE
    ../clib/microlib/init/entry.s            0x00000000   Number         0  entry10b.o ABSOLUTE
    ../clib/microlib/init/entry.s            0x00000000   Number         0  entry8b.o ABSOLUTE
    ../clib/microlib/init/entry.s            0x00000000   Number         0  entry.o ABSOLUTE
    ../clib/microlib/init/entry.s            0x00000000   Number         0  entry5.o ABSOLUTE
    ../clib/microlib/init/entry.s            0x00000000   Number         0  entry9a.o ABSOLUTE
    ../clib/microlib/init/entry.s            0x00000000   Number         0  entry10a.o ABSOLUTE
    ../clib/microlib/init/entry.s            0x00000000   Number         0  entry9b.o ABSOLUTE
    ../clib/microlib/longlong.c              0x00000000   Number         0  llsshr.o ABSOLUTE
    ../clib/microlib/longlong.c              0x00000000   Number         0  llushr.o ABSOLUTE
    ../clib/microlib/longlong.c              0x00000000   Number         0  llshl.o ABSOLUTE
    ../clib/microlib/printf/printf.c         0x00000000   Number         0  printfa.o ABSOLUTE
    ../clib/microlib/printf/printf.c         0x00000000   Number         0  printf8.o ABSOLUTE
    ../clib/microlib/printf/printf.c         0x00000000   Number         0  printf7.o ABSOLUTE
    ../clib/microlib/printf/printf.c         0x00000000   Number         0  printf5.o ABSOLUTE
    ../clib/microlib/printf/printf.c         0x00000000   Number         0  printf4.o ABSOLUTE
    ../clib/microlib/printf/printf.c         0x00000000   Number         0  printfb.o ABSOLUTE
    ../clib/microlib/printf/printf.c         0x00000000   Number         0  printf0.o ABSOLUTE
    ../clib/microlib/printf/printf.c         0x00000000   Number         0  printf1.o ABSOLUTE
    ../clib/microlib/printf/printf.c         0x00000000   Number         0  printf2.o ABSOLUTE
    ../clib/microlib/printf/printf.c         0x00000000   Number         0  printf3.o ABSOLUTE
    ../clib/microlib/printf/printf.c         0x00000000   Number         0  printf6.o ABSOLUTE
    ../clib/microlib/printf/stubs.s          0x00000000   Number         0  stubs.o ABSOLUTE
    ../clib/microlib/stdio/streams.c         0x00000000   Number         0  stdout.o ABSOLUTE
    ../clib/microlib/string/strcmp.c         0x00000000   Number         0  strcmp.o ABSOLUTE
    ../clib/microlib/stubs.s                 0x00000000   Number         0  iusefp.o ABSOLUTE
    ../fplib/microlib/f2d.c                  0x00000000   Number         0  f2d.o ABSOLUTE
    ../fplib/microlib/fpadd.c                0x00000000   Number         0  dadd.o ABSOLUTE
    ../fplib/microlib/fpadd.c                0x00000000   Number         0  fadd.o ABSOLUTE
    ../fplib/microlib/fpdiv.c                0x00000000   Number         0  ddiv.o ABSOLUTE
    ../fplib/microlib/fpdiv.c                0x00000000   Number         0  fdiv.o ABSOLUTE
    ../fplib/microlib/fpepilogue.c           0x00000000   Number         0  depilogue.o ABSOLUTE
    ../fplib/microlib/fpepilogue.c           0x00000000   Number         0  fepilogue.o ABSOLUTE
    ../fplib/microlib/fpfix.c                0x00000000   Number         0  dfixui.o ABSOLUTE
    ../fplib/microlib/fpfix.c                0x00000000   Number         0  dfixul.o ABSOLUTE
    ../fplib/microlib/fpflt.c                0x00000000   Number         0  ffltui.o ABSOLUTE
    ../fplib/microlib/fpmul.c                0x00000000   Number         0  dmul.o ABSOLUTE
    ..\CORE\core_cm3.c                       0x00000000   Number         0  core_cm3.o ABSOLUTE
    ..\CORE\startup_stm32f10x_md.s           0x00000000   Number         0  startup_stm32f10x_md.o ABSOLUTE
    ..\HARDWARE\LED.c                        0x00000000   Number         0  led.o ABSOLUTE
    ..\HARDWARE\OLED\oled.c                  0x00000000   Number         0  oled.o ABSOLUTE
    ..\HARDWARE\commonhead.c                 0x00000000   Number         0  commonhead.o ABSOLUTE
    ..\HARDWARE\control.c                    0x00000000   Number         0  control.o ABSOLUTE
    ..\HARDWARE\hcsr04.c                     0x00000000   Number         0  hcsr04.o ABSOLUTE
    ..\HARDWARE\hoare.c                      0x00000000   Number         0  hoare.o ABSOLUTE
    ..\HARDWARE\left_control.c               0x00000000   Number         0  left_control.o ABSOLUTE
    ..\HARDWARE\right_control.c              0x00000000   Number         0  right_control.o ABSOLUTE
    ..\HARDWARE\timer2.c                     0x00000000   Number         0  timer2.o ABSOLUTE
    ..\HARDWARE\timer4.c                     0x00000000   Number         0  timer4.o ABSOLUTE
    ..\HARDWARE\usart1.c                     0x00000000   Number         0  usart1.o ABSOLUTE
    ..\HARDWARE\usart3.c                     0x00000000   Number         0  usart3.o ABSOLUTE
    ..\STM32F10x_FWLib\src\misc.c            0x00000000   Number         0  misc.o ABSOLUTE
    ..\STM32F10x_FWLib\src\stm32f10x_adc.c   0x00000000   Number         0  stm32f10x_adc.o ABSOLUTE
    ..\STM32F10x_FWLib\src\stm32f10x_bkp.c   0x00000000   Number         0  stm32f10x_bkp.o ABSOLUTE
    ..\STM32F10x_FWLib\src\stm32f10x_can.c   0x00000000   Number         0  stm32f10x_can.o ABSOLUTE
    ..\STM32F10x_FWLib\src\stm32f10x_cec.c   0x00000000   Number         0  stm32f10x_cec.o ABSOLUTE
    ..\STM32F10x_FWLib\src\stm32f10x_crc.c   0x00000000   Number         0  stm32f10x_crc.o ABSOLUTE
    ..\STM32F10x_FWLib\src\stm32f10x_dac.c   0x00000000   Number         0  stm32f10x_dac.o ABSOLUTE
    ..\STM32F10x_FWLib\src\stm32f10x_dbgmcu.c 0x00000000   Number         0  stm32f10x_dbgmcu.o ABSOLUTE
    ..\STM32F10x_FWLib\src\stm32f10x_dma.c   0x00000000   Number         0  stm32f10x_dma.o ABSOLUTE
    ..\STM32F10x_FWLib\src\stm32f10x_exti.c  0x00000000   Number         0  stm32f10x_exti.o ABSOLUTE
    ..\STM32F10x_FWLib\src\stm32f10x_flash.c 0x00000000   Number         0  stm32f10x_flash.o ABSOLUTE
    ..\STM32F10x_FWLib\src\stm32f10x_fsmc.c  0x00000000   Number         0  stm32f10x_fsmc.o ABSOLUTE
    ..\STM32F10x_FWLib\src\stm32f10x_gpio.c  0x00000000   Number         0  stm32f10x_gpio.o ABSOLUTE
    ..\STM32F10x_FWLib\src\stm32f10x_i2c.c   0x00000000   Number         0  stm32f10x_i2c.o ABSOLUTE
    ..\STM32F10x_FWLib\src\stm32f10x_iwdg.c  0x00000000   Number         0  stm32f10x_iwdg.o ABSOLUTE
    ..\STM32F10x_FWLib\src\stm32f10x_pwr.c   0x00000000   Number         0  stm32f10x_pwr.o ABSOLUTE
    ..\STM32F10x_FWLib\src\stm32f10x_rcc.c   0x00000000   Number         0  stm32f10x_rcc.o ABSOLUTE
    ..\STM32F10x_FWLib\src\stm32f10x_rtc.c   0x00000000   Number         0  stm32f10x_rtc.o ABSOLUTE
    ..\STM32F10x_FWLib\src\stm32f10x_sdio.c  0x00000000   Number         0  stm32f10x_sdio.o ABSOLUTE
    ..\STM32F10x_FWLib\src\stm32f10x_spi.c   0x00000000   Number         0  stm32f10x_spi.o ABSOLUTE
    ..\STM32F10x_FWLib\src\stm32f10x_tim.c   0x00000000   Number         0  stm32f10x_tim.o ABSOLUTE
    ..\STM32F10x_FWLib\src\stm32f10x_usart.c 0x00000000   Number         0  stm32f10x_usart.o ABSOLUTE
    ..\STM32F10x_FWLib\src\stm32f10x_wwdg.c  0x00000000   Number         0  stm32f10x_wwdg.o ABSOLUTE
    ..\SYSTEM\delay\delay.c                  0x00000000   Number         0  delay.o ABSOLUTE
    ..\SYSTEM\sys\sys.c                      0x00000000   Number         0  sys.o ABSOLUTE
    ..\\CORE\\core_cm3.c                     0x00000000   Number         0  core_cm3.o ABSOLUTE
    ..\\SYSTEM\\sys\\sys.c                   0x00000000   Number         0  sys.o ABSOLUTE
    cdcmple.s                                0x00000000   Number         0  cdcmple.o ABSOLUTE
    cdrcmple.s                               0x00000000   Number         0  cdrcmple.o ABSOLUTE
    dc.s                                     0x00000000   Number         0  dc.o ABSOLUTE
    handlers.s                               0x00000000   Number         0  handlers.o ABSOLUTE
    init.s                                   0x00000000   Number         0  init.o ABSOLUTE
    main.c                                   0x00000000   Number         0  main.o ABSOLUTE
    stm32f10x_it.c                           0x00000000   Number         0  stm32f10x_it.o ABSOLUTE
    system_stm32f10x.c                       0x00000000   Number         0  system_stm32f10x.o ABSOLUTE
    RESET                                    0x08000000   Section      236  startup_stm32f10x_md.o(RESET)
    .ARM.Collect$$$$00000000                 0x080000ec   Section        0  entry.o(.ARM.Collect$$$$00000000)
    .ARM.Collect$$$$00000001                 0x080000ec   Section        4  entry2.o(.ARM.Collect$$$$00000001)
    .ARM.Collect$$$$00000004                 0x080000f0   Section        4  entry5.o(.ARM.Collect$$$$00000004)
    .ARM.Collect$$$$00000008                 0x080000f4   Section        0  entry7b.o(.ARM.Collect$$$$00000008)
    .ARM.Collect$$$$0000000A                 0x080000f4   Section        0  entry8b.o(.ARM.Collect$$$$0000000A)
    .ARM.Collect$$$$0000000B                 0x080000f4   Section        8  entry9a.o(.ARM.Collect$$$$0000000B)
    .ARM.Collect$$$$0000000D                 0x080000fc   Section        0  entry10a.o(.ARM.Collect$$$$0000000D)
    .ARM.Collect$$$$0000000F                 0x080000fc   Section        0  entry11a.o(.ARM.Collect$$$$0000000F)
    .ARM.Collect$$$$00002712                 0x080000fc   Section        4  entry2.o(.ARM.Collect$$$$00002712)
    __lit__00000000                          0x080000fc   Data           4  entry2.o(.ARM.Collect$$$$00002712)
    .text                                    0x08000100   Section       36  startup_stm32f10x_md.o(.text)
    .text                                    0x08000124   Section        0  strcmp.o(.text)
    .text                                    0x08000140   Section        0  fadd.o(.text)
    .text                                    0x080001f0   Section        0  fdiv.o(.text)
    .text                                    0x0800026c   Section        0  ddiv.o(.text)
    .text                                    0x0800034a   Section        0  ffltui.o(.text)
    .text                                    0x08000354   Section        0  dfixui.o(.text)
    .text                                    0x08000386   Section        0  f2d.o(.text)
    .text                                    0x080003ac   Section       48  cdcmple.o(.text)
    .text                                    0x080003dc   Section        0  uidiv.o(.text)
    .text                                    0x08000408   Section        0  uldiv.o(.text)
    .text                                    0x0800046a   Section        0  llushr.o(.text)
    .text                                    0x0800048a   Section        0  fepilogue.o(.text)
    .text                                    0x0800048a   Section        0  iusefp.o(.text)
    .text                                    0x080004f8   Section        0  depilogue.o(.text)
    .text                                    0x080005b2   Section        0  dadd.o(.text)
    .text                                    0x08000700   Section        0  dmul.o(.text)
    .text                                    0x080007e4   Section        0  dfixul.o(.text)
    .text                                    0x08000814   Section       48  cdrcmple.o(.text)
    .text                                    0x08000844   Section       36  init.o(.text)
    .text                                    0x08000868   Section        0  llshl.o(.text)
    .text                                    0x08000886   Section        0  llsshr.o(.text)
    .text                                    0x080008aa   Section        0  __dczerorl2.o(.text)
    i.Back                                   0x08000900   Section        0  control.o(i.Back)
    i.BusFault_Handler                       0x08000914   Section        0  stm32f10x_it.o(i.BusFault_Handler)
    i.CloseTimerForHc                        0x08000918   Section        0  hcsr04.o(i.CloseTimerForHc)
    CloseTimerForHc                          0x08000919   Thumb Code    12  hcsr04.o(i.CloseTimerForHc)
    i.DebugMon_Handler                       0x08000928   Section        0  stm32f10x_it.o(i.DebugMon_Handler)
    i.GPIO_Init                              0x0800092a   Section        0  stm32f10x_gpio.o(i.GPIO_Init)
    i.GPIO_ReadInputDataBit                  0x08000a40   Section        0  stm32f10x_gpio.o(i.GPIO_ReadInputDataBit)
    i.GPIO_ResetBits                         0x08000a52   Section        0  stm32f10x_gpio.o(i.GPIO_ResetBits)
    i.GPIO_SetBits                           0x08000a56   Section        0  stm32f10x_gpio.o(i.GPIO_SetBits)
    i.GetEchoTimer                           0x08000a5c   Section        0  hcsr04.o(i.GetEchoTimer)
    i.Go                                     0x08000a90   Section        0  control.o(i.Go)
    i.HOARE_Init                             0x08000aa4   Section        0  hoare.o(i.HOARE_Init)
    i.HardFault_Handler                      0x08000ac8   Section        0  stm32f10x_it.o(i.HardFault_Handler)
    i.Hcsr04GetLength                        0x08000acc   Section        0  hcsr04.o(i.Hcsr04GetLength)
    i.I2C_Start                              0x08000bb8   Section        0  oled.o(i.I2C_Start)
    i.I2C_Stop                               0x08000be0   Section        0  oled.o(i.I2C_Stop)
    i.I2C_WaitAck                            0x08000c00   Section        0  oled.o(i.I2C_WaitAck)
    i.LED_Init                               0x08000c18   Section        0  led.o(i.LED_Init)
    i.Left_dianji_Init                       0x08000c58   Section        0  left_control.o(i.Left_dianji_Init)
    i.Left_dianji_fanzhuan                   0x08000c94   Section        0  left_control.o(i.Left_dianji_fanzhuan)
    i.Left_dianji_zhenzhuan                  0x08000cbc   Section        0  left_control.o(i.Left_dianji_zhenzhuan)
    i.MemManage_Handler                      0x08000ce4   Section        0  stm32f10x_it.o(i.MemManage_Handler)
    i.NMI_Handler                            0x08000ce8   Section        0  stm32f10x_it.o(i.NMI_Handler)
    i.NVIC_Configurationusart3               0x08000cea   Section        0  usart3.o(i.NVIC_Configurationusart3)
    i.NVIC_Init                              0x08000d10   Section        0  misc.o(i.NVIC_Init)
    i.NVIC_PriorityGroupConfig               0x08000d80   Section        0  misc.o(i.NVIC_PriorityGroupConfig)
    i.OLED_Clear                             0x08000d94   Section        0  oled.o(i.OLED_Clear)
    i.OLED_ClearPoint                        0x08000dc4   Section        0  oled.o(i.OLED_ClearPoint)
    i.OLED_ColorTurn                         0x08000e24   Section        0  oled.o(i.OLED_ColorTurn)
    i.OLED_DisplayTurn                       0x08000e40   Section        0  oled.o(i.OLED_DisplayTurn)
    i.OLED_DrawCircle                        0x08000e6c   Section        0  oled.o(i.OLED_DrawCircle)
    i.OLED_DrawLine                          0x08000f04   Section        0  oled.o(i.OLED_DrawLine)
    i.OLED_DrawPoint                         0x08000fb4   Section        0  oled.o(i.OLED_DrawPoint)
    i.OLED_Init                              0x08000ff0   Section        0  oled.o(i.OLED_Init)
    i.OLED_Pow                               0x08001160   Section        0  oled.o(i.OLED_Pow)
    i.OLED_Refresh                           0x08001178   Section        0  oled.o(i.OLED_Refresh)
    i.OLED_ShowChar                          0x080011c4   Section        0  oled.o(i.OLED_ShowChar)
    i.OLED_ShowChinese                       0x080012c0   Section        0  oled.o(i.OLED_ShowChinese)
    i.OLED_ShowNum                           0x080013c8   Section        0  oled.o(i.OLED_ShowNum)
    i.OLED_WR_Byte                           0x0800143c   Section        0  oled.o(i.OLED_WR_Byte)
    i.OpenTimerForHc                         0x08001474   Section        0  hcsr04.o(i.OpenTimerForHc)
    OpenTimerForHc                           0x08001475   Thumb Code    26  hcsr04.o(i.OpenTimerForHc)
    i.PendSV_Handler                         0x08001498   Section        0  stm32f10x_it.o(i.PendSV_Handler)
    i.RCC_APB1PeriphClockCmd                 0x0800149c   Section        0  stm32f10x_rcc.o(i.RCC_APB1PeriphClockCmd)
    i.RCC_APB2PeriphClockCmd                 0x080014bc   Section        0  stm32f10x_rcc.o(i.RCC_APB2PeriphClockCmd)
    i.RCC_GetClocksFreq                      0x080014dc   Section        0  stm32f10x_rcc.o(i.RCC_GetClocksFreq)
    i.Right_dianji_Init                      0x080015b0   Section        0  right_control.o(i.Right_dianji_Init)
    i.Right_dianji_fanzhuan                  0x080015ec   Section        0  right_control.o(i.Right_dianji_fanzhuan)
    i.Right_dianji_zhenzhuan                 0x08001610   Section        0  right_control.o(i.Right_dianji_zhenzhuan)
    i.SVC_Handler                            0x08001634   Section        0  stm32f10x_it.o(i.SVC_Handler)
    i.Send_Byte                              0x08001638   Section        0  oled.o(i.Send_Byte)
    i.SetSysClock                            0x08001684   Section        0  system_stm32f10x.o(i.SetSysClock)
    SetSysClock                              0x08001685   Thumb Code     8  system_stm32f10x.o(i.SetSysClock)
    i.SetSysClockTo72                        0x0800168c   Section        0  system_stm32f10x.o(i.SetSysClockTo72)
    SetSysClockTo72                          0x0800168d   Thumb Code   214  system_stm32f10x.o(i.SetSysClockTo72)
    i.Stop                                   0x0800176c   Section        0  control.o(i.Stop)
    i.SysTick_CLKSourceConfig                0x080017a0   Section        0  misc.o(i.SysTick_CLKSourceConfig)
    i.SysTick_Handler                        0x080017c8   Section        0  stm32f10x_it.o(i.SysTick_Handler)
    i.SystemInit                             0x080017cc   Section        0  system_stm32f10x.o(i.SystemInit)
    i.SystemInit1                            0x0800182c   Section        0  commonhead.o(i.SystemInit1)
    i.TIM2_IRQHandler                        0x080018dc   Section        0  timer2.o(i.TIM2_IRQHandler)
    i.TIM2_PWM_Init                          0x0800190c   Section        0  timer2.o(i.TIM2_PWM_Init)
    i.TIM3_IRQHandler                        0x080019b4   Section        0  hcsr04.o(i.TIM3_IRQHandler)
    i.TIM4_PWM_Init                          0x080019dc   Section        0  timer4.o(i.TIM4_PWM_Init)
    i.TIM_ARRPreloadConfig                   0x08001a88   Section        0  stm32f10x_tim.o(i.TIM_ARRPreloadConfig)
    i.TIM_ClearITPendingBit                  0x08001aa0   Section        0  stm32f10x_tim.o(i.TIM_ClearITPendingBit)
    i.TIM_Cmd                                0x08001aa6   Section        0  stm32f10x_tim.o(i.TIM_Cmd)
    i.TIM_GetCounter                         0x08001abe   Section        0  stm32f10x_tim.o(i.TIM_GetCounter)
    i.TIM_GetITStatus                        0x08001ac4   Section        0  stm32f10x_tim.o(i.TIM_GetITStatus)
    i.TIM_OC1Init                            0x08001ae8   Section        0  stm32f10x_tim.o(i.TIM_OC1Init)
    i.TIM_OC1PreloadConfig                   0x08001b80   Section        0  stm32f10x_tim.o(i.TIM_OC1PreloadConfig)
    i.TIM_OC2Init                            0x08001b94   Section        0  stm32f10x_tim.o(i.TIM_OC2Init)
    i.TIM_OC2PreloadConfig                   0x08001c38   Section        0  stm32f10x_tim.o(i.TIM_OC2PreloadConfig)
    i.TIM_OC3Init                            0x08001c54   Section        0  stm32f10x_tim.o(i.TIM_OC3Init)
    i.TIM_OC3PreloadConfig                   0x08001cf4   Section        0  stm32f10x_tim.o(i.TIM_OC3PreloadConfig)
    i.TIM_SetCompare1                        0x08001d06   Section        0  stm32f10x_tim.o(i.TIM_SetCompare1)
    i.TIM_SetCompare3                        0x08001d0a   Section        0  stm32f10x_tim.o(i.TIM_SetCompare3)
    i.TIM_SetCounter                         0x08001d0e   Section        0  stm32f10x_tim.o(i.TIM_SetCounter)
    i.TIM_TimeBaseInit                       0x08001d14   Section        0  stm32f10x_tim.o(i.TIM_TimeBaseInit)
    i.TurnL1                                 0x08001db8   Section        0  control.o(i.TurnL1)
    i.TurnL2                                 0x08001dcc   Section        0  control.o(i.TurnL2)
    i.TurnR1                                 0x08001de0   Section        0  control.o(i.TurnR1)
    i.TurnR2                                 0x08001df4   Section        0  control.o(i.TurnR2)
    i.USART1_Config                          0x08001e08   Section        0  usart1.o(i.USART1_Config)
    i.USART3_Config                          0x08001e84   Section        0  usart3.o(i.USART3_Config)
    i.USART3_IRQHandler                      0x08001f14   Section        0  usart3.o(i.USART3_IRQHandler)
    i.USART_Cmd                              0x0800208c   Section        0  stm32f10x_usart.o(i.USART_Cmd)
    i.USART_GetFlagStatus                    0x080020a4   Section        0  stm32f10x_usart.o(i.USART_GetFlagStatus)
    i.USART_GetITStatus                      0x080020be   Section        0  stm32f10x_usart.o(i.USART_GetITStatus)
    i.USART_ITConfig                         0x08002112   Section        0  stm32f10x_usart.o(i.USART_ITConfig)
    i.USART_Init                             0x0800215c   Section        0  stm32f10x_usart.o(i.USART_Init)
    i.USART_ReceiveData                      0x08002234   Section        0  stm32f10x_usart.o(i.USART_ReceiveData)
    i.USART_SendData                         0x0800223e   Section        0  stm32f10x_usart.o(i.USART_SendData)
    i.UsageFault_Handler                     0x08002246   Section        0  stm32f10x_it.o(i.UsageFault_Handler)
    i.__0printf                              0x0800224c   Section        0  printfa.o(i.__0printf)
    i.__scatterload_copy                     0x0800226c   Section       14  handlers.o(i.__scatterload_copy)
    i.__scatterload_null                     0x0800227a   Section        2  handlers.o(i.__scatterload_null)
    i.__scatterload_zeroinit                 0x0800227c   Section       14  handlers.o(i.__scatterload_zeroinit)
    i._fp_digits                             0x0800228c   Section        0  printfa.o(i._fp_digits)
    _fp_digits                               0x0800228d   Thumb Code   366  printfa.o(i._fp_digits)
    i._printf_core                           0x08002410   Section        0  printfa.o(i._printf_core)
    _printf_core                             0x08002411   Thumb Code  1744  printfa.o(i._printf_core)
    i._printf_post_padding                   0x08002aec   Section        0  printfa.o(i._printf_post_padding)
    _printf_post_padding                     0x08002aed   Thumb Code    36  printfa.o(i._printf_post_padding)
    i._printf_pre_padding                    0x08002b10   Section        0  printfa.o(i._printf_pre_padding)
    _printf_pre_padding                      0x08002b11   Thumb Code    46  printfa.o(i._printf_pre_padding)
    i.delay_init                             0x08002b40   Section        0  delay.o(i.delay_init)
    i.delay_ms                               0x08002b84   Section        0  delay.o(i.delay_ms)
    i.delay_us                               0x08002bd0   Section        0  delay.o(i.delay_us)
    i.fputc                                  0x08002c1c   Section        0  usart1.o(i.fputc)
    i.main                                   0x08002c40   Section        0  main.o(i.main)
    .constdata                               0x08002ed4   Section     6080  oled.o(.constdata)
    .data                                    0x20000000   Section        4  main.o(.data)
    .data                                    0x20000004   Section       20  system_stm32f10x.o(.data)
    .data                                    0x20000018   Section        1  commonhead.o(.data)
    .data                                    0x20000019   Section        2  usart3.o(.data)
    .data                                    0x2000001b   Section     5624  oled.o(.data)
    .data                                    0x20001614   Section        2  hcsr04.o(.data)
    .data                                    0x20001616   Section       20  stm32f10x_rcc.o(.data)
    APBAHBPrescTable                         0x20001616   Data          16  stm32f10x_rcc.o(.data)
    ADCPrescTable                            0x20001626   Data           4  stm32f10x_rcc.o(.data)
    .data                                    0x2000162a   Section        4  delay.o(.data)
    fac_us                                   0x2000162a   Data           1  delay.o(.data)
    fac_ms                                   0x2000162c   Data           2  delay.o(.data)
    .data                                    0x20001630   Section        4  stdout.o(.data)
    .bss                                     0x20001634   Section      200  usart3.o(.bss)
    .bss                                     0x200016fc   Section     1152  oled.o(.bss)
    STACK                                    0x20001b80   Section     1024  startup_stm32f10x_md.o(STACK)

    Global Symbols

    Symbol Name                              Value     Ov Type        Size  Object(Section)

    BuildAttributes$$THM_ISAv4$P$D$K$B$S$PE$A:L22UL41UL21$X:L11$S22US41US21$IEEE1$IW$USESV6$~STKCKD$USESV7$~SHL$OTIME$ROPI$EBA8$MICROLIB$REQ8$PRES8$EABIv2 0x00000000   Number         0  anon$$obj.o ABSOLUTE
    __ARM_use_no_argv                        0x00000000   Number         0  main.o ABSOLUTE
    _printf_a                                0x00000000   Number         0  stubs.o ABSOLUTE
    _printf_c                                0x00000000   Number         0  stubs.o ABSOLUTE
    _printf_charcount                        0x00000000   Number         0  stubs.o ABSOLUTE
    _printf_d                                0x00000000   Number         0  stubs.o ABSOLUTE
    _printf_e                                0x00000000   Number         0  stubs.o ABSOLUTE
    _printf_f                                0x00000000   Number         0  stubs.o ABSOLUTE
    _printf_flags                            0x00000000   Number         0  stubs.o ABSOLUTE
    _printf_fp_dec                           0x00000000   Number         0  stubs.o ABSOLUTE
    _printf_fp_hex                           0x00000000   Number         0  stubs.o ABSOLUTE
    _printf_g                                0x00000000   Number         0  stubs.o ABSOLUTE
    _printf_i                                0x00000000   Number         0  stubs.o ABSOLUTE
    _printf_int_dec                          0x00000000   Number         0  stubs.o ABSOLUTE
    _printf_l                                0x00000000   Number         0  stubs.o ABSOLUTE
    _printf_lc                               0x00000000   Number         0  stubs.o ABSOLUTE
    _printf_ll                               0x00000000   Number         0  stubs.o ABSOLUTE
    _printf_lld                              0x00000000   Number         0  stubs.o ABSOLUTE
    _printf_lli                              0x00000000   Number         0  stubs.o ABSOLUTE
    _printf_llo                              0x00000000   Number         0  stubs.o ABSOLUTE
    _printf_llu                              0x00000000   Number         0  stubs.o ABSOLUTE
    _printf_llx                              0x00000000   Number         0  stubs.o ABSOLUTE
    _printf_longlong_dec                     0x00000000   Number         0  stubs.o ABSOLUTE
    _printf_longlong_hex                     0x00000000   Number         0  stubs.o ABSOLUTE
    _printf_longlong_oct                     0x00000000   Number         0  stubs.o ABSOLUTE
    _printf_ls                               0x00000000   Number         0  stubs.o ABSOLUTE
    _printf_mbtowc                           0x00000000   Number         0  stubs.o ABSOLUTE
    _printf_n                                0x00000000   Number         0  stubs.o ABSOLUTE
    _printf_o                                0x00000000   Number         0  stubs.o ABSOLUTE
    _printf_p                                0x00000000   Number         0  stubs.o ABSOLUTE
    _printf_percent                          0x00000000   Number         0  stubs.o ABSOLUTE
    _printf_pre_padding                      0x00000000   Number         0  stubs.o ABSOLUTE
    _printf_return_value                     0x00000000   Number         0  stubs.o ABSOLUTE
    _printf_s                                0x00000000   Number         0  stubs.o ABSOLUTE
    _printf_sizespec                         0x00000000   Number         0  stubs.o ABSOLUTE
    _printf_str                              0x00000000   Number         0  stubs.o ABSOLUTE
    _printf_truncate_signed                  0x00000000   Number         0  stubs.o ABSOLUTE
    _printf_truncate_unsigned                0x00000000   Number         0  stubs.o ABSOLUTE
    _printf_u                                0x00000000   Number         0  stubs.o ABSOLUTE
    _printf_wc                               0x00000000   Number         0  stubs.o ABSOLUTE
    _printf_wctomb                           0x00000000   Number         0  stubs.o ABSOLUTE
    _printf_widthprec                        0x00000000   Number         0  stubs.o ABSOLUTE
    _printf_x                                0x00000000   Number         0  stubs.o ABSOLUTE
    __cpp_initialize__aeabi_                  - Undefined Weak Reference
    __cxa_finalize                            - Undefined Weak Reference
    _clock_init                               - Undefined Weak Reference
    _microlib_exit                            - Undefined Weak Reference
    __Vectors_Size                           0x000000ec   Number         0  startup_stm32f10x_md.o ABSOLUTE
    __Vectors                                0x08000000   Data           4  startup_stm32f10x_md.o(RESET)
    __Vectors_End                            0x080000ec   Data           0  startup_stm32f10x_md.o(RESET)
    __main                                   0x080000ed   Thumb Code     0  entry.o(.ARM.Collect$$$$00000000)
    _main_stk                                0x080000ed   Thumb Code     0  entry2.o(.ARM.Collect$$$$00000001)
    _main_scatterload                        0x080000f1   Thumb Code     0  entry5.o(.ARM.Collect$$$$00000004)
    __main_after_scatterload                 0x080000f5   Thumb Code     0  entry5.o(.ARM.Collect$$$$00000004)
    _main_clock                              0x080000f5   Thumb Code     0  entry7b.o(.ARM.Collect$$$$00000008)
    _main_cpp_init                           0x080000f5   Thumb Code     0  entry8b.o(.ARM.Collect$$$$0000000A)
    _main_init                               0x080000f5   Thumb Code     0  entry9a.o(.ARM.Collect$$$$0000000B)
    __rt_final_cpp                           0x080000fd   Thumb Code     0  entry10a.o(.ARM.Collect$$$$0000000D)
    __rt_final_exit                          0x080000fd   Thumb Code     0  entry11a.o(.ARM.Collect$$$$0000000F)
    Reset_Handler                            0x08000101   Thumb Code     8  startup_stm32f10x_md.o(.text)
    ADC1_2_IRQHandler                        0x0800011b   Thumb Code     0  startup_stm32f10x_md.o(.text)
    CAN1_RX1_IRQHandler                      0x0800011b   Thumb Code     0  startup_stm32f10x_md.o(.text)
    CAN1_SCE_IRQHandler                      0x0800011b   Thumb Code     0  startup_stm32f10x_md.o(.text)
    DMA1_Channel1_IRQHandler                 0x0800011b   Thumb Code     0  startup_stm32f10x_md.o(.text)
    DMA1_Channel2_IRQHandler                 0x0800011b   Thumb Code     0  startup_stm32f10x_md.o(.text)
    DMA1_Channel3_IRQHandler                 0x0800011b   Thumb Code     0  startup_stm32f10x_md.o(.text)
    DMA1_Channel4_IRQHandler                 0x0800011b   Thumb Code     0  startup_stm32f10x_md.o(.text)
    DMA1_Channel5_IRQHandler                 0x0800011b   Thumb Code     0  startup_stm32f10x_md.o(.text)
    DMA1_Channel6_IRQHandler                 0x0800011b   Thumb Code     0  startup_stm32f10x_md.o(.text)
    DMA1_Channel7_IRQHandler                 0x0800011b   Thumb Code     0  startup_stm32f10x_md.o(.text)
    EXTI0_IRQHandler                         0x0800011b   Thumb Code     0  startup_stm32f10x_md.o(.text)
    EXTI15_10_IRQHandler                     0x0800011b   Thumb Code     0  startup_stm32f10x_md.o(.text)
    EXTI1_IRQHandler                         0x0800011b   Thumb Code     0  startup_stm32f10x_md.o(.text)
    EXTI2_IRQHandler                         0x0800011b   Thumb Code     0  startup_stm32f10x_md.o(.text)
    EXTI3_IRQHandler                         0x0800011b   Thumb Code     0  startup_stm32f10x_md.o(.text)
    EXTI4_IRQHandler                         0x0800011b   Thumb Code     0  startup_stm32f10x_md.o(.text)
    EXTI9_5_IRQHandler                       0x0800011b   Thumb Code     0  startup_stm32f10x_md.o(.text)
    FLASH_IRQHandler                         0x0800011b   Thumb Code     0  startup_stm32f10x_md.o(.text)
    I2C1_ER_IRQHandler                       0x0800011b   Thumb Code     0  startup_stm32f10x_md.o(.text)
    I2C1_EV_IRQHandler                       0x0800011b   Thumb Code     0  startup_stm32f10x_md.o(.text)
    I2C2_ER_IRQHandler                       0x0800011b   Thumb Code     0  startup_stm32f10x_md.o(.text)
    I2C2_EV_IRQHandler                       0x0800011b   Thumb Code     0  startup_stm32f10x_md.o(.text)
    PVD_IRQHandler                           0x0800011b   Thumb Code     0  startup_stm32f10x_md.o(.text)
    RCC_IRQHandler                           0x0800011b   Thumb Code     0  startup_stm32f10x_md.o(.text)
    RTCAlarm_IRQHandler                      0x0800011b   Thumb Code     0  startup_stm32f10x_md.o(.text)
    RTC_IRQHandler                           0x0800011b   Thumb Code     0  startup_stm32f10x_md.o(.text)
    SPI1_IRQHandler                          0x0800011b   Thumb Code     0  startup_stm32f10x_md.o(.text)
    SPI2_IRQHandler                          0x0800011b   Thumb Code     0  startup_stm32f10x_md.o(.text)
    TAMPER_IRQHandler                        0x0800011b   Thumb Code     0  startup_stm32f10x_md.o(.text)
    TIM1_BRK_IRQHandler                      0x0800011b   Thumb Code     0  startup_stm32f10x_md.o(.text)
    TIM1_CC_IRQHandler                       0x0800011b   Thumb Code     0  startup_stm32f10x_md.o(.text)
    TIM1_TRG_COM_IRQHandler                  0x0800011b   Thumb Code     0  startup_stm32f10x_md.o(.text)
    TIM1_UP_IRQHandler                       0x0800011b   Thumb Code     0  startup_stm32f10x_md.o(.text)
    TIM4_IRQHandler                          0x0800011b   Thumb Code     0  startup_stm32f10x_md.o(.text)
    USART1_IRQHandler                        0x0800011b   Thumb Code     0  startup_stm32f10x_md.o(.text)
    USART2_IRQHandler                        0x0800011b   Thumb Code     0  startup_stm32f10x_md.o(.text)
    USBWakeUp_IRQHandler                     0x0800011b   Thumb Code     0  startup_stm32f10x_md.o(.text)
    USB_HP_CAN1_TX_IRQHandler                0x0800011b   Thumb Code     0  startup_stm32f10x_md.o(.text)
    USB_LP_CAN1_RX0_IRQHandler               0x0800011b   Thumb Code     0  startup_stm32f10x_md.o(.text)
    WWDG_IRQHandler                          0x0800011b   Thumb Code     0  startup_stm32f10x_md.o(.text)
    strcmp                                   0x08000125   Thumb Code    28  strcmp.o(.text)
    __aeabi_fadd                             0x08000141   Thumb Code   164  fadd.o(.text)
    __aeabi_fsub                             0x080001e5   Thumb Code     6  fadd.o(.text)
    __aeabi_frsub                            0x080001eb   Thumb Code     6  fadd.o(.text)
    __aeabi_fdiv                             0x080001f1   Thumb Code   124  fdiv.o(.text)
    __aeabi_ddiv                             0x0800026d   Thumb Code   222  ddiv.o(.text)
    __aeabi_ui2f                             0x0800034b   Thumb Code    10  ffltui.o(.text)
    __aeabi_d2uiz                            0x08000355   Thumb Code    50  dfixui.o(.text)
    __aeabi_f2d                              0x08000387   Thumb Code    38  f2d.o(.text)
    __aeabi_cdcmpeq                          0x080003ad   Thumb Code     0  cdcmple.o(.text)
    __aeabi_cdcmple                          0x080003ad   Thumb Code    48  cdcmple.o(.text)
    __aeabi_uidiv                            0x080003dd   Thumb Code     0  uidiv.o(.text)
    __aeabi_uidivmod                         0x080003dd   Thumb Code    44  uidiv.o(.text)
    __aeabi_uldivmod                         0x08000409   Thumb Code    98  uldiv.o(.text)
    __aeabi_llsr                             0x0800046b   Thumb Code    32  llushr.o(.text)
    _ll_ushift_r                             0x0800046b   Thumb Code     0  llushr.o(.text)
    __I$use$fp                               0x0800048b   Thumb Code     0  iusefp.o(.text)
    _float_round                             0x0800048b   Thumb Code    18  fepilogue.o(.text)
    _float_epilogue                          0x0800049d   Thumb Code    92  fepilogue.o(.text)
    _double_round                            0x080004f9   Thumb Code    30  depilogue.o(.text)
    _double_epilogue                         0x08000517   Thumb Code   156  depilogue.o(.text)
    __aeabi_dadd                             0x080005b3   Thumb Code   322  dadd.o(.text)
    __aeabi_dsub                             0x080006f5   Thumb Code     6  dadd.o(.text)
    __aeabi_drsub                            0x080006fb   Thumb Code     6  dadd.o(.text)
    __aeabi_dmul                             0x08000701   Thumb Code   228  dmul.o(.text)
    __aeabi_d2ulz                            0x080007e5   Thumb Code    48  dfixul.o(.text)
    __aeabi_cdrcmple                         0x08000815   Thumb Code    48  cdrcmple.o(.text)
    __scatterload                            0x08000845   Thumb Code    28  init.o(.text)
    __scatterload_rt2                        0x08000845   Thumb Code     0  init.o(.text)
    __aeabi_llsl                             0x08000869   Thumb Code    30  llshl.o(.text)
    _ll_shift_l                              0x08000869   Thumb Code     0  llshl.o(.text)
    __aeabi_lasr                             0x08000887   Thumb Code    36  llsshr.o(.text)
    _ll_sshift_r                             0x08000887   Thumb Code     0  llsshr.o(.text)
    __decompress                             0x080008ab   Thumb Code     0  __dczerorl2.o(.text)
    __decompress1                            0x080008ab   Thumb Code    86  __dczerorl2.o(.text)
    Back                                     0x08000901   Thumb Code    20  control.o(i.Back)
    BusFault_Handler                         0x08000915   Thumb Code     4  stm32f10x_it.o(i.BusFault_Handler)
    DebugMon_Handler                         0x08000929   Thumb Code     2  stm32f10x_it.o(i.DebugMon_Handler)
    GPIO_Init                                0x0800092b   Thumb Code   278  stm32f10x_gpio.o(i.GPIO_Init)
    GPIO_ReadInputDataBit                    0x08000a41   Thumb Code    18  stm32f10x_gpio.o(i.GPIO_ReadInputDataBit)
    GPIO_ResetBits                           0x08000a53   Thumb Code     4  stm32f10x_gpio.o(i.GPIO_ResetBits)
    GPIO_SetBits                             0x08000a57   Thumb Code     4  stm32f10x_gpio.o(i.GPIO_SetBits)
    GetEchoTimer                             0x08000a5d   Thumb Code    42  hcsr04.o(i.GetEchoTimer)
    Go                                       0x08000a91   Thumb Code    20  control.o(i.Go)
    HOARE_Init                               0x08000aa5   Thumb Code    32  hoare.o(i.HOARE_Init)
    HardFault_Handler                        0x08000ac9   Thumb Code     4  stm32f10x_it.o(i.HardFault_Handler)
    Hcsr04GetLength                          0x08000acd   Thumb Code   224  hcsr04.o(i.Hcsr04GetLength)
    I2C_Start                                0x08000bb9   Thumb Code    36  oled.o(i.I2C_Start)
    I2C_Stop                                 0x08000be1   Thumb Code    28  oled.o(i.I2C_Stop)
    I2C_WaitAck                              0x08000c01   Thumb Code    20  oled.o(i.I2C_WaitAck)
    LED_Init                                 0x08000c19   Thumb Code    60  led.o(i.LED_Init)
    Left_dianji_Init                         0x08000c59   Thumb Code    54  left_control.o(i.Left_dianji_Init)
    Left_dianji_fanzhuan                     0x08000c95   Thumb Code    30  left_control.o(i.Left_dianji_fanzhuan)
    Left_dianji_zhenzhuan                    0x08000cbd   Thumb Code    30  left_control.o(i.Left_dianji_zhenzhuan)
    MemManage_Handler                        0x08000ce5   Thumb Code     4  stm32f10x_it.o(i.MemManage_Handler)
    NMI_Handler                              0x08000ce9   Thumb Code     2  stm32f10x_it.o(i.NMI_Handler)
    NVIC_Configurationusart3                 0x08000ceb   Thumb Code    38  usart3.o(i.NVIC_Configurationusart3)
    NVIC_Init                                0x08000d11   Thumb Code   100  misc.o(i.NVIC_Init)
    NVIC_PriorityGroupConfig                 0x08000d81   Thumb Code    10  misc.o(i.NVIC_PriorityGroupConfig)
    OLED_Clear                               0x08000d95   Thumb Code    42  oled.o(i.OLED_Clear)
    OLED_ClearPoint                          0x08000dc5   Thumb Code    90  oled.o(i.OLED_ClearPoint)
    OLED_ColorTurn                           0x08000e25   Thumb Code    28  oled.o(i.OLED_ColorTurn)
    OLED_DisplayTurn                         0x08000e41   Thumb Code    44  oled.o(i.OLED_DisplayTurn)
    OLED_DrawCircle                          0x08000e6d   Thumb Code   152  oled.o(i.OLED_DrawCircle)
    OLED_DrawLine                            0x08000f05   Thumb Code   176  oled.o(i.OLED_DrawLine)
    OLED_DrawPoint                           0x08000fb5   Thumb Code    54  oled.o(i.OLED_DrawPoint)
    OLED_Init                                0x08000ff1   Thumb Code   360  oled.o(i.OLED_Init)
    OLED_Pow                                 0x08001161   Thumb Code    22  oled.o(i.OLED_Pow)
    OLED_Refresh                             0x08001179   Thumb Code    70  oled.o(i.OLED_Refresh)
    OLED_ShowChar                            0x080011c5   Thumb Code   240  oled.o(i.OLED_ShowChar)
    OLED_ShowChinese                         0x080012c1   Thumb Code   248  oled.o(i.OLED_ShowChinese)
    OLED_ShowNum                             0x080013c9   Thumb Code   116  oled.o(i.OLED_ShowNum)
    OLED_WR_Byte                             0x0800143d   Thumb Code    56  oled.o(i.OLED_WR_Byte)
    PendSV_Handler                           0x08001499   Thumb Code     2  stm32f10x_it.o(i.PendSV_Handler)
    RCC_APB1PeriphClockCmd                   0x0800149d   Thumb Code    26  stm32f10x_rcc.o(i.RCC_APB1PeriphClockCmd)
    RCC_APB2PeriphClockCmd                   0x080014bd   Thumb Code    26  stm32f10x_rcc.o(i.RCC_APB2PeriphClockCmd)
    RCC_GetClocksFreq                        0x080014dd   Thumb Code   192  stm32f10x_rcc.o(i.RCC_GetClocksFreq)
    Right_dianji_Init                        0x080015b1   Thumb Code    54  right_control.o(i.Right_dianji_Init)
    Right_dianji_fanzhuan                    0x080015ed   Thumb Code    32  right_control.o(i.Right_dianji_fanzhuan)
    Right_dianji_zhenzhuan                   0x08001611   Thumb Code    32  right_control.o(i.Right_dianji_zhenzhuan)
    SVC_Handler                              0x08001635   Thumb Code     2  stm32f10x_it.o(i.SVC_Handler)
    Send_Byte                                0x08001639   Thumb Code    70  oled.o(i.Send_Byte)
    Stop                                     0x0800176d   Thumb Code    48  control.o(i.Stop)
    SysTick_CLKSourceConfig                  0x080017a1   Thumb Code    40  misc.o(i.SysTick_CLKSourceConfig)
    SysTick_Handler                          0x080017c9   Thumb Code     2  stm32f10x_it.o(i.SysTick_Handler)
    SystemInit                               0x080017cd   Thumb Code    78  system_stm32f10x.o(i.SystemInit)
    SystemInit1                              0x0800182d   Thumb Code   172  commonhead.o(i.SystemInit1)
    TIM2_IRQHandler                          0x080018dd   Thumb Code    30  timer2.o(i.TIM2_IRQHandler)
    TIM2_PWM_Init                            0x0800190d   Thumb Code   162  timer2.o(i.TIM2_PWM_Init)
    TIM3_IRQHandler                          0x080019b5   Thumb Code    32  hcsr04.o(i.TIM3_IRQHandler)
    TIM4_PWM_Init                            0x080019dd   Thumb Code   164  timer4.o(i.TIM4_PWM_Init)
    TIM_ARRPreloadConfig                     0x08001a89   Thumb Code    24  stm32f10x_tim.o(i.TIM_ARRPreloadConfig)
    TIM_ClearITPendingBit                    0x08001aa1   Thumb Code     6  stm32f10x_tim.o(i.TIM_ClearITPendingBit)
    TIM_Cmd                                  0x08001aa7   Thumb Code    24  stm32f10x_tim.o(i.TIM_Cmd)
    TIM_GetCounter                           0x08001abf   Thumb Code     6  stm32f10x_tim.o(i.TIM_GetCounter)
    TIM_GetITStatus                          0x08001ac5   Thumb Code    34  stm32f10x_tim.o(i.TIM_GetITStatus)
    TIM_OC1Init                              0x08001ae9   Thumb Code   132  stm32f10x_tim.o(i.TIM_OC1Init)
    TIM_OC1PreloadConfig                     0x08001b81   Thumb Code    18  stm32f10x_tim.o(i.TIM_OC1PreloadConfig)
    TIM_OC2Init                              0x08001b95   Thumb Code   154  stm32f10x_tim.o(i.TIM_OC2Init)
    TIM_OC2PreloadConfig                     0x08001c39   Thumb Code    26  stm32f10x_tim.o(i.TIM_OC2PreloadConfig)
    TIM_OC3Init                              0x08001c55   Thumb Code   150  stm32f10x_tim.o(i.TIM_OC3Init)
    TIM_OC3PreloadConfig                     0x08001cf5   Thumb Code    18  stm32f10x_tim.o(i.TIM_OC3PreloadConfig)
    TIM_SetCompare1                          0x08001d07   Thumb Code     4  stm32f10x_tim.o(i.TIM_SetCompare1)
    TIM_SetCompare3                          0x08001d0b   Thumb Code     4  stm32f10x_tim.o(i.TIM_SetCompare3)
    TIM_SetCounter                           0x08001d0f   Thumb Code     4  stm32f10x_tim.o(i.TIM_SetCounter)
    TIM_TimeBaseInit                         0x08001d15   Thumb Code   122  stm32f10x_tim.o(i.TIM_TimeBaseInit)
    TurnL1                                   0x08001db9   Thumb Code    20  control.o(i.TurnL1)
    TurnL2                                   0x08001dcd   Thumb Code    20  control.o(i.TurnL2)
    TurnR1                                   0x08001de1   Thumb Code    20  control.o(i.TurnR1)
    TurnR2                                   0x08001df5   Thumb Code    20  control.o(i.TurnR2)
    USART1_Config                            0x08001e09   Thumb Code   114  usart1.o(i.USART1_Config)
    USART3_Config                            0x08001e85   Thumb Code   136  usart3.o(i.USART3_Config)
    USART3_IRQHandler                        0x08001f15   Thumb Code   330  usart3.o(i.USART3_IRQHandler)
    USART_Cmd                                0x0800208d   Thumb Code    24  stm32f10x_usart.o(i.USART_Cmd)
    USART_GetFlagStatus                      0x080020a5   Thumb Code    26  stm32f10x_usart.o(i.USART_GetFlagStatus)
    USART_GetITStatus                        0x080020bf   Thumb Code    84  stm32f10x_usart.o(i.USART_GetITStatus)
    USART_ITConfig                           0x08002113   Thumb Code    74  stm32f10x_usart.o(i.USART_ITConfig)
    USART_Init                               0x0800215d   Thumb Code   210  stm32f10x_usart.o(i.USART_Init)
    USART_ReceiveData                        0x08002235   Thumb Code    10  stm32f10x_usart.o(i.USART_ReceiveData)
    USART_SendData                           0x0800223f   Thumb Code     8  stm32f10x_usart.o(i.USART_SendData)
    UsageFault_Handler                       0x08002247   Thumb Code     4  stm32f10x_it.o(i.UsageFault_Handler)
    __0printf                                0x0800224d   Thumb Code    22  printfa.o(i.__0printf)
    __1printf                                0x0800224d   Thumb Code     0  printfa.o(i.__0printf)
    __2printf                                0x0800224d   Thumb Code     0  printfa.o(i.__0printf)
    __c89printf                              0x0800224d   Thumb Code     0  printfa.o(i.__0printf)
    printf                                   0x0800224d   Thumb Code     0  printfa.o(i.__0printf)
    __scatterload_copy                       0x0800226d   Thumb Code    14  handlers.o(i.__scatterload_copy)
    __scatterload_null                       0x0800227b   Thumb Code     2  handlers.o(i.__scatterload_null)
    __scatterload_zeroinit                   0x0800227d   Thumb Code    14  handlers.o(i.__scatterload_zeroinit)
    delay_init                               0x08002b41   Thumb Code    50  delay.o(i.delay_init)
    delay_ms                                 0x08002b85   Thumb Code    72  delay.o(i.delay_ms)
    delay_us                                 0x08002bd1   Thumb Code    72  delay.o(i.delay_us)
    fputc                                    0x08002c1d   Thumb Code    32  usart1.o(i.fputc)
    main                                     0x08002c41   Thumb Code   616  main.o(i.main)
    asc2_1206                                0x08002ed4   Data        1140  oled.o(.constdata)
    asc2_1608                                0x08003348   Data        1520  oled.o(.constdata)
    asc2_2412                                0x08003938   Data        3420  oled.o(.constdata)
    Region$$Table$$Base                      0x08004694   Number         0  anon$$obj.o(Region$$Table)
    Region$$Table$$Limit                     0x080046b4   Number         0  anon$$obj.o(Region$$Table)
    distant                                  0x20000000   Data           4  main.o(.data)
    SystemCoreClock                          0x20000004   Data           4  system_stm32f10x.o(.data)
    AHBPrescTable                            0x20000008   Data          16  system_stm32f10x.o(.data)
    mode_show                                0x20000018   Data           1  commonhead.o(.data)
    uart_byte_count                          0x20000019   Data           1  usart3.o(.data)
    blu_char                                 0x2000001a   Data           1  usart3.o(.data)
    Hzk1                                     0x2000001b   Data         800  oled.o(.data)
    Hzk2                                     0x2000033b   Data         216  oled.o(.data)
    Hzk3                                     0x20000413   Data         512  oled.o(.data)
    Hzk4                                     0x20000613   Data        4096  oled.o(.data)
    msHcCount                                0x20001614   Data           2  hcsr04.o(.data)
    __stdout                                 0x20001630   Data           4  stdout.o(.data)
    Uart3_Rx                                 0x20001634   Data         200  usart3.o(.bss)
    OLED_GRAM                                0x200016fc   Data        1152  oled.o(.bss)
    __initial_sp                             0x20001f80   Data           0  startup_stm32f10x_md.o(STACK)



==============================================================================

Memory Map of the image

  Image Entry point : 0x080000ed

  Load Region LR_IROM1 (Base: 0x08000000, Size: 0x00005ce8, Max: 0x00010000, ABSOLUTE, COMPRESSED[0x00004a08])

    Execution Region ER_IROM1 (Exec base: 0x08000000, Load base: 0x08000000, Size: 0x000046b4, Max: 0x00010000, ABSOLUTE)

    Exec Addr    Load Addr    Size         Type   Attr      Idx    E Section Name        Object

    0x08000000   0x08000000   0x000000ec   Data   RO          806    RESET               startup_stm32f10x_md.o
    0x080000ec   0x080000ec   0x00000000   Code   RO         3991  * .ARM.Collect$$$$00000000  mc_w.l(entry.o)
    0x080000ec   0x080000ec   0x00000004   Code   RO         4271    .ARM.Collect$$$$00000001  mc_w.l(entry2.o)
    0x080000f0   0x080000f0   0x00000004   Code   RO         4274    .ARM.Collect$$$$00000004  mc_w.l(entry5.o)
    0x080000f4   0x080000f4   0x00000000   Code   RO         4276    .ARM.Collect$$$$00000008  mc_w.l(entry7b.o)
    0x080000f4   0x080000f4   0x00000000   Code   RO         4278    .ARM.Collect$$$$0000000A  mc_w.l(entry8b.o)
    0x080000f4   0x080000f4   0x00000008   Code   RO         4279    .ARM.Collect$$$$0000000B  mc_w.l(entry9a.o)
    0x080000fc   0x080000fc   0x00000000   Code   RO         4281    .ARM.Collect$$$$0000000D  mc_w.l(entry10a.o)
    0x080000fc   0x080000fc   0x00000000   Code   RO         4283    .ARM.Collect$$$$0000000F  mc_w.l(entry11a.o)
    0x080000fc   0x080000fc   0x00000004   Code   RO         4272    .ARM.Collect$$$$00002712  mc_w.l(entry2.o)
    0x08000100   0x08000100   0x00000024   Code   RO          807    .text               startup_stm32f10x_md.o
    0x08000124   0x08000124   0x0000001c   Code   RO         3994    .text               mc_w.l(strcmp.o)
    0x08000140   0x08000140   0x000000b0   Code   RO         4257    .text               mf_w.l(fadd.o)
    0x080001f0   0x080001f0   0x0000007c   Code   RO         4259    .text               mf_w.l(fdiv.o)
    0x0800026c   0x0800026c   0x000000de   Code   RO         4261    .text               mf_w.l(ddiv.o)
    0x0800034a   0x0800034a   0x0000000a   Code   RO         4263    .text               mf_w.l(ffltui.o)
    0x08000354   0x08000354   0x00000032   Code   RO         4265    .text               mf_w.l(dfixui.o)
    0x08000386   0x08000386   0x00000026   Code   RO         4267    .text               mf_w.l(f2d.o)
    0x080003ac   0x080003ac   0x00000030   Code   RO         4269    .text               mf_w.l(cdcmple.o)
    0x080003dc   0x080003dc   0x0000002c   Code   RO         4286    .text               mc_w.l(uidiv.o)
    0x08000408   0x08000408   0x00000062   Code   RO         4288    .text               mc_w.l(uldiv.o)
    0x0800046a   0x0800046a   0x00000020   Code   RO         4290    .text               mc_w.l(llushr.o)
    0x0800048a   0x0800048a   0x00000000   Code   RO         4292    .text               mc_w.l(iusefp.o)
    0x0800048a   0x0800048a   0x0000006e   Code   RO         4293    .text               mf_w.l(fepilogue.o)
    0x080004f8   0x080004f8   0x000000ba   Code   RO         4295    .text               mf_w.l(depilogue.o)
    0x080005b2   0x080005b2   0x0000014e   Code   RO         4297    .text               mf_w.l(dadd.o)
    0x08000700   0x08000700   0x000000e4   Code   RO         4299    .text               mf_w.l(dmul.o)
    0x080007e4   0x080007e4   0x00000030   Code   RO         4301    .text               mf_w.l(dfixul.o)
    0x08000814   0x08000814   0x00000030   Code   RO         4303    .text               mf_w.l(cdrcmple.o)
    0x08000844   0x08000844   0x00000024   Code   RO         4305    .text               mc_w.l(init.o)
    0x08000868   0x08000868   0x0000001e   Code   RO         4307    .text               mc_w.l(llshl.o)
    0x08000886   0x08000886   0x00000024   Code   RO         4309    .text               mc_w.l(llsshr.o)
    0x080008aa   0x080008aa   0x00000056   Code   RO         4319    .text               mc_w.l(__dczerorl2.o)
    0x08000900   0x08000900   0x00000014   Code   RO          403    i.Back              control.o
    0x08000914   0x08000914   0x00000004   Code   RO          169    i.BusFault_Handler  stm32f10x_it.o
    0x08000918   0x08000918   0x00000010   Code   RO          751    i.CloseTimerForHc   hcsr04.o
    0x08000928   0x08000928   0x00000002   Code   RO          170    i.DebugMon_Handler  stm32f10x_it.o
    0x0800092a   0x0800092a   0x00000116   Code   RO         2048    i.GPIO_Init         stm32f10x_gpio.o
    0x08000a40   0x08000a40   0x00000012   Code   RO         2052    i.GPIO_ReadInputDataBit  stm32f10x_gpio.o
    0x08000a52   0x08000a52   0x00000004   Code   RO         2055    i.GPIO_ResetBits    stm32f10x_gpio.o
    0x08000a56   0x08000a56   0x00000004   Code   RO         2056    i.GPIO_SetBits      stm32f10x_gpio.o
    0x08000a5a   0x08000a5a   0x00000002   PAD
    0x08000a5c   0x08000a5c   0x00000034   Code   RO          752    i.GetEchoTimer      hcsr04.o
    0x08000a90   0x08000a90   0x00000014   Code   RO          404    i.Go                control.o
    0x08000aa4   0x08000aa4   0x00000024   Code   RO          368    i.HOARE_Init        hoare.o
    0x08000ac8   0x08000ac8   0x00000004   Code   RO          171    i.HardFault_Handler  stm32f10x_it.o
    0x08000acc   0x08000acc   0x000000ec   Code   RO          753    i.Hcsr04GetLength   hcsr04.o
    0x08000bb8   0x08000bb8   0x00000028   Code   RO          589    i.I2C_Start         oled.o
    0x08000be0   0x08000be0   0x00000020   Code   RO          590    i.I2C_Stop          oled.o
    0x08000c00   0x08000c00   0x00000018   Code   RO          591    i.I2C_WaitAck       oled.o
    0x08000c18   0x08000c18   0x00000040   Code   RO          240    i.LED_Init          led.o
    0x08000c58   0x08000c58   0x0000003c   Code   RO          312    i.Left_dianji_Init  left_control.o
    0x08000c94   0x08000c94   0x00000028   Code   RO          313    i.Left_dianji_fanzhuan  left_control.o
    0x08000cbc   0x08000cbc   0x00000028   Code   RO          314    i.Left_dianji_zhenzhuan  left_control.o
    0x08000ce4   0x08000ce4   0x00000004   Code   RO          172    i.MemManage_Handler  stm32f10x_it.o
    0x08000ce8   0x08000ce8   0x00000002   Code   RO          173    i.NMI_Handler       stm32f10x_it.o
    0x08000cea   0x08000cea   0x00000026   Code   RO          539    i.NVIC_Configurationusart3  usart3.o
    0x08000d10   0x08000d10   0x00000070   Code   RO          822    i.NVIC_Init         misc.o
    0x08000d80   0x08000d80   0x00000014   Code   RO          823    i.NVIC_PriorityGroupConfig  misc.o
    0x08000d94   0x08000d94   0x00000030   Code   RO          592    i.OLED_Clear        oled.o
    0x08000dc4   0x08000dc4   0x00000060   Code   RO          593    i.OLED_ClearPoint   oled.o
    0x08000e24   0x08000e24   0x0000001c   Code   RO          594    i.OLED_ColorTurn    oled.o
    0x08000e40   0x08000e40   0x0000002c   Code   RO          597    i.OLED_DisplayTurn  oled.o
    0x08000e6c   0x08000e6c   0x00000098   Code   RO          598    i.OLED_DrawCircle   oled.o
    0x08000f04   0x08000f04   0x000000b0   Code   RO          599    i.OLED_DrawLine     oled.o
    0x08000fb4   0x08000fb4   0x0000003c   Code   RO          600    i.OLED_DrawPoint    oled.o
    0x08000ff0   0x08000ff0   0x00000170   Code   RO          601    i.OLED_Init         oled.o
    0x08001160   0x08001160   0x00000016   Code   RO          602    i.OLED_Pow          oled.o
    0x08001176   0x08001176   0x00000002   PAD
    0x08001178   0x08001178   0x0000004c   Code   RO          603    i.OLED_Refresh      oled.o
    0x080011c4   0x080011c4   0x000000fc   Code   RO          605    i.OLED_ShowChar     oled.o
    0x080012c0   0x080012c0   0x00000108   Code   RO          606    i.OLED_ShowChinese  oled.o
    0x080013c8   0x080013c8   0x00000074   Code   RO          607    i.OLED_ShowNum      oled.o
    0x0800143c   0x0800143c   0x00000038   Code   RO          611    i.OLED_WR_Byte      oled.o
    0x08001474   0x08001474   0x00000024   Code   RO          755    i.OpenTimerForHc    hcsr04.o
    0x08001498   0x08001498   0x00000002   Code   RO          174    i.PendSV_Handler    stm32f10x_it.o
    0x0800149a   0x0800149a   0x00000002   PAD
    0x0800149c   0x0800149c   0x00000020   Code   RO         2489    i.RCC_APB1PeriphClockCmd  stm32f10x_rcc.o
    0x080014bc   0x080014bc   0x00000020   Code   RO         2491    i.RCC_APB2PeriphClockCmd  stm32f10x_rcc.o
    0x080014dc   0x080014dc   0x000000d4   Code   RO         2499    i.RCC_GetClocksFreq  stm32f10x_rcc.o
    0x080015b0   0x080015b0   0x0000003c   Code   RO          340    i.Right_dianji_Init  right_control.o
    0x080015ec   0x080015ec   0x00000024   Code   RO          341    i.Right_dianji_fanzhuan  right_control.o
    0x08001610   0x08001610   0x00000024   Code   RO          342    i.Right_dianji_zhenzhuan  right_control.o
    0x08001634   0x08001634   0x00000002   Code   RO          175    i.SVC_Handler       stm32f10x_it.o
    0x08001636   0x08001636   0x00000002   PAD
    0x08001638   0x08001638   0x0000004c   Code   RO          612    i.Send_Byte         oled.o
    0x08001684   0x08001684   0x00000008   Code   RO          115    i.SetSysClock       system_stm32f10x.o
    0x0800168c   0x0800168c   0x000000e0   Code   RO          116    i.SetSysClockTo72   system_stm32f10x.o
    0x0800176c   0x0800176c   0x00000034   Code   RO          406    i.Stop              control.o
    0x080017a0   0x080017a0   0x00000028   Code   RO          826    i.SysTick_CLKSourceConfig  misc.o
    0x080017c8   0x080017c8   0x00000002   Code   RO          176    i.SysTick_Handler   stm32f10x_it.o
    0x080017ca   0x080017ca   0x00000002   PAD
    0x080017cc   0x080017cc   0x00000060   Code   RO          118    i.SystemInit        system_stm32f10x.o
    0x0800182c   0x0800182c   0x000000b0   Code   RO          384    i.SystemInit1       commonhead.o
    0x080018dc   0x080018dc   0x00000030   Code   RO          281    i.TIM2_IRQHandler   timer2.o
    0x0800190c   0x0800190c   0x000000a8   Code   RO          283    i.TIM2_PWM_Init     timer2.o
    0x080019b4   0x080019b4   0x00000028   Code   RO          756    i.TIM3_IRQHandler   hcsr04.o
    0x080019dc   0x080019dc   0x000000ac   Code   RO          257    i.TIM4_PWM_Init     timer4.o
    0x08001a88   0x08001a88   0x00000018   Code   RO         3136    i.TIM_ARRPreloadConfig  stm32f10x_tim.o
    0x08001aa0   0x08001aa0   0x00000006   Code   RO         3143    i.TIM_ClearITPendingBit  stm32f10x_tim.o
    0x08001aa6   0x08001aa6   0x00000018   Code   RO         3148    i.TIM_Cmd           stm32f10x_tim.o
    0x08001abe   0x08001abe   0x00000006   Code   RO         3167    i.TIM_GetCounter    stm32f10x_tim.o
    0x08001ac4   0x08001ac4   0x00000022   Code   RO         3169    i.TIM_GetITStatus   stm32f10x_tim.o
    0x08001ae6   0x08001ae6   0x00000002   PAD
    0x08001ae8   0x08001ae8   0x00000098   Code   RO         3177    i.TIM_OC1Init       stm32f10x_tim.o
    0x08001b80   0x08001b80   0x00000012   Code   RO         3180    i.TIM_OC1PreloadConfig  stm32f10x_tim.o
    0x08001b92   0x08001b92   0x00000002   PAD
    0x08001b94   0x08001b94   0x000000a4   Code   RO         3182    i.TIM_OC2Init       stm32f10x_tim.o
    0x08001c38   0x08001c38   0x0000001a   Code   RO         3185    i.TIM_OC2PreloadConfig  stm32f10x_tim.o
    0x08001c52   0x08001c52   0x00000002   PAD
    0x08001c54   0x08001c54   0x000000a0   Code   RO         3187    i.TIM_OC3Init       stm32f10x_tim.o
    0x08001cf4   0x08001cf4   0x00000012   Code   RO         3190    i.TIM_OC3PreloadConfig  stm32f10x_tim.o
    0x08001d06   0x08001d06   0x00000004   Code   RO         3209    i.TIM_SetCompare1   stm32f10x_tim.o
    0x08001d0a   0x08001d0a   0x00000004   Code   RO         3211    i.TIM_SetCompare3   stm32f10x_tim.o
    0x08001d0e   0x08001d0e   0x00000004   Code   RO         3213    i.TIM_SetCounter    stm32f10x_tim.o
    0x08001d12   0x08001d12   0x00000002   PAD
    0x08001d14   0x08001d14   0x000000a4   Code   RO         3219    i.TIM_TimeBaseInit  stm32f10x_tim.o
    0x08001db8   0x08001db8   0x00000014   Code   RO          407    i.TurnL1            control.o
    0x08001dcc   0x08001dcc   0x00000014   Code   RO          408    i.TurnL2            control.o
    0x08001de0   0x08001de0   0x00000014   Code   RO          411    i.TurnR1            control.o
    0x08001df4   0x08001df4   0x00000014   Code   RO          412    i.TurnR2            control.o
    0x08001e08   0x08001e08   0x0000007c   Code   RO          491    i.USART1_Config     usart1.o
    0x08001e84   0x08001e84   0x00000090   Code   RO          542    i.USART3_Config     usart3.o
    0x08001f14   0x08001f14   0x00000178   Code   RO          543    i.USART3_IRQHandler  usart3.o
    0x0800208c   0x0800208c   0x00000018   Code   RO         3688    i.USART_Cmd         stm32f10x_usart.o
    0x080020a4   0x080020a4   0x0000001a   Code   RO         3691    i.USART_GetFlagStatus  stm32f10x_usart.o
    0x080020be   0x080020be   0x00000054   Code   RO         3692    i.USART_GetITStatus  stm32f10x_usart.o
    0x08002112   0x08002112   0x0000004a   Code   RO         3694    i.USART_ITConfig    stm32f10x_usart.o
    0x0800215c   0x0800215c   0x000000d8   Code   RO         3695    i.USART_Init        stm32f10x_usart.o
    0x08002234   0x08002234   0x0000000a   Code   RO         3702    i.USART_ReceiveData  stm32f10x_usart.o
    0x0800223e   0x0800223e   0x00000008   Code   RO         3705    i.USART_SendData    stm32f10x_usart.o
    0x08002246   0x08002246   0x00000004   Code   RO          177    i.UsageFault_Handler  stm32f10x_it.o
    0x0800224a   0x0800224a   0x00000002   PAD
    0x0800224c   0x0800224c   0x00000020   Code   RO         4229    i.__0printf         mc_w.l(printfa.o)
    0x0800226c   0x0800226c   0x0000000e   Code   RO         4313    i.__scatterload_copy  mc_w.l(handlers.o)
    0x0800227a   0x0800227a   0x00000002   Code   RO         4314    i.__scatterload_null  mc_w.l(handlers.o)
    0x0800227c   0x0800227c   0x0000000e   Code   RO         4315    i.__scatterload_zeroinit  mc_w.l(handlers.o)
    0x0800228a   0x0800228a   0x00000002   PAD
    0x0800228c   0x0800228c   0x00000184   Code   RO         4236    i._fp_digits        mc_w.l(printfa.o)
    0x08002410   0x08002410   0x000006dc   Code   RO         4237    i._printf_core      mc_w.l(printfa.o)
    0x08002aec   0x08002aec   0x00000024   Code   RO         4238    i._printf_post_padding  mc_w.l(printfa.o)
    0x08002b10   0x08002b10   0x0000002e   Code   RO         4239    i._printf_pre_padding  mc_w.l(printfa.o)
    0x08002b3e   0x08002b3e   0x00000002   PAD
    0x08002b40   0x08002b40   0x00000044   Code   RO         3929    i.delay_init        delay.o
    0x08002b84   0x08002b84   0x0000004c   Code   RO         3930    i.delay_ms          delay.o
    0x08002bd0   0x08002bd0   0x0000004c   Code   RO         3931    i.delay_us          delay.o
    0x08002c1c   0x08002c1c   0x00000024   Code   RO          494    i.fputc             usart1.o
    0x08002c40   0x08002c40   0x00000294   Code   RO            1    i.main              main.o
    0x08002ed4   0x08002ed4   0x000017c0   Data   RO          614    .constdata          oled.o
    0x08004694   0x08004694   0x00000020   Data   RO         4311    Region$$Table       anon$$obj.o


    Execution Region RW_IRAM1 (Exec base: 0x20000000, Load base: 0x080046b4, Size: 0x00001f80, Max: 0x00005000, ABSOLUTE, COMPRESSED[0x00000354])

    Exec Addr    Load Addr    Size         Type   Attr      Idx    E Section Name        Object

    0x20000000   COMPRESSED   0x00000004   Data   RW            2    .data               main.o
    0x20000004   COMPRESSED   0x00000014   Data   RW          119    .data               system_stm32f10x.o
    0x20000018   COMPRESSED   0x00000001   Data   RW          385    .data               commonhead.o
    0x20000019   COMPRESSED   0x00000002   Data   RW          546    .data               usart3.o
    0x2000001b   COMPRESSED   0x000015f8   Data   RW          615    .data               oled.o
    0x20001613   COMPRESSED   0x00000001   PAD
    0x20001614   COMPRESSED   0x00000002   Data   RW          758    .data               hcsr04.o
    0x20001616   COMPRESSED   0x00000014   Data   RW         2519    .data               stm32f10x_rcc.o
    0x2000162a   COMPRESSED   0x00000004   Data   RW         3932    .data               delay.o
    0x2000162e   COMPRESSED   0x00000002   PAD
    0x20001630   COMPRESSED   0x00000004   Data   RW         4285    .data               mc_w.l(stdout.o)
    0x20001634        -       0x000000c8   Zero   RW          545    .bss                usart3.o
    0x200016fc        -       0x00000480   Zero   RW          613    .bss                oled.o
    0x20001b7c   COMPRESSED   0x00000004   PAD
    0x20001b80        -       0x00000400   Zero   RW          804    STACK               startup_stm32f10x_md.o


==============================================================================

Image component sizes


      Code (inc. data)   RO Data    RW Data    ZI Data      Debug   Object Name

       176          4          0          1          0        814   commonhead.o
       172          4          0          0          0       3755   control.o
       220         26          0          4          0       1687   delay.o
       380         44          0          2          0       2759   hcsr04.o
        36          4          0          0          0        473   hoare.o
        64          4          0          0          0        471   led.o
       140         26          0          0          0       1558   left_control.o
       660         44          0          4          0     252337   main.o
       172         22          0          0          0       2141   misc.o
      1930         78       6080       5624       1152      13028   oled.o
       132         14          0          0          0       1569   right_control.o
        36          8        236          0       1024        808   startup_stm32f10x_md.o
       304          0          0          0          0       3732   stm32f10x_gpio.o
        26          0          0          0          0       3614   stm32f10x_it.o
       276         32          0         20          0       4514   stm32f10x_rcc.o
       808         82          0          0          0       9579   stm32f10x_tim.o
       442          6          0          0          0       6209   stm32f10x_usart.o
       328         28          0         20          0       2161   system_stm32f10x.o
       216         24          0          0          0       1186   timer2.o
       172          8          0          0          0        772   timer4.o
       160         14          0          0          0       3012   usart1.o
       558         54          0          2        200       2723   usart3.o

    ----------------------------------------------------------------------
      7428        526       6348       5680       2380     318902   Object Totals
         0          0         32          0          0          0   (incl. Generated)
        20          0          0          3          4          0   (incl. Padding)

    ----------------------------------------------------------------------

      Code (inc. data)   RO Data    RW Data    ZI Data      Debug   Library Member Name

        86          0          0          0          0          0   __dczerorl2.o
         0          0          0          0          0          0   entry.o
         0          0          0          0          0          0   entry10a.o
         0          0          0          0          0          0   entry11a.o
         8          4          0          0          0          0   entry2.o
         4          0          0          0          0          0   entry5.o
         0          0          0          0          0          0   entry7b.o
         0          0          0          0          0          0   entry8b.o
         8          4          0          0          0          0   entry9a.o
        30          0          0          0          0          0   handlers.o
        36          8          0          0          0         68   init.o
         0          0          0          0          0          0   iusefp.o
        30          0          0          0          0         68   llshl.o
        36          0          0          0          0         68   llsshr.o
        32          0          0          0          0         68   llushr.o
      2258         90          0          0          0        452   printfa.o
         0          0          0          4          0          0   stdout.o
        28          0          0          0          0         76   strcmp.o
        44          0          0          0          0         80   uidiv.o
        98          0          0          0          0         92   uldiv.o
        48          0          0          0          0         68   cdcmple.o
        48          0          0          0          0         68   cdrcmple.o
       334          0          0          0          0        148   dadd.o
       222          0          0          0          0        100   ddiv.o
       186          0          0          0          0        176   depilogue.o
        50          0          0          0          0         76   dfixui.o
        48          0          0          0          0         68   dfixul.o
       228          0          0          0          0         96   dmul.o
        38          0          0          0          0         68   f2d.o
       176          0          0          0          0        140   fadd.o
       124          0          0          0          0         88   fdiv.o
       110          0          0          0          0        168   fepilogue.o
        10          0          0          0          0         68   ffltui.o

    ----------------------------------------------------------------------
      4324        106          0          4          0       2304   Library Totals
         4          0          0          0          0          0   (incl. Padding)

    ----------------------------------------------------------------------

      Code (inc. data)   RO Data    RW Data    ZI Data      Debug   Library Name

      2698        106          0          4          0        972   mc_w.l
      1622          0          0          0          0       1332   mf_w.l

    ----------------------------------------------------------------------
      4324        106          0          4          0       2304   Library Totals

    ----------------------------------------------------------------------

==============================================================================


      Code (inc. data)   RO Data    RW Data    ZI Data      Debug   

     11752        632       6348       5684       2380     315510   Grand Totals
     11752        632       6348        852       2380     315510   ELF Image Totals (compressed)
     11752        632       6348        852          0          0   ROM Totals

==============================================================================

    Total RO  Size (Code + RO Data)                18100 (  17.68kB)
    Total RW  Size (RW Data + ZI Data)              8064 (   7.88kB)
    Total ROM Size (Code + RO Data + RW Data)      18952 (  18.51kB)

==============================================================================

