Component: ARM Compiler 5.05 update 1 (build 106) Tool: armlink [4d0efa]

==============================================================================

Section Cross References

    main.o(i.main) refers to delay.o(i.delay_init) for delay_init
    main.o(i.main) refers to misc.o(i.NVIC_PriorityGroupConfig) for NVIC_PriorityGroupConfig
    main.o(i.main) refers to usart.o(i.uart_init) for uart_init
    main.o(i.main) refers to oled12864.o(i.OLED_Init) for OLED_Init
    main.o(i.main) refers to encoder.o(i.Encoder_Init_TIM2) for Encoder_Init_TIM2
    main.o(i.main) refers to led.o(i.LED_Init) for LED_Init
    main.o(i.main) refers to beep.o(i.Beep_Init) for Beep_Init
    main.o(i.main) refers to motor.o(i.Motor_Init) for Motor_Init
    main.o(i.main) refers to servor.o(i.Servor_Init) for Servor_Init
    main.o(i.main) refers to adc.o(i.Adc_Init) for Adc_Init
    main.o(i.main) refers to control.o(i.Control_Init) for Control_Init
    main.o(i.main) refers to 24l01.o(i.NRF24L01_Init) for NRF24L01_Init
    main.o(i.main) refers to 24l01.o(i.NRF24L01_TX_Mode) for NRF24L01_TX_Mode
    main.o(i.main) refers to oled12864.o(i.Show_CH) for Show_CH
    main.o(i.main) refers to led.o(i.LED_test) for LED_test
    main.o(i.main) refers to track.o(i.GetParament) for GetParament
    system_stm32f10x.o(i.SetSysClock) refers to system_stm32f10x.o(i.SetSysClockTo72) for SetSysClockTo72
    system_stm32f10x.o(i.SystemCoreClockUpdate) refers to system_stm32f10x.o(.data) for SystemCoreClock
    system_stm32f10x.o(i.SystemInit) refers to system_stm32f10x.o(i.SetSysClock) for SetSysClock
    led.o(i.LED_Init) refers to stm32f10x_rcc.o(i.RCC_APB2PeriphClockCmd) for RCC_APB2PeriphClockCmd
    led.o(i.LED_Init) refers to stm32f10x_gpio.o(i.GPIO_Init) for GPIO_Init
    led.o(i.LED_Init) refers to stm32f10x_gpio.o(i.GPIO_SetBits) for GPIO_SetBits
    led.o(i.LED_test) refers to delay.o(i.delay_ms) for delay_ms
    beep.o(i.Beep_Init) refers to stm32f10x_rcc.o(i.RCC_APB2PeriphClockCmd) for RCC_APB2PeriphClockCmd
    beep.o(i.Beep_Init) refers to stm32f10x_gpio.o(i.GPIO_Init) for GPIO_Init
    beep.o(i.Beep_Init) refers to stm32f10x_gpio.o(i.GPIO_SetBits) for GPIO_SetBits
    beep.o(i.N_Beep) refers to delay.o(i.delay_us) for delay_us
    motor.o(i.Motor_Gpio_init) refers to stm32f10x_rcc.o(i.RCC_APB2PeriphClockCmd) for RCC_APB2PeriphClockCmd
    motor.o(i.Motor_Gpio_init) refers to stm32f10x_gpio.o(i.GPIO_Init) for GPIO_Init
    motor.o(i.Motor_Init) refers to motor.o(i.TIM4_PWM_Init) for TIM4_PWM_Init
    motor.o(i.Motor_Init) refers to motor.o(i.Motor_Gpio_init) for Motor_Gpio_init
    motor.o(i.Motor_Init) refers to stm32f10x_tim.o(i.TIM_SetCompare1) for TIM_SetCompare1
    motor.o(i.Motor_Init) refers to stm32f10x_tim.o(i.TIM_SetCompare2) for TIM_SetCompare2
    motor.o(i.Motor_Init) refers to stm32f10x_tim.o(i.TIM_SetCompare3) for TIM_SetCompare3
    motor.o(i.Motor_Init) refers to stm32f10x_tim.o(i.TIM_SetCompare4) for TIM_SetCompare4
    motor.o(i.Set_Motor_PWM) refers to motor.o(i.Set_Pwm_Motor1) for Set_Pwm_Motor1
    motor.o(i.Set_Motor_PWM) refers to motor.o(i.Set_Pwm_Motor2) for Set_Pwm_Motor2
    motor.o(i.TIM4_PWM_Init) refers to stm32f10x_rcc.o(i.RCC_APB1PeriphClockCmd) for RCC_APB1PeriphClockCmd
    motor.o(i.TIM4_PWM_Init) refers to stm32f10x_tim.o(i.TIM_TimeBaseInit) for TIM_TimeBaseInit
    motor.o(i.TIM4_PWM_Init) refers to stm32f10x_tim.o(i.TIM_ARRPreloadConfig) for TIM_ARRPreloadConfig
    motor.o(i.TIM4_PWM_Init) refers to stm32f10x_tim.o(i.TIM_OC1Init) for TIM_OC1Init
    motor.o(i.TIM4_PWM_Init) refers to stm32f10x_tim.o(i.TIM_OC2PreloadConfig) for TIM_OC2PreloadConfig
    motor.o(i.TIM4_PWM_Init) refers to stm32f10x_tim.o(i.TIM_OC2Init) for TIM_OC2Init
    motor.o(i.TIM4_PWM_Init) refers to stm32f10x_tim.o(i.TIM_OC3PreloadConfig) for TIM_OC3PreloadConfig
    motor.o(i.TIM4_PWM_Init) refers to stm32f10x_tim.o(i.TIM_OC3Init) for TIM_OC3Init
    motor.o(i.TIM4_PWM_Init) refers to stm32f10x_tim.o(i.TIM_OC4Init) for TIM_OC4Init
    motor.o(i.TIM4_PWM_Init) refers to stm32f10x_tim.o(i.TIM_OC4PreloadConfig) for TIM_OC4PreloadConfig
    motor.o(i.TIM4_PWM_Init) refers to stm32f10x_tim.o(i.TIM_Cmd) for TIM_Cmd
    motor.o(i.TIM4_PWM_Init) refers to stm32f10x_tim.o(i.TIM_CtrlPWMOutputs) for TIM_CtrlPWMOutputs
    motor.o(i.TIM4_PWM_Init) refers to stm32f10x_tim.o(i.TIM_SetAutoreload) for TIM_SetAutoreload
    motor.o(i.TIM4_PWM_Init) refers to stm32f10x_tim.o(i.TIM_SetCompare1) for TIM_SetCompare1
    motor.o(i.TIM4_PWM_Init) refers to stm32f10x_tim.o(i.TIM_SetCompare2) for TIM_SetCompare2
    motor.o(i.TIM4_PWM_Init) refers to stm32f10x_tim.o(i.TIM_SetCompare3) for TIM_SetCompare3
    motor.o(i.TIM4_PWM_Init) refers to stm32f10x_tim.o(i.TIM_SetCompare4) for TIM_SetCompare4
    servor.o(i.Servor_GPIO_Config) refers to stm32f10x_rcc.o(i.RCC_APB2PeriphClockCmd) for RCC_APB2PeriphClockCmd
    servor.o(i.Servor_GPIO_Config) refers to stm32f10x_gpio.o(i.GPIO_Init) for GPIO_Init
[...]
    ../clib/signal.c                         0x00000000   Number         0  defsig_rtmem_formal.o ABSOLUTE
    ../clib/signal.c                         0x00000000   Number         0  __raise.o ABSOLUTE
    ../clib/signal.c                         0x00000000   Number         0  defsig_rtmem_inner.o ABSOLUTE
    ../clib/signal.c                         0x00000000   Number         0  defsig_exit.o ABSOLUTE
    ../clib/signal.c                         0x00000000   Number         0  defsig_abrt_inner.o ABSOLUTE
    ../clib/signal.c                         0x00000000   Number         0  defsig_fpe_inner.o ABSOLUTE
    ../clib/signal.c                         0x00000000   Number         0  defsig_other.o ABSOLUTE
    ../clib/signal.c                         0x00000000   Number         0  defsig_segv_inner.o ABSOLUTE
    ../clib/signal.c                         0x00000000   Number         0  defsig_cppl_inner.o ABSOLUTE
    ../clib/signal.c                         0x00000000   Number         0  defsig_pvfn_inner.o ABSOLUTE
    ../clib/signal.c                         0x00000000   Number         0  defsig_stak_inner.o ABSOLUTE
    ../clib/signal.c                         0x00000000   Number         0  defsig_rtred_inner.o ABSOLUTE
    ../clib/signal.c                         0x00000000   Number         0  defsig_rtmem_outer.o ABSOLUTE
    ../clib/signal.c                         0x00000000   Number         0  defsig_general.o ABSOLUTE
    ../clib/signal.s                         0x00000000   Number         0  defsig.o ABSOLUTE
    ../clib/stdio.c                          0x00000000   Number         0  ferror_locked.o ABSOLUTE
    ../clib/stdio.c                          0x00000000   Number         0  ferror.o ABSOLUTE
    ../clib/stdlib.c                         0x00000000   Number         0  exit.o ABSOLUTE
    ../fplib/d2f.s                           0x00000000   Number         0  d2f.o ABSOLUTE
    ../fplib/ddiv.s                          0x00000000   Number         0  ddiv.o ABSOLUTE
    ../fplib/dflt.s                          0x00000000   Number         0  dflt_clz.o ABSOLUTE
    ../fplib/dmul.s                          0x00000000   Number         0  dmul.o ABSOLUTE
    ../fplib/dnaninf.s                       0x00000000   Number         0  dnaninf.o ABSOLUTE
    ../fplib/dretinf.s                       0x00000000   Number         0  dretinf.o ABSOLUTE
    ../fplib/f2d.s                           0x00000000   Number         0  f2d.o ABSOLUTE
    ../fplib/faddsub.s                       0x00000000   Number         0  faddsub_clz.o ABSOLUTE
    ../fplib/ffix.s                          0x00000000   Number         0  ffix.o ABSOLUTE
    ../fplib/fflt.s                          0x00000000   Number         0  fflt_clz.o ABSOLUTE
    ../fplib/fmul.s                          0x00000000   Number         0  fmul.o ABSOLUTE
    ../fplib/fnaninf.s                       0x00000000   Number         0  fnaninf.o ABSOLUTE
    ../fplib/fpinit.s                        0x00000000   Number         0  fpinit.o ABSOLUTE
    ../fplib/fretinf.s                       0x00000000   Number         0  fretinf.o ABSOLUTE
    ../fplib/istatus.s                       0x00000000   Number         0  istatus.o ABSOLUTE
    ../fplib/printf1.s                       0x00000000   Number         0  printf1.o ABSOLUTE
    ../fplib/usenofp.s                       0x00000000   Number         0  usenofp.o ABSOLUTE
    ../mathlib/fpclassify.c                  0x00000000   Number         0  fpclassify.o ABSOLUTE
    ..\CORE\core_cm3.c                       0x00000000   Number         0  core_cm3.o ABSOLUTE
    ..\CORE\startup_stm32f10x_md.s           0x00000000   Number         0  startup_stm32f10x_md.o ABSOLUTE
    ..\HARDWARE\ADC\adc.c                    0x00000000   Number         0  adc.o ABSOLUTE
    ..\HARDWARE\Beep\beep.c                  0x00000000   Number         0  beep.o ABSOLUTE
    ..\HARDWARE\Common\common.c              0x00000000   Number         0  common.o ABSOLUTE
    ..\HARDWARE\Contorol\control.c           0x00000000   Number         0  control.o ABSOLUTE
    ..\HARDWARE\IIC\myiic.c                  0x00000000   Number         0  myiic.o ABSOLUTE
    ..\HARDWARE\LCD\OLED4\OLED12864.c        0x00000000   Number         0  oled12864.o ABSOLUTE
    ..\HARDWARE\LED\led.c                    0x00000000   Number         0  led.o ABSOLUTE
    ..\HARDWARE\Motor\Motor.c                0x00000000   Number         0  motor.o ABSOLUTE
    ..\HARDWARE\NRF24L01\24l01.c             0x00000000   Number         0  24l01.o ABSOLUTE
    ..\HARDWARE\SPI\spi.c                    0x00000000   Number         0  spi.o ABSOLUTE
    ..\HARDWARE\Servo\servor.c               0x00000000   Number         0  servor.o ABSOLUTE
    ..\HARDWARE\TIMER\timer.c                0x00000000   Number         0  timer.o ABSOLUTE
    ..\HARDWARE\Track\track.c                0x00000000   Number         0  track.o ABSOLUTE
    ..\HARDWARE\encoder\encoder.c            0x00000000   Number         0  encoder.o ABSOLUTE
    ..\STM32F10x_FWLib\src\misc.c            0x00000000   Number         0  misc.o ABSOLUTE
    ..\STM32F10x_FWLib\src\stm32f10x_adc.c   0x00000000   Number         0  stm32f10x_adc.o ABSOLUTE
    ..\STM32F10x_FWLib\src\stm32f10x_bkp.c   0x00000000   Number         0  stm32f10x_bkp.o ABSOLUTE
    ..\STM32F10x_FWLib\src\stm32f10x_dbgmcu.c 0x00000000   Number         0  stm32f10x_dbgmcu.o ABSOLUTE
    ..\STM32F10x_FWLib\src\stm32f10x_exti.c  0x00000000   Number         0  stm32f10x_exti.o ABSOLUTE
    ..\STM32F10x_FWLib\src\stm32f10x_fsmc.c  0x00000000   Number         0  stm32f10x_fsmc.o ABSOLUTE
    ..\STM32F10x_FWLib\src\stm32f10x_gpio.c  0x00000000   Number         0  stm32f10x_gpio.o ABSOLUTE
    ..\STM32F10x_FWLib\src\stm32f10x_pwr.c   0x00000000   Number         0  stm32f10x_pwr.o ABSOLUTE
    ..\STM32F10x_FWLib\src\stm32f10x_rcc.c   0x00000000   Number         0  stm32f10x_rcc.o ABSOLUTE
    ..\STM32F10x_FWLib\src\stm32f10x_spi.c   0x00000000   Number         0  stm32f10x_spi.o ABSOLUTE
    ..\STM32F10x_FWLib\src\stm32f10x_tim.c   0x00000000   Number         0  stm32f10x_tim.o ABSOLUTE
    ..\STM32F10x_FWLib\src\stm32f10x_usart.c 0x00000000   Number         0  stm32f10x_usart.o ABSOLUTE
    ..\SYSTEM\delay\delay.c                  0x00000000   Number         0  delay.o ABSOLUTE
    ..\SYSTEM\sys\sys.c                      0x00000000   Number         0  sys.o ABSOLUTE
    ..\SYSTEM\usart\usart.c                  0x00000000   Number         0  usart.o ABSOLUTE
    ..\\CORE\\core_cm3.c                     0x00000000   Number         0  core_cm3.o ABSOLUTE
    ..\\SYSTEM\\sys\\sys.c                   0x00000000   Number         0  sys.o ABSOLUTE
    dc.s                                     0x00000000   Number         0  dc.o ABSOLUTE
    main.c                                   0x00000000   Number         0  main.o ABSOLUTE
    stm32f10x_it.c                           0x00000000   Number         0  stm32f10x_it.o ABSOLUTE
    system_stm32f10x.c                       0x00000000   Number         0  system_stm32f10x.o ABSOLUTE
    RESET                                    0x08000000   Section      236  startup_stm32f10x_md.o(RESET)
    !!!main                                  0x080000ec   Section        8  __main.o(!!!main)
    !!!scatter                               0x080000f4   Section       52  __scatter.o(!!!scatter)
    !!handler_copy                           0x08000128   Section       26  __scatter_copy.o(!!handler_copy)
    !!handler_zi                             0x08000144   Section       28  __scatter_zi.o(!!handler_zi)
    .ARM.Collect$$_printf_percent$$00000000  0x08000160   Section        0  _printf_percent.o(.ARM.Collect$$_printf_percent$$00000000)
    .ARM.Collect$$_printf_percent$$00000009  0x08000160   Section        6  _printf_d.o(.ARM.Collect$$_printf_percent$$00000009)
    .ARM.Collect$$_printf_percent$$00000017  0x08000166   Section        4  _printf_percent_end.o(.ARM.Collect$$_printf_percent$$00000017)
    .ARM.Collect$$libinit$$00000000          0x0800016a   Section        2  libinit.o(.ARM.Collect$$libinit$$00000000)
    .ARM.Collect$$libinit$$00000002          0x0800016c   Section        0  libinit2.o(.ARM.Collect$$libinit$$00000002)
    .ARM.Collect$$libinit$$00000004          0x0800016c   Section        0  libinit2.o(.ARM.Collect$$libinit$$00000004)
    .ARM.Collect$$libinit$$0000000A          0x0800016c   Section        0  libinit2.o(.ARM.Collect$$libinit$$0000000A)
    .ARM.Collect$$libinit$$0000000C          0x0800016c   Section        0  libinit2.o(.ARM.Collect$$libinit$$0000000C)
    .ARM.Collect$$libinit$$0000000E          0x0800016c   Section        0  libinit2.o(.ARM.Collect$$libinit$$0000000E)
    .ARM.Collect$$libinit$$00000011          0x0800016c   Section        0  libinit2.o(.ARM.Collect$$libinit$$00000011)
    .ARM.Collect$$libinit$$00000013          0x0800016c   Section        0  libinit2.o(.ARM.Collect$$libinit$$00000013)
    .ARM.Collect$$libinit$$00000015          0x0800016c   Section        0  libinit2.o(.ARM.Collect$$libinit$$00000015)
    .ARM.Collect$$libinit$$00000017          0x0800016c   Section        0  libinit2.o(.ARM.Collect$$libinit$$00000017)
    .ARM.Collect$$libinit$$00000019          0x0800016c   Section        0  libinit2.o(.ARM.Collect$$libinit$$00000019)
    .ARM.Collect$$libinit$$0000001B          0x0800016c   Section        0  libinit2.o(.ARM.Collect$$libinit$$0000001B)
    .ARM.Collect$$libinit$$0000001D          0x0800016c   Section        0  libinit2.o(.ARM.Collect$$libinit$$0000001D)
    .ARM.Collect$$libinit$$0000001F          0x0800016c   Section        0  libinit2.o(.ARM.Collect$$libinit$$0000001F)
    .ARM.Collect$$libinit$$00000021          0x0800016c   Section        0  libinit2.o(.ARM.Collect$$libinit$$00000021)
    .ARM.Collect$$libinit$$00000023          0x0800016c   Section        0  libinit2.o(.ARM.Collect$$libinit$$00000023)
    .ARM.Collect$$libinit$$00000025          0x0800016c   Section        0  libinit2.o(.ARM.Collect$$libinit$$00000025)
    .ARM.Collect$$libinit$$0000002C          0x0800016c   Section        0  libinit2.o(.ARM.Collect$$libinit$$0000002C)
    .ARM.Collect$$libinit$$0000002E          0x0800016c   Section        0  libinit2.o(.ARM.Collect$$libinit$$0000002E)
    .ARM.Collect$$libinit$$00000030          0x0800016c   Section        0  libinit2.o(.ARM.Collect$$libinit$$00000030)
    .ARM.Collect$$libinit$$00000032          0x0800016c   Section        0  libinit2.o(.ARM.Collect$$libinit$$00000032)
    .ARM.Collect$$libinit$$00000033          0x0800016c   Section        2  libinit2.o(.ARM.Collect$$libinit$$00000033)
    .ARM.Collect$$libshutdown$$00000000      0x0800016e   Section        2  libshutdown.o(.ARM.Collect$$libshutdown$$00000000)
    .ARM.Collect$$libshutdown$$00000003      0x08000170   Section        0  libshutdown2.o(.ARM.Collect$$libshutdown$$00000003)
    .ARM.Collect$$libshutdown$$00000006      0x08000170   Section        0  libshutdown2.o(.ARM.Collect$$libshutdown$$00000006)
    .ARM.Collect$$libshutdown$$00000009      0x08000170   Section        0  libshutdown2.o(.ARM.Collect$$libshutdown$$00000009)
    .ARM.Collect$$libshutdown$$0000000B      0x08000170   Section        0  libshutdown2.o(.ARM.Collect$$libshutdown$$0000000B)
    .ARM.Collect$$libshutdown$$0000000E      0x08000170   Section        0  libshutdown2.o(.ARM.Collect$$libshutdown$$0000000E)
    .ARM.Collect$$libshutdown$$0000000F      0x08000170   Section        2  libshutdown2.o(.ARM.Collect$$libshutdown$$0000000F)
    .ARM.Collect$$rtentry$$00000000          0x08000172   Section        0  __rtentry.o(.ARM.Collect$$rtentry$$00000000)
    .ARM.Collect$$rtentry$$00000002          0x08000172   Section        0  __rtentry2.o(.ARM.Collect$$rtentry$$00000002)
    .ARM.Collect$$rtentry$$00000004          0x08000172   Section        6  __rtentry4.o(.ARM.Collect$$rtentry$$00000004)
    .ARM.Collect$$rtentry$$00000009          0x08000178   Section        0  __rtentry2.o(.ARM.Collect$$rtentry$$00000009)
    .ARM.Collect$$rtentry$$0000000A          0x08000178   Section        4  __rtentry2.o(.ARM.Collect$$rtentry$$0000000A)
    .ARM.Collect$$rtentry$$0000000C          0x0800017c   Section        0  __rtentry2.o(.ARM.Collect$$rtentry$$0000000C)
    .ARM.Collect$$rtentry$$0000000D          0x0800017c   Section        8  __rtentry2.o(.ARM.Collect$$rtentry$$0000000D)
    .ARM.Collect$$rtexit$$00000000           0x08000184   Section        2  rtexit.o(.ARM.Collect$$rtexit$$00000000)
    .ARM.Collect$$rtexit$$00000002           0x08000186   Section        0  rtexit2.o(.ARM.Collect$$rtexit$$00000002)
    .ARM.Collect$$rtexit$$00000003           0x08000186   Section        4  rtexit2.o(.ARM.Collect$$rtexit$$00000003)
    .ARM.Collect$$rtexit$$00000004           0x0800018a   Section        6  rtexit2.o(.ARM.Collect$$rtexit$$00000004)
    .text                                    0x08000190   Section       64  startup_stm32f10x_md.o(.text)
    .text                                    0x080001d0   Section        2  use_no_semi_2.o(.text)
    .text                                    0x080001d4   Section        0  noretval__2printf.o(.text)
    .text                                    0x080001ec   Section        0  noretval__2sprintf.o(.text)
    .text                                    0x08000214   Section        0  _printf_dec.o(.text)
    .text                                    0x0800028c   Section        0  __printf_wp.o(.text)
    .text                                    0x0800039a   Section        0  heapauxi.o(.text)
    .text                                    0x080003a0   Section        2  use_no_semi.o(.text)
    .text                                    0x080003a2   Section        0  _printf_intcommon.o(.text)
    .text                                    0x08000454   Section        0  _printf_char_common.o(.text)
    _printf_input_char                       0x08000455   Thumb Code    10  _printf_char_common.o(.text)
    .text                                    0x08000484   Section        0  _sputc.o(.text)
    .text                                    0x08000490   Section        0  _printf_char_file.o(.text)
    .text                                    0x080004b4   Section        0  ferror.o(.text)
    .text                                    0x080004bc   Section        8  libspace.o(.text)
    .text                                    0x080004c4   Section       74  sys_stackheap_outer.o(.text)
    .text                                    0x0800050e   Section        0  exit.o(.text)
    i.ADC_Cmd                                0x0800051a   Section        0  stm32f10x_adc.o(i.ADC_Cmd)
    i.ADC_DeInit                             0x08000530   Section        0  stm32f10x_adc.o(i.ADC_DeInit)
    i.ADC_GetCalibrationStatus               0x0800058c   Section        0  stm32f10x_adc.o(i.ADC_GetCalibrationStatus)
    i.ADC_GetConversionValue                 0x080005a0   Section        0  stm32f10x_adc.o(i.ADC_GetConversionValue)
    i.ADC_GetFlagStatus                      0x080005a8   Section        0  stm32f10x_adc.o(i.ADC_GetFlagStatus)
    i.ADC_GetResetCalibrationStatus          0x080005ba   Section        0  stm32f10x_adc.o(i.ADC_GetResetCalibrationStatus)
    i.ADC_Init                               0x080005d0   Section        0  stm32f10x_adc.o(i.ADC_Init)
    i.ADC_RegularChannelConfig               0x08000620   Section        0  stm32f10x_adc.o(i.ADC_RegularChannelConfig)
    i.ADC_ResetCalibration                   0x080006d8   Section        0  stm32f10x_adc.o(i.ADC_ResetCalibration)
    i.ADC_SoftwareStartConvCmd               0x080006e2   Section        0  stm32f10x_adc.o(i.ADC_SoftwareStartConvCmd)
    i.ADC_StartCalibration                   0x080006f8   Section        0  stm32f10x_adc.o(i.ADC_StartCalibration)
    i.Adc_Init                               0x08000704   Section        0  adc.o(i.Adc_Init)
    i.Beep_Init                              0x080007a8   Section        0  beep.o(i.Beep_Init)
    i.BusFault_Handler                       0x080007dc   Section        0  stm32f10x_it.o(i.BusFault_Handler)
    i.Control_Init                           0x080007e0   Section        0  control.o(i.Control_Init)
    i.Control_Motor_PWM                      0x080007f0   Section        0  control.o(i.Control_Motor_PWM)
    i.Control_Servor_Angle                   0x0800089c   Section        0  control.o(i.Control_Servor_Angle)
    i.DebugMon_Handler                       0x0800089e   Section        0  stm32f10x_it.o(i.DebugMon_Handler)
    i.Encoder_Init_TIM2                      0x080008a0   Section        0  encoder.o(i.Encoder_Init_TIM2)
    i.GPIO_Init                              0x08000940   Section        0  stm32f10x_gpio.o(i.GPIO_Init)
    i.GPIO_PinRemapConfig                    0x08000a58   Section        0  stm32f10x_gpio.o(i.GPIO_PinRemapConfig)
    i.GPIO_ResetBits                         0x08000ae8   Section        0  stm32f10x_gpio.o(i.GPIO_ResetBits)
    i.GPIO_SetBits                           0x08000aec   Section        0  stm32f10x_gpio.o(i.GPIO_SetBits)
    i.GetParament                            0x08000af0   Section        0  track.o(i.GetParament)
    i.Get_Adc                                0x08000b88   Section        0  adc.o(i.Get_Adc)
    i.HardFault_Handler                      0x08000bbc   Section        0  stm32f10x_it.o(i.HardFault_Handler)
    i.LED_Init                               0x08000bc0   Section        0  led.o(i.LED_Init)
    i.LED_test                               0x08000bf8   Section        0  led.o(i.LED_test)
    i.MemManage_Handler                      0x08000c24   Section        0  stm32f10x_it.o(i.MemManage_Handler)
    i.Motor_Gpio_init                        0x08000c28   Section        0  motor.o(i.Motor_Gpio_init)
    i.Motor_Init                             0x08000c5c   Section        0  motor.o(i.Motor_Init)
    i.NMI_Handler                            0x08000c94   Section        0  stm32f10x_it.o(i.NMI_Handler)
    i.NRF24L01_Init                          0x08000c98   Section        0  24l01.o(i.NRF24L01_Init)
    i.NRF24L01_TX_Mode                       0x08000d94   Section        0  24l01.o(i.NRF24L01_TX_Mode)
    i.NRF24L01_Write_Buf                     0x08000dfc   Section        0  24l01.o(i.NRF24L01_Write_Buf)
    i.NRF24L01_Write_Reg                     0x08000e38   Section        0  24l01.o(i.NRF24L01_Write_Reg)
    i.NVIC_Init                              0x08000e68   Section        0  misc.o(i.NVIC_Init)
    i.NVIC_PriorityGroupConfig               0x08000ed8   Section        0  misc.o(i.NVIC_PriorityGroupConfig)
    i.OLED_Fill                              0x08000eec   Section        0  oled12864.o(i.OLED_Fill)
    i.OLED_IIC_Start                         0x08000f28   Section        0  oled12864.o(i.OLED_IIC_Start)
    i.OLED_IIC_Stop                          0x08000f4c   Section        0  oled12864.o(i.OLED_IIC_Stop)
    i.OLED_Init                              0x08000f70   Section        0  oled12864.o(i.OLED_Init)
    i.OLED_P16x16Ch                          0x08001038   Section        0  oled12864.o(i.OLED_P16x16Ch)
    i.OLED_Pin_Init                          0x0800108c   Section        0  oled12864.o(i.OLED_Pin_Init)
    i.OLED_Set_Pos                           0x080010cc   Section        0  oled12864.o(i.OLED_Set_Pos)
    i.OLED_WrCmd                             0x080010f4   Section        0  oled12864.o(i.OLED_WrCmd)
    i.OLED_WrDat                             0x08001114   Section        0  oled12864.o(i.OLED_WrDat)
    i.PendSV_Handler                         0x08001134   Section        0  stm32f10x_it.o(i.PendSV_Handler)
    i.Position_PID                           0x08001138   Section        0  control.o(i.Position_PID)
    i.RCC_ADCCLKConfig                       0x080011d0   Section        0  stm32f10x_rcc.o(i.RCC_ADCCLKConfig)
    i.RCC_APB1PeriphClockCmd                 0x080011e8   Section        0  stm32f10x_rcc.o(i.RCC_APB1PeriphClockCmd)
    i.RCC_APB2PeriphClockCmd                 0x08001208   Section        0  stm32f10x_rcc.o(i.RCC_APB2PeriphClockCmd)
    i.RCC_APB2PeriphResetCmd                 0x08001228   Section        0  stm32f10x_rcc.o(i.RCC_APB2PeriphResetCmd)
    i.RCC_GetClocksFreq                      0x08001248   Section        0  stm32f10x_rcc.o(i.RCC_GetClocksFreq)
    i.Read_Encoder                           0x0800131c   Section        0  encoder.o(i.Read_Encoder)
    i.SPI2_Init                              0x0800136c   Section        0  spi.o(i.SPI2_Init)
    i.SPI2_ReadWriteByte                     0x08001400   Section        0  spi.o(i.SPI2_ReadWriteByte)
    i.SPI_Cmd                                0x08001454   Section        0  stm32f10x_spi.o(i.SPI_Cmd)
    i.SPI_I2S_GetFlagStatus                  0x0800146c   Section        0  stm32f10x_spi.o(i.SPI_I2S_GetFlagStatus)
    i.SPI_I2S_ReceiveData                    0x0800147e   Section        0  stm32f10x_spi.o(i.SPI_I2S_ReceiveData)
    i.SPI_I2S_SendData                       0x08001484   Section        0  stm32f10x_spi.o(i.SPI_I2S_SendData)
    i.SPI_Init                               0x08001488   Section        0  stm32f10x_spi.o(i.SPI_Init)
    i.SVC_Handler                            0x080014c4   Section        0  stm32f10x_it.o(i.SVC_Handler)
    i.Servor_GPIO_Config                     0x080014c8   Section        0  servor.o(i.Servor_GPIO_Config)
    i.Servor_Init                            0x08001508   Section        0  servor.o(i.Servor_Init)
    i.SetSysClock                            0x08001528   Section        0  system_stm32f10x.o(i.SetSysClock)
    SetSysClock                              0x08001529   Thumb Code     8  system_stm32f10x.o(i.SetSysClock)
    i.SetSysClockTo72                        0x08001530   Section        0  system_stm32f10x.o(i.SetSysClockTo72)
    SetSysClockTo72                          0x08001531   Thumb Code   214  system_stm32f10x.o(i.SetSysClockTo72)
    i.Set_Motor_PWM                          0x08001610   Section        0  motor.o(i.Set_Motor_PWM)
    i.Set_Pwm_Motor1                         0x08001624   Section        0  motor.o(i.Set_Pwm_Motor1)
    i.Set_Pwm_Motor2                         0x08001654   Section        0  motor.o(i.Set_Pwm_Motor2)
    i.Show_CH                                0x08001684   Section        0  oled12864.o(i.Show_CH)
    i.SysTick_CLKSourceConfig                0x080016b4   Section        0  misc.o(i.SysTick_CLKSourceConfig)
    i.SysTick_Handler                        0x080016dc   Section        0  stm32f10x_it.o(i.SysTick_Handler)
    i.SystemInit                             0x080016e0   Section        0  system_stm32f10x.o(i.SystemInit)
    i.TI1_Config                             0x08001740   Section        0  stm32f10x_tim.o(i.TI1_Config)
    TI1_Config                               0x08001741   Thumb Code   108  stm32f10x_tim.o(i.TI1_Config)
    i.TI2_Config                             0x080017c0   Section        0  stm32f10x_tim.o(i.TI2_Config)
    TI2_Config                               0x080017c1   Thumb Code   130  stm32f10x_tim.o(i.TI2_Config)
    i.TI3_Config                             0x08001858   Section        0  stm32f10x_tim.o(i.TI3_Config)
    TI3_Config                               0x08001859   Thumb Code   122  stm32f10x_tim.o(i.TI3_Config)
    i.TI4_Config                             0x080018e8   Section        0  stm32f10x_tim.o(i.TI4_Config)
    TI4_Config                               0x080018e9   Thumb Code   130  stm32f10x_tim.o(i.TI4_Config)
    i.TIM1_PWM_Init                          0x08001980   Section        0  servor.o(i.TIM1_PWM_Init)
    i.TIM2_IRQHandler                        0x080019fc   Section        0  encoder.o(i.TIM2_IRQHandler)
    i.TIM3_IRQHandler                        0x08001a14   Section        0  control.o(i.TIM3_IRQHandler)
    i.TIM3_Int_Init                          0x08001a60   Section        0  timer.o(i.TIM3_Int_Init)
    i.TIM4_PWM_Init                          0x08001ac0   Section        0  motor.o(i.TIM4_PWM_Init)
    i.TIM_ARRPreloadConfig                   0x08001b9c   Section        0  stm32f10x_tim.o(i.TIM_ARRPreloadConfig)
    i.TIM_ClearFlag                          0x08001bb4   Section        0  stm32f10x_tim.o(i.TIM_ClearFlag)
    i.TIM_ClearITPendingBit                  0x08001bba   Section        0  stm32f10x_tim.o(i.TIM_ClearITPendingBit)
    i.TIM_Cmd                                0x08001bc0   Section        0  stm32f10x_tim.o(i.TIM_Cmd)
    i.TIM_CtrlPWMOutputs                     0x08001bd8   Section        0  stm32f10x_tim.o(i.TIM_CtrlPWMOutputs)
    i.TIM_EncoderInterfaceConfig             0x08001bf6   Section        0  stm32f10x_tim.o(i.TIM_EncoderInterfaceConfig)
    i.TIM_GetITStatus                        0x08001c38   Section        0  stm32f10x_tim.o(i.TIM_GetITStatus)
    i.TIM_ICInit                             0x08001c5c   Section        0  stm32f10x_tim.o(i.TIM_ICInit)
    i.TIM_ICStructInit                       0x08001d08   Section        0  stm32f10x_tim.o(i.TIM_ICStructInit)
    i.TIM_ITConfig                           0x08001d1a   Section        0  stm32f10x_tim.o(i.TIM_ITConfig)
    i.TIM_OC1Init                            0x08001d2c   Section        0  stm32f10x_tim.o(i.TIM_OC1Init)
    i.TIM_OC1PreloadConfig                   0x08001dc4   Section        0  stm32f10x_tim.o(i.TIM_OC1PreloadConfig)
    i.TIM_OC2Init                            0x08001dd8   Section        0  stm32f10x_tim.o(i.TIM_OC2Init)
    i.TIM_OC2PreloadConfig                   0x08001e7c   Section        0  stm32f10x_tim.o(i.TIM_OC2PreloadConfig)
    i.TIM_OC3Init                            0x08001e98   Section        0  stm32f10x_tim.o(i.TIM_OC3Init)
    i.TIM_OC3PreloadConfig                   0x08001f38   Section        0  stm32f10x_tim.o(i.TIM_OC3PreloadConfig)
    i.TIM_OC4Init                            0x08001f4c   Section        0  stm32f10x_tim.o(i.TIM_OC4Init)
    i.TIM_OC4PreloadConfig                   0x08001fc8   Section        0  stm32f10x_tim.o(i.TIM_OC4PreloadConfig)
    i.TIM_SetAutoreload                      0x08001fe2   Section        0  stm32f10x_tim.o(i.TIM_SetAutoreload)
    i.TIM_SetCompare1                        0x08001fe6   Section        0  stm32f10x_tim.o(i.TIM_SetCompare1)
    i.TIM_SetCompare2                        0x08001fea   Section        0  stm32f10x_tim.o(i.TIM_SetCompare2)
    i.TIM_SetCompare3                        0x08001fee   Section        0  stm32f10x_tim.o(i.TIM_SetCompare3)
    i.TIM_SetCompare4                        0x08001ff2   Section        0  stm32f10x_tim.o(i.TIM_SetCompare4)
    i.TIM_SetCounter                         0x08001ff8   Section        0  stm32f10x_tim.o(i.TIM_SetCounter)
    i.TIM_SetIC1Prescaler                    0x08001ffc   Section        0  stm32f10x_tim.o(i.TIM_SetIC1Prescaler)
    i.TIM_SetIC2Prescaler                    0x0800200e   Section        0  stm32f10x_tim.o(i.TIM_SetIC2Prescaler)
    i.TIM_SetIC3Prescaler                    0x08002028   Section        0  stm32f10x_tim.o(i.TIM_SetIC3Prescaler)
    i.TIM_SetIC4Prescaler                    0x0800203a   Section        0  stm32f10x_tim.o(i.TIM_SetIC4Prescaler)
    i.TIM_TimeBaseInit                       0x08002054   Section        0  stm32f10x_tim.o(i.TIM_TimeBaseInit)
    i.TIM_TimeBaseStructInit                 0x080020f8   Section        0  stm32f10x_tim.o(i.TIM_TimeBaseStructInit)
    i.USART1_IRQHandler                      0x0800210c   Section        0  usart.o(i.USART1_IRQHandler)
    i.USART_Cmd                              0x08002194   Section        0  stm32f10x_usart.o(i.USART_Cmd)
    i.USART_GetITStatus                      0x080021ac   Section        0  stm32f10x_usart.o(i.USART_GetITStatus)
    i.USART_ITConfig                         0x08002200   Section        0  stm32f10x_usart.o(i.USART_ITConfig)
    i.USART_Init                             0x0800224c   Section        0  stm32f10x_usart.o(i.USART_Init)
    i.USART_ReceiveData                      0x08002324   Section        0  stm32f10x_usart.o(i.USART_ReceiveData)
    i.UsageFault_Handler                     0x0800232e   Section        0  stm32f10x_it.o(i.UsageFault_Handler)
    i.Write_IIC_Byte                         0x08002334   Section        0  oled12864.o(i.Write_IIC_Byte)
    i._is_digit                              0x08002388   Section        0  __printf_wp.o(i._is_digit)
    i._sys_exit                              0x08002396   Section        0  usart.o(i._sys_exit)
    i.delay_init                             0x0800239c   Section        0  delay.o(i.delay_init)
    i.delay_ms                               0x080023e0   Section        0  delay.o(i.delay_ms)
    i.fputc                                  0x0800242c   Section        0  usart.o(i.fputc)
    i.main                                   0x08002448   Section        0  main.o(i.main)
    i.myabs                                  0x0800249a   Section        0  control.o(i.myabs)
    i.uart_init                              0x080024a8   Section        0  usart.o(i.uart_init)
    x$fpl$fadd                               0x08002548   Section      196  faddsub_clz.o(x$fpl$fadd)
    _fadd1                                   0x08002557   Thumb Code     0  faddsub_clz.o(x$fpl$fadd)
    x$fpl$ffix                               0x0800260c   Section       54  ffix.o(x$fpl$ffix)
    x$fpl$fflt                               0x08002644   Section       48  fflt_clz.o(x$fpl$fflt)
    x$fpl$fmul                               0x08002674   Section      258  fmul.o(x$fpl$fmul)
    x$fpl$fnaninf                            0x08002776   Section      140  fnaninf.o(x$fpl$fnaninf)
    x$fpl$fretinf                            0x08002802   Section       10  fretinf.o(x$fpl$fretinf)
    x$fpl$fsub                               0x0800280c   Section      234  faddsub_clz.o(x$fpl$fsub)
    _fsub1                                   0x0800281b   Thumb Code     0  faddsub_clz.o(x$fpl$fsub)
    .constdata                               0x080028f6   Section     2200  oled12864.o(.constdata)
    x$fpl$usenofp                            0x080028f6   Section        0  usenofp.o(x$fpl$usenofp)
    .constdata                               0x0800318e   Section       10  24l01.o(.constdata)
    .data                                    0x20000000   Section       20  system_stm32f10x.o(.data)
    .data                                    0x20000014   Section       84  control.o(.data)
    Bias                                     0x20000048   Data           4  control.o(.data)
    Pwm                                      0x2000004c   Data           4  control.o(.data)
    Integral_bias                            0x20000050   Data           4  control.o(.data)
    Last_Bias                                0x20000054   Data           4  control.o(.data)
    Bias                                     0x20000058   Data           4  control.o(.data)
    Pwm                                      0x2000005c   Data           4  control.o(.data)
    Integral_bias                            0x20000060   Data           4  control.o(.data)
    Last_Bias                                0x20000064   Data           4  control.o(.data)
    .data                                    0x20000068   Section        4  delay.o(.data)
    fac_us                                   0x20000068   Data           1  delay.o(.data)
    fac_ms                                   0x2000006a   Data           2  delay.o(.data)
    .data                                    0x2000006c   Section        6  usart.o(.data)
    .data                                    0x20000072   Section       20  stm32f10x_rcc.o(.data)
    APBAHBPrescTable                         0x20000072   Data          16  stm32f10x_rcc.o(.data)
    ADCPrescTable                            0x20000082   Data           4  stm32f10x_rcc.o(.data)
    .bss                                     0x20000088   Section      200  usart.o(.bss)
    .bss                                     0x20000150   Section       96  libspace.o(.bss)
    HEAP                                     0x200001b0   Section      512  startup_stm32f10x_md.o(HEAP)
    Heap_Mem                                 0x200001b0   Data         512  startup_stm32f10x_md.o(HEAP)
    STACK                                    0x200003b0   Section     1024  startup_stm32f10x_md.o(STACK)
    Stack_Mem                                0x200003b0   Data        1024  startup_stm32f10x_md.o(STACK)
    __initial_sp                             0x200007b0   Data           0  startup_stm32f10x_md.o(STACK)

    Global Symbols

    Symbol Name                              Value     Ov Type        Size  Object(Section)

    BuildAttributes$$THM_ISAv4$P$D$K$B$S$PE$A:L22UL41UL21$X:L11$S22US41US21$IEEE1$IW$USESV6$~STKCKD$USESV7$~SHL$OTIME$ROPI$IEEEJ$EBA8$UX$STANDARDLIB$REQ8$PRES8$EABIv2 0x00000000   Number         0  anon$$obj.o ABSOLUTE
    __ARM_use_no_argv                        0x00000000   Number         0  main.o ABSOLUTE
    _printf_flags                            0x00000000   Number         0  printf_stubs.o ABSOLUTE
    _printf_return_value                     0x00000000   Number         0  printf_stubs.o ABSOLUTE
    _printf_sizespec                         0x00000000   Number         0  printf_stubs.o ABSOLUTE
    _printf_widthprec                        0x00000000   Number         0  printf_stubs.o ABSOLUTE
    __ARM_exceptions_init                     - Undefined Weak Reference
    __alloca_initialize                       - Undefined Weak Reference
    __arm_preinit_                            - Undefined Weak Reference
    __cpp_initialize__aeabi_                  - Undefined Weak Reference
    __cxa_finalize                            - Undefined Weak Reference
    __sigvec_lookup                           - Undefined Weak Reference
    _atexit_init                              - Undefined Weak Reference
    _call_atexit_fns                          - Undefined Weak Reference
    _clock_init                               - Undefined Weak Reference
    _fp_trap_init                             - Undefined Weak Reference
    _fp_trap_shutdown                         - Undefined Weak Reference
    _get_lc_collate                           - Undefined Weak Reference
    _get_lc_ctype                             - Undefined Weak Reference
    _get_lc_monetary                          - Undefined Weak Reference
    _get_lc_time                              - Undefined Weak Reference
    _getenv_init                              - Undefined Weak Reference
    _handle_redirection                       - Undefined Weak Reference
    _init_alloc                               - Undefined Weak Reference
    _init_user_alloc                          - Undefined Weak Reference
    _initio                                   - Undefined Weak Reference
    _mutex_acquire                            - Undefined Weak Reference
    _mutex_release                            - Undefined Weak Reference
    _printf_post_padding                      - Undefined Weak Reference
    _printf_pre_padding                       - Undefined Weak Reference
    _printf_truncate_signed                   - Undefined Weak Reference
    _printf_truncate_unsigned                 - Undefined Weak Reference
    _rand_init                                - Undefined Weak Reference
    _signal_finish                            - Undefined Weak Reference
    _signal_init                              - Undefined Weak Reference
    _terminate_alloc                          - Undefined Weak Reference
    _terminate_user_alloc                     - Undefined Weak Reference
    _terminateio                              - Undefined Weak Reference
    __Vectors_Size                           0x000000ec   Number         0  startup_stm32f10x_md.o ABSOLUTE
    __Vectors                                0x08000000   Data           4  startup_stm32f10x_md.o(RESET)
    __Vectors_End                            0x080000ec   Data           0  startup_stm32f10x_md.o(RESET)
    __main                                   0x080000ed   Thumb Code     8  __main.o(!!!main)
    __scatterload                            0x080000f5   Thumb Code     0  __scatter.o(!!!scatter)
    __scatterload_rt2                        0x080000f5   Thumb Code    44  __scatter.o(!!!scatter)
    __scatterload_rt2_thumb_only             0x080000f5   Thumb Code     0  __scatter.o(!!!scatter)
    __scatterload_null                       0x08000103   Thumb Code     0  __scatter.o(!!!scatter)
    __scatterload_copy                       0x08000129   Thumb Code    26  __scatter_copy.o(!!handler_copy)
    __scatterload_zeroinit                   0x08000145   Thumb Code    28  __scatter_zi.o(!!handler_zi)
    _printf_d                                0x08000161   Thumb Code     0  _printf_d.o(.ARM.Collect$$_printf_percent$$00000009)
    _printf_percent                          0x08000161   Thumb Code     0  _printf_percent.o(.ARM.Collect$$_printf_percent$$00000000)
    _printf_percent_end                      0x08000167   Thumb Code     0  _printf_percent_end.o(.ARM.Collect$$_printf_percent$$00000017)
    __rt_lib_init                            0x0800016b   Thumb Code     0  libinit.o(.ARM.Collect$$libinit$$00000000)
    __rt_lib_init_alloca_1                   0x0800016d   Thumb Code     0  libinit2.o(.ARM.Collect$$libinit$$0000002E)
    __rt_lib_init_argv_1                     0x0800016d   Thumb Code     0  libinit2.o(.ARM.Collect$$libinit$$0000002C)
    __rt_lib_init_atexit_1                   0x0800016d   Thumb Code     0  libinit2.o(.ARM.Collect$$libinit$$0000001B)
    __rt_lib_init_clock_1                    0x0800016d   Thumb Code     0  libinit2.o(.ARM.Collect$$libinit$$00000021)
    __rt_lib_init_cpp_1                      0x0800016d   Thumb Code     0  libinit2.o(.ARM.Collect$$libinit$$00000032)
    __rt_lib_init_exceptions_1               0x0800016d   Thumb Code     0  libinit2.o(.ARM.Collect$$libinit$$00000030)
    __rt_lib_init_fp_1                       0x0800016d   Thumb Code     0  libinit2.o(.ARM.Collect$$libinit$$00000002)
    __rt_lib_init_fp_trap_1                  0x0800016d   Thumb Code     0  libinit2.o(.ARM.Collect$$libinit$$0000001F)
    __rt_lib_init_getenv_1                   0x0800016d   Thumb Code     0  libinit2.o(.ARM.Collect$$libinit$$00000023)
    __rt_lib_init_heap_1                     0x0800016d   Thumb Code     0  libinit2.o(.ARM.Collect$$libinit$$0000000A)
    __rt_lib_init_lc_collate_1               0x0800016d   Thumb Code     0  libinit2.o(.ARM.Collect$$libinit$$00000011)
    __rt_lib_init_lc_ctype_1                 0x0800016d   Thumb Code     0  libinit2.o(.ARM.Collect$$libinit$$00000013)
    __rt_lib_init_lc_monetary_1              0x0800016d   Thumb Code     0  libinit2.o(.ARM.Collect$$libinit$$00000015)
    __rt_lib_init_lc_numeric_1               0x0800016d   Thumb Code     0  libinit2.o(.ARM.Collect$$libinit$$00000017)
    __rt_lib_init_lc_time_1                  0x0800016d   Thumb Code     0  libinit2.o(.ARM.Collect$$libinit$$00000019)
    __rt_lib_init_preinit_1                  0x0800016d   Thumb Code     0  libinit2.o(.ARM.Collect$$libinit$$00000004)
    __rt_lib_init_rand_1                     0x0800016d   Thumb Code     0  libinit2.o(.ARM.Collect$$libinit$$0000000E)
    __rt_lib_init_return                     0x0800016d   Thumb Code     0  libinit2.o(.ARM.Collect$$libinit$$00000033)
    __rt_lib_init_signal_1                   0x0800016d   Thumb Code     0  libinit2.o(.ARM.Collect$$libinit$$0000001D)
    __rt_lib_init_stdio_1                    0x0800016d   Thumb Code     0  libinit2.o(.ARM.Collect$$libinit$$00000025)
    __rt_lib_init_user_alloc_1               0x0800016d   Thumb Code     0  libinit2.o(.ARM.Collect$$libinit$$0000000C)
    __rt_lib_shutdown                        0x0800016f   Thumb Code     0  libshutdown.o(.ARM.Collect$$libshutdown$$00000000)
    __rt_lib_shutdown_fp_trap_1              0x08000171   Thumb Code     0  libshutdown2.o(.ARM.Collect$$libshutdown$$00000006)
    __rt_lib_shutdown_heap_1                 0x08000171   Thumb Code     0  libshutdown2.o(.ARM.Collect$$libshutdown$$0000000E)
    __rt_lib_shutdown_return                 0x08000171   Thumb Code     0  libshutdown2.o(.ARM.Collect$$libshutdown$$0000000F)
    __rt_lib_shutdown_signal_1               0x08000171   Thumb Code     0  libshutdown2.o(.ARM.Collect$$libshutdown$$00000009)
    __rt_lib_shutdown_stdio_1                0x08000171   Thumb Code     0  libshutdown2.o(.ARM.Collect$$libshutdown$$00000003)
    __rt_lib_shutdown_user_alloc_1           0x08000171   Thumb Code     0  libshutdown2.o(.ARM.Collect$$libshutdown$$0000000B)
    __rt_entry                               0x08000173   Thumb Code     0  __rtentry.o(.ARM.Collect$$rtentry$$00000000)
    __rt_entry_presh_1                       0x08000173   Thumb Code     0  __rtentry2.o(.ARM.Collect$$rtentry$$00000002)
    __rt_entry_sh                            0x08000173   Thumb Code     0  __rtentry4.o(.ARM.Collect$$rtentry$$00000004)
    __rt_entry_li                            0x08000179   Thumb Code     0  __rtentry2.o(.ARM.Collect$$rtentry$$0000000A)
    __rt_entry_postsh_1                      0x08000179   Thumb Code     0  __rtentry2.o(.ARM.Collect$$rtentry$$00000009)
    __rt_entry_main                          0x0800017d   Thumb Code     0  __rtentry2.o(.ARM.Collect$$rtentry$$0000000D)
    __rt_entry_postli_1                      0x0800017d   Thumb Code     0  __rtentry2.o(.ARM.Collect$$rtentry$$0000000C)
    __rt_exit                                0x08000185   Thumb Code     0  rtexit.o(.ARM.Collect$$rtexit$$00000000)
    __rt_exit_ls                             0x08000187   Thumb Code     0  rtexit2.o(.ARM.Collect$$rtexit$$00000003)
    __rt_exit_prels_1                        0x08000187   Thumb Code     0  rtexit2.o(.ARM.Collect$$rtexit$$00000002)
    __rt_exit_exit                           0x0800018b   Thumb Code     0  rtexit2.o(.ARM.Collect$$rtexit$$00000004)
    Reset_Handler                            0x08000191   Thumb Code     8  startup_stm32f10x_md.o(.text)
    ADC1_2_IRQHandler                        0x080001ab   Thumb Code     0  startup_stm32f10x_md.o(.text)
    CAN1_RX1_IRQHandler                      0x080001ab   Thumb Code     0  startup_stm32f10x_md.o(.text)
    CAN1_SCE_IRQHandler                      0x080001ab   Thumb Code     0  startup_stm32f10x_md.o(.text)
    DMA1_Channel1_IRQHandler                 0x080001ab   Thumb Code     0  startup_stm32f10x_md.o(.text)
    DMA1_Channel2_IRQHandler                 0x080001ab   Thumb Code     0  startup_stm32f10x_md.o(.text)
    DMA1_Channel3_IRQHandler                 0x080001ab   Thumb Code     0  startup_stm32f10x_md.o(.text)
    DMA1_Channel4_IRQHandler                 0x080001ab   Thumb Code     0  startup_stm32f10x_md.o(.text)
    DMA1_Channel5_IRQHandler                 0x080001ab   Thumb Code     0  startup_stm32f10x_md.o(.text)
    DMA1_Channel6_IRQHandler                 0x080001ab   Thumb Code     0  startup_stm32f10x_md.o(.text)
    DMA1_Channel7_IRQHandler                 0x080001ab   Thumb Code     0  startup_stm32f10x_md.o(.text)
    EXTI0_IRQHandler                         0x080001ab   Thumb Code     0  startup_stm32f10x_md.o(.text)
    EXTI15_10_IRQHandler                     0x080001ab   Thumb Code     0  startup_stm32f10x_md.o(.text)
    EXTI1_IRQHandler                         0x080001ab   Thumb Code     0  startup_stm32f10x_md.o(.text)
    EXTI2_IRQHandler                         0x080001ab   Thumb Code     0  startup_stm32f10x_md.o(.text)
    EXTI3_IRQHandler                         0x080001ab   Thumb Code     0  startup_stm32f10x_md.o(.text)
    EXTI4_IRQHandler                         0x080001ab   Thumb Code     0  startup_stm32f10x_md.o(.text)
    EXTI9_5_IRQHandler                       0x080001ab   Thumb Code     0  startup_stm32f10x_md.o(.text)
    FLASH_IRQHandler                         0x080001ab   Thumb Code     0  startup_stm32f10x_md.o(.text)
    I2C1_ER_IRQHandler                       0x080001ab   Thumb Code     0  startup_stm32f10x_md.o(.text)
    I2C1_EV_IRQHandler                       0x080001ab   Thumb Code     0  startup_stm32f10x_md.o(.text)
    I2C2_ER_IRQHandler                       0x080001ab   Thumb Code     0  startup_stm32f10x_md.o(.text)
    I2C2_EV_IRQHandler                       0x080001ab   Thumb Code     0  startup_stm32f10x_md.o(.text)
    PVD_IRQHandler                           0x080001ab   Thumb Code     0  startup_stm32f10x_md.o(.text)
    RCC_IRQHandler                           0x080001ab   Thumb Code     0  startup_stm32f10x_md.o(.text)
    RTCAlarm_IRQHandler                      0x080001ab   Thumb Code     0  startup_stm32f10x_md.o(.text)
    RTC_IRQHandler                           0x080001ab   Thumb Code     0  startup_stm32f10x_md.o(.text)
    SPI1_IRQHandler                          0x080001ab   Thumb Code     0  startup_stm32f10x_md.o(.text)
    SPI2_IRQHandler                          0x080001ab   Thumb Code     0  startup_stm32f10x_md.o(.text)
    TAMPER_IRQHandler                        0x080001ab   Thumb Code     0  startup_stm32f10x_md.o(.text)
    TIM1_BRK_IRQHandler                      0x080001ab   Thumb Code     0  startup_stm32f10x_md.o(.text)
    TIM1_CC_IRQHandler                       0x080001ab   Thumb Code     0  startup_stm32f10x_md.o(.text)
    TIM1_TRG_COM_IRQHandler                  0x080001ab   Thumb Code     0  startup_stm32f10x_md.o(.text)
    TIM1_UP_IRQHandler                       0x080001ab   Thumb Code     0  startup_stm32f10x_md.o(.text)
    TIM4_IRQHandler                          0x080001ab   Thumb Code     0  startup_stm32f10x_md.o(.text)
    USART2_IRQHandler                        0x080001ab   Thumb Code     0  startup_stm32f10x_md.o(.text)
    USART3_IRQHandler                        0x080001ab   Thumb Code     0  startup_stm32f10x_md.o(.text)
    USBWakeUp_IRQHandler                     0x080001ab   Thumb Code     0  startup_stm32f10x_md.o(.text)
    USB_HP_CAN1_TX_IRQHandler                0x080001ab   Thumb Code     0  startup_stm32f10x_md.o(.text)
    USB_LP_CAN1_RX0_IRQHandler               0x080001ab   Thumb Code     0  startup_stm32f10x_md.o(.text)
    WWDG_IRQHandler                          0x080001ab   Thumb Code     0  startup_stm32f10x_md.o(.text)
    __user_initial_stackheap                 0x080001ad   Thumb Code     0  startup_stm32f10x_md.o(.text)
    __use_no_semihosting                     0x080001d1   Thumb Code     2  use_no_semi_2.o(.text)
    __2printf                                0x080001d5   Thumb Code    20  noretval__2printf.o(.text)
    __2sprintf                               0x080001ed   Thumb Code    34  noretval__2sprintf.o(.text)
    _printf_int_dec                          0x08000215   Thumb Code   104  _printf_dec.o(.text)
    __printf                                 0x0800028d   Thumb Code   270  __printf_wp.o(.text)
    __use_two_region_memory                  0x0800039b   Thumb Code     2  heapauxi.o(.text)
    __rt_heap_escrow$2region                 0x0800039d   Thumb Code     2  heapauxi.o(.text)
    __rt_heap_expand$2region                 0x0800039f   Thumb Code     2  heapauxi.o(.text)
    __I$use$semihosting                      0x080003a1   Thumb Code     0  use_no_semi.o(.text)
    __use_no_semihosting_swi                 0x080003a1   Thumb Code     2  use_no_semi.o(.text)
    _printf_int_common                       0x080003a3   Thumb Code   178  _printf_intcommon.o(.text)
    _printf_char_common                      0x0800045f   Thumb Code    32  _printf_char_common.o(.text)
    _sputc                                   0x08000485   Thumb Code    10  _sputc.o(.text)
    _printf_char_file                        0x08000491   Thumb Code    32  _printf_char_file.o(.text)
    ferror                                   0x080004b5   Thumb Code     8  ferror.o(.text)
    __user_libspace                          0x080004bd   Thumb Code     8  libspace.o(.text)
    __user_perproc_libspace                  0x080004bd   Thumb Code     0  libspace.o(.text)
    __user_perthread_libspace                0x080004bd   Thumb Code     0  libspace.o(.text)
    __user_setup_stackheap                   0x080004c5   Thumb Code    74  sys_stackheap_outer.o(.text)
    exit                                     0x0800050f   Thumb Code    12  exit.o(.text)
    ADC_Cmd                                  0x0800051b   Thumb Code    22  stm32f10x_adc.o(i.ADC_Cmd)
    ADC_DeInit                               0x08000531   Thumb Code    78  stm32f10x_adc.o(i.ADC_DeInit)
    ADC_GetCalibrationStatus                 0x0800058d   Thumb Code    20  stm32f10x_adc.o(i.ADC_GetCalibrationStatus)
    ADC_GetConversionValue                   0x080005a1   Thumb Code     8  stm32f10x_adc.o(i.ADC_GetConversionValue)
    ADC_GetFlagStatus                        0x080005a9   Thumb Code    18  stm32f10x_adc.o(i.ADC_GetFlagStatus)
    ADC_GetResetCalibrationStatus            0x080005bb   Thumb Code    20  stm32f10x_adc.o(i.ADC_GetResetCalibrationStatus)
    ADC_Init                                 0x080005d1   Thumb Code    70  stm32f10x_adc.o(i.ADC_Init)
    ADC_RegularChannelConfig                 0x08000621   Thumb Code   184  stm32f10x_adc.o(i.ADC_RegularChannelConfig)
    ADC_ResetCalibration                     0x080006d9   Thumb Code    10  stm32f10x_adc.o(i.ADC_ResetCalibration)
    ADC_SoftwareStartConvCmd                 0x080006e3   Thumb Code    22  stm32f10x_adc.o(i.ADC_SoftwareStartConvCmd)
    ADC_StartCalibration                     0x080006f9   Thumb Code    10  stm32f10x_adc.o(i.ADC_StartCalibration)
    Adc_Init                                 0x08000705   Thumb Code   152  adc.o(i.Adc_Init)
    Beep_Init                                0x080007a9   Thumb Code    46  beep.o(i.Beep_Init)
    BusFault_Handler                         0x080007dd   Thumb Code     4  stm32f10x_it.o(i.BusFault_Handler)
    Control_Init                             0x080007e1   Thumb Code    14  control.o(i.Control_Init)
    Control_Motor_PWM                        0x080007f1   Thumb Code   146  control.o(i.Control_Motor_PWM)
    Control_Servor_Angle                     0x0800089d   Thumb Code     2  control.o(i.Control_Servor_Angle)
    DebugMon_Handler                         0x0800089f   Thumb Code     2  stm32f10x_it.o(i.DebugMon_Handler)
    Encoder_Init_TIM2                        0x080008a1   Thumb Code   154  encoder.o(i.Encoder_Init_TIM2)
    GPIO_Init                                0x08000941   Thumb Code   278  stm32f10x_gpio.o(i.GPIO_Init)
    GPIO_PinRemapConfig                      0x08000a59   Thumb Code   138  stm32f10x_gpio.o(i.GPIO_PinRemapConfig)
    GPIO_ResetBits                           0x08000ae9   Thumb Code     4  stm32f10x_gpio.o(i.GPIO_ResetBits)
    GPIO_SetBits                             0x08000aed   Thumb Code     4  stm32f10x_gpio.o(i.GPIO_SetBits)
    GetParament                              0x08000af1   Thumb Code   100  track.o(i.GetParament)
    Get_Adc                                  0x08000b89   Thumb Code    46  adc.o(i.Get_Adc)
    HardFault_Handler                        0x08000bbd   Thumb Code     4  stm32f10x_it.o(i.HardFault_Handler)
    LED_Init                                 0x08000bc1   Thumb Code    50  led.o(i.LED_Init)
    LED_test                                 0x08000bf9   Thumb Code    34  led.o(i.LED_test)
    MemManage_Handler                        0x08000c25   Thumb Code     4  stm32f10x_it.o(i.MemManage_Handler)
    Motor_Gpio_init                          0x08000c29   Thumb Code    48  motor.o(i.Motor_Gpio_init)
    Motor_Init                               0x08000c5d   Thumb Code    50  motor.o(i.Motor_Init)
    NMI_Handler                              0x08000c95   Thumb Code     2  stm32f10x_it.o(i.NMI_Handler)
    NRF24L01_Init                            0x08000c99   Thumb Code   230  24l01.o(i.NRF24L01_Init)
    NRF24L01_TX_Mode                         0x08000d95   Thumb Code    86  24l01.o(i.NRF24L01_TX_Mode)
    NRF24L01_Write_Buf                       0x08000dfd   Thumb Code    56  24l01.o(i.NRF24L01_Write_Buf)
    NRF24L01_Write_Reg                       0x08000e39   Thumb Code    38  24l01.o(i.NRF24L01_Write_Reg)
    NVIC_Init                                0x08000e69   Thumb Code   100  misc.o(i.NVIC_Init)
    NVIC_PriorityGroupConfig                 0x08000ed9   Thumb Code    10  misc.o(i.NVIC_PriorityGroupConfig)
    OLED_Fill                                0x08000eed   Thumb Code    58  oled12864.o(i.OLED_Fill)
    OLED_IIC_Start                           0x08000f29   Thumb Code    28  oled12864.o(i.OLED_IIC_Start)
    OLED_IIC_Stop                            0x08000f4d   Thumb Code    26  oled12864.o(i.OLED_IIC_Stop)
    OLED_Init                                0x08000f71   Thumb Code   198  oled12864.o(i.OLED_Init)
    OLED_P16x16Ch                            0x08001039   Thumb Code    80  oled12864.o(i.OLED_P16x16Ch)
    OLED_Pin_Init                            0x0800108d   Thumb Code    54  oled12864.o(i.OLED_Pin_Init)
    OLED_Set_Pos                             0x080010cd   Thumb Code    40  oled12864.o(i.OLED_Set_Pos)
    OLED_WrCmd                               0x080010f5   Thumb Code    32  oled12864.o(i.OLED_WrCmd)
    OLED_WrDat                               0x08001115   Thumb Code    32  oled12864.o(i.OLED_WrDat)
    PendSV_Handler                           0x08001135   Thumb Code     2  stm32f10x_it.o(i.PendSV_Handler)
    Position_PID                             0x08001139   Thumb Code   126  control.o(i.Position_PID)
    RCC_ADCCLKConfig                         0x080011d1   Thumb Code    18  stm32f10x_rcc.o(i.RCC_ADCCLKConfig)
    RCC_APB1PeriphClockCmd                   0x080011e9   Thumb Code    26  stm32f10x_rcc.o(i.RCC_APB1PeriphClockCmd)
    RCC_APB2PeriphClockCmd                   0x08001209   Thumb Code    26  stm32f10x_rcc.o(i.RCC_APB2PeriphClockCmd)
    RCC_APB2PeriphResetCmd                   0x08001229   Thumb Code    26  stm32f10x_rcc.o(i.RCC_APB2PeriphResetCmd)
    RCC_GetClocksFreq                        0x08001249   Thumb Code   192  stm32f10x_rcc.o(i.RCC_GetClocksFreq)
    Read_Encoder                             0x0800131d   Thumb Code    70  encoder.o(i.Read_Encoder)
    SPI2_Init                                0x0800136d   Thumb Code   140  spi.o(i.SPI2_Init)
    SPI2_ReadWriteByte                       0x08001401   Thumb Code    78  spi.o(i.SPI2_ReadWriteByte)
    SPI_Cmd                                  0x08001455   Thumb Code    24  stm32f10x_spi.o(i.SPI_Cmd)
    SPI_I2S_GetFlagStatus                    0x0800146d   Thumb Code    18  stm32f10x_spi.o(i.SPI_I2S_GetFlagStatus)
    SPI_I2S_ReceiveData                      0x0800147f   Thumb Code     6  stm32f10x_spi.o(i.SPI_I2S_ReceiveData)
    SPI_I2S_SendData                         0x08001485   Thumb Code     4  stm32f10x_spi.o(i.SPI_I2S_SendData)
    SPI_Init                                 0x08001489   Thumb Code    60  stm32f10x_spi.o(i.SPI_Init)
    SVC_Handler                              0x080014c5   Thumb Code     2  stm32f10x_it.o(i.SVC_Handler)
    Servor_GPIO_Config                       0x080014c9   Thumb Code    58  servor.o(i.Servor_GPIO_Config)
    Servor_Init                              0x08001509   Thumb Code    26  servor.o(i.Servor_Init)
    Set_Motor_PWM                            0x08001611   Thumb Code    18  motor.o(i.Set_Motor_PWM)
    Set_Pwm_Motor1                           0x08001625   Thumb Code    42  motor.o(i.Set_Pwm_Motor1)
    Set_Pwm_Motor2                           0x08001655   Thumb Code    42  motor.o(i.Set_Pwm_Motor2)
    Show_CH                                  0x08001685   Thumb Code    48  oled12864.o(i.Show_CH)
    SysTick_CLKSourceConfig                  0x080016b5   Thumb Code    40  misc.o(i.SysTick_CLKSourceConfig)
    SysTick_Handler                          0x080016dd   Thumb Code     2  stm32f10x_it.o(i.SysTick_Handler)
    SystemInit                               0x080016e1   Thumb Code    78  system_stm32f10x.o(i.SystemInit)
    TIM1_PWM_Init                            0x08001981   Thumb Code   118  servor.o(i.TIM1_PWM_Init)
    TIM2_IRQHandler                          0x080019fd   Thumb Code    24  encoder.o(i.TIM2_IRQHandler)
    TIM3_IRQHandler                          0x08001a15   Thumb Code    60  control.o(i.TIM3_IRQHandler)
    TIM3_Int_Init                            0x08001a61   Thumb Code    90  timer.o(i.TIM3_Int_Init)
    TIM4_PWM_Init                            0x08001ac1   Thumb Code   216  motor.o(i.TIM4_PWM_Init)
    TIM_ARRPreloadConfig                     0x08001b9d   Thumb Code    24  stm32f10x_tim.o(i.TIM_ARRPreloadConfig)
    TIM_ClearFlag                            0x08001bb5   Thumb Code     6  stm32f10x_tim.o(i.TIM_ClearFlag)
    TIM_ClearITPendingBit                    0x08001bbb   Thumb Code     6  stm32f10x_tim.o(i.TIM_ClearITPendingBit)
    TIM_Cmd                                  0x08001bc1   Thumb Code    24  stm32f10x_tim.o(i.TIM_Cmd)
    TIM_CtrlPWMOutputs                       0x08001bd9   Thumb Code    30  stm32f10x_tim.o(i.TIM_CtrlPWMOutputs)
    TIM_EncoderInterfaceConfig               0x08001bf7   Thumb Code    66  stm32f10x_tim.o(i.TIM_EncoderInterfaceConfig)
    TIM_GetITStatus                          0x08001c39   Thumb Code    34  stm32f10x_tim.o(i.TIM_GetITStatus)
    TIM_ICInit                               0x08001c5d   Thumb Code   150  stm32f10x_tim.o(i.TIM_ICInit)
    TIM_ICStructInit                         0x08001d09   Thumb Code    18  stm32f10x_tim.o(i.TIM_ICStructInit)
    TIM_ITConfig                             0x08001d1b   Thumb Code    18  stm32f10x_tim.o(i.TIM_ITConfig)
    TIM_OC1Init                              0x08001d2d   Thumb Code   132  stm32f10x_tim.o(i.TIM_OC1Init)
    TIM_OC1PreloadConfig                     0x08001dc5   Thumb Code    18  stm32f10x_tim.o(i.TIM_OC1PreloadConfig)
    TIM_OC2Init                              0x08001dd9   Thumb Code   154  stm32f10x_tim.o(i.TIM_OC2Init)
    TIM_OC2PreloadConfig                     0x08001e7d   Thumb Code    26  stm32f10x_tim.o(i.TIM_OC2PreloadConfig)
    TIM_OC3Init                              0x08001e99   Thumb Code   150  stm32f10x_tim.o(i.TIM_OC3Init)
    TIM_OC3PreloadConfig                     0x08001f39   Thumb Code    18  stm32f10x_tim.o(i.TIM_OC3PreloadConfig)
    TIM_OC4Init                              0x08001f4d   Thumb Code   114  stm32f10x_tim.o(i.TIM_OC4Init)
    TIM_OC4PreloadConfig                     0x08001fc9   Thumb Code    26  stm32f10x_tim.o(i.TIM_OC4PreloadConfig)
    TIM_SetAutoreload                        0x08001fe3   Thumb Code     4  stm32f10x_tim.o(i.TIM_SetAutoreload)
    TIM_SetCompare1                          0x08001fe7   Thumb Code     4  stm32f10x_tim.o(i.TIM_SetCompare1)
    TIM_SetCompare2                          0x08001feb   Thumb Code     4  stm32f10x_tim.o(i.TIM_SetCompare2)
    TIM_SetCompare3                          0x08001fef   Thumb Code     4  stm32f10x_tim.o(i.TIM_SetCompare3)
    TIM_SetCompare4                          0x08001ff3   Thumb Code     6  stm32f10x_tim.o(i.TIM_SetCompare4)
    TIM_SetCounter                           0x08001ff9   Thumb Code     4  stm32f10x_tim.o(i.TIM_SetCounter)
    TIM_SetIC1Prescaler                      0x08001ffd   Thumb Code    18  stm32f10x_tim.o(i.TIM_SetIC1Prescaler)
    TIM_SetIC2Prescaler                      0x0800200f   Thumb Code    26  stm32f10x_tim.o(i.TIM_SetIC2Prescaler)
    TIM_SetIC3Prescaler                      0x08002029   Thumb Code    18  stm32f10x_tim.o(i.TIM_SetIC3Prescaler)
    TIM_SetIC4Prescaler                      0x0800203b   Thumb Code    26  stm32f10x_tim.o(i.TIM_SetIC4Prescaler)
    TIM_TimeBaseInit                         0x08002055   Thumb Code   122  stm32f10x_tim.o(i.TIM_TimeBaseInit)
    TIM_TimeBaseStructInit                   0x080020f9   Thumb Code    18  stm32f10x_tim.o(i.TIM_TimeBaseStructInit)
    USART1_IRQHandler                        0x0800210d   Thumb Code   122  usart.o(i.USART1_IRQHandler)
    USART_Cmd                                0x08002195   Thumb Code    24  stm32f10x_usart.o(i.USART_Cmd)
    USART_GetITStatus                        0x080021ad   Thumb Code    84  stm32f10x_usart.o(i.USART_GetITStatus)
    USART_ITConfig                           0x08002201   Thumb Code    74  stm32f10x_usart.o(i.USART_ITConfig)
    USART_Init                               0x0800224d   Thumb Code   210  stm32f10x_usart.o(i.USART_Init)
    USART_ReceiveData                        0x08002325   Thumb Code    10  stm32f10x_usart.o(i.USART_ReceiveData)
    UsageFault_Handler                       0x0800232f   Thumb Code     4  stm32f10x_it.o(i.UsageFault_Handler)
    Write_IIC_Byte                           0x08002335   Thumb Code    74  oled12864.o(i.Write_IIC_Byte)
    _is_digit                                0x08002389   Thumb Code    14  __printf_wp.o(i._is_digit)
    _sys_exit                                0x08002397   Thumb Code     6  usart.o(i._sys_exit)
    delay_init                               0x0800239d   Thumb Code    50  delay.o(i.delay_init)
    delay_ms                                 0x080023e1   Thumb Code    72  delay.o(i.delay_ms)
    fputc                                    0x0800242d   Thumb Code    24  usart.o(i.fputc)
    main                                     0x08002449   Thumb Code    82  main.o(i.main)
    myabs                                    0x0800249b   Thumb Code    14  control.o(i.myabs)
    uart_init                                0x080024a9   Thumb Code   152  usart.o(i.uart_init)
    __aeabi_fadd                             0x08002549   Thumb Code     0  faddsub_clz.o(x$fpl$fadd)
    _fadd                                    0x08002549   Thumb Code   196  faddsub_clz.o(x$fpl$fadd)
    __aeabi_f2iz                             0x0800260d   Thumb Code     0  ffix.o(x$fpl$ffix)
    _ffix                                    0x0800260d   Thumb Code    54  ffix.o(x$fpl$ffix)
    __aeabi_i2f                              0x08002645   Thumb Code     0  fflt_clz.o(x$fpl$fflt)
    _fflt                                    0x08002645   Thumb Code    48  fflt_clz.o(x$fpl$fflt)
    __aeabi_fmul                             0x08002675   Thumb Code     0  fmul.o(x$fpl$fmul)
    _fmul                                    0x08002675   Thumb Code   258  fmul.o(x$fpl$fmul)
    __fpl_fnaninf                            0x08002777   Thumb Code   140  fnaninf.o(x$fpl$fnaninf)
    __fpl_fretinf                            0x08002803   Thumb Code    10  fretinf.o(x$fpl$fretinf)
    __aeabi_fsub                             0x0800280d   Thumb Code     0  faddsub_clz.o(x$fpl$fsub)
    _fsub                                    0x0800280d   Thumb Code   234  faddsub_clz.o(x$fpl$fsub)
    F16x16                                   0x080028f6   Data         128  oled12864.o(.constdata)
    __I$use$fp                               0x080028f6   Number         0  usenofp.o(x$fpl$usenofp)
    F6x8                                     0x08002976   Data         552  oled12864.o(.constdata)
    F8X16                                    0x08002b9e   Data        1520  oled12864.o(.constdata)
    TX_ADDRESS                               0x0800318e   Data           5  24l01.o(.constdata)
    RX_ADDRESS                               0x08003193   Data           5  24l01.o(.constdata)
    Region$$Table$$Base                      0x08003198   Number         0  anon$$obj.o(Region$$Table)
    Region$$Table$$Limit                     0x080031b8   Number         0  anon$$obj.o(Region$$Table)
    SystemCoreClock                          0x20000000   Data           4  system_stm32f10x.o(.data)
    AHBPrescTable                            0x20000004   Data          16  system_stm32f10x.o(.data)
    adc1                                     0x20000014   Data           2  control.o(.data)
    adc2                                     0x20000016   Data           2  control.o(.data)
    adc_m                                    0x20000018   Data           2  control.o(.data)
    Target_POS                               0x2000001c   Data           4  control.o(.data)
    Temp_POS                                 0x20000020   Data           4  control.o(.data)
    ReadEncode                               0x20000024   Data           4  control.o(.data)
    END_FLAG                                 0x20000028   Data           1  control.o(.data)
    ANTI_FLAG                                0x20000029   Data           1  control.o(.data)
    Encode_n                                 0x2000002c   Data           4  control.o(.data)
    Forward_P                                0x20000030   Data           4  control.o(.data)
    Forward_D                                0x20000034   Data           4  control.o(.data)
    Back_P                                   0x20000038   Data           4  control.o(.data)
    Back_D                                   0x2000003c   Data           4  control.o(.data)
    Forward_Speed                            0x20000040   Data           4  control.o(.data)
    Back_Speed                               0x20000044   Data           4  control.o(.data)
    __stdout                                 0x2000006c   Data           4  usart.o(.data)
    USART_RX_STA                             0x20000070   Data           2  usart.o(.data)
    USART_RX_BUF                             0x20000088   Data         200  usart.o(.bss)
    __libspace_start                         0x20000150   Data          96  libspace.o(.bss)
    __temporary_stack_top$libspace           0x200001b0   Data           0  libspace.o(.bss)



==============================================================================

Memory Map of the image

  Image Entry point : 0x08000191

  Load Region LR_1 (Base: 0x08000000, Size: 0x00003240, Max: 0xffffffff, ABSOLUTE)

    Execution Region ER_RO (Base: 0x08000000, Size: 0x000031b8, Max: 0xffffffff, ABSOLUTE)

    Base Addr    Size         Type   Attr      Idx    E Section Name        Object

    0x08000000   0x000000ec   Data   RO          910    RESET               startup_stm32f10x_md.o
    0x080000ec   0x00000008   Code   RO         2736  * !!!main             c_w.l(__main.o)
    0x080000f4   0x00000034   Code   RO         2995    !!!scatter          c_w.l(__scatter.o)
    0x08000128   0x0000001a   Code   RO         2997    !!handler_copy      c_w.l(__scatter_copy.o)
    0x08000142   0x00000002   PAD
    0x08000144   0x0000001c   Code   RO         2999    !!handler_zi        c_w.l(__scatter_zi.o)
    0x08000160   0x00000000   Code   RO         2733    .ARM.Collect$$_printf_percent$$00000000  c_w.l(_printf_percent.o)
    0x08000160   0x00000006   Code   RO         2731    .ARM.Collect$$_printf_percent$$00000009  c_w.l(_printf_d.o)
    0x08000166   0x00000004   Code   RO         2787    .ARM.Collect$$_printf_percent$$00000017  c_w.l(_printf_percent_end.o)
    0x0800016a   0x00000002   Code   RO         2873    .ARM.Collect$$libinit$$00000000  c_w.l(libinit.o)
    0x0800016c   0x00000000   Code   RO         2875    .ARM.Collect$$libinit$$00000002  c_w.l(libinit2.o)
    0x0800016c   0x00000000   Code   RO         2877    .ARM.Collect$$libinit$$00000004  c_w.l(libinit2.o)
    0x0800016c   0x00000000   Code   RO         2880    .ARM.Collect$$libinit$$0000000A  c_w.l(libinit2.o)
    0x0800016c   0x00000000   Code   RO         2882    .ARM.Collect$$libinit$$0000000C  c_w.l(libinit2.o)
    0x0800016c   0x00000000   Code   RO         2884    .ARM.Collect$$libinit$$0000000E  c_w.l(libinit2.o)
    0x0800016c   0x00000000   Code   RO         2887    .ARM.Collect$$libinit$$00000011  c_w.l(libinit2.o)
    0x0800016c   0x00000000   Code   RO         2889    .ARM.Collect$$libinit$$00000013  c_w.l(libinit2.o)
    0x0800016c   0x00000000   Code   RO         2891    .ARM.Collect$$libinit$$00000015  c_w.l(libinit2.o)
    0x0800016c   0x00000000   Code   RO         2893    .ARM.Collect$$libinit$$00000017  c_w.l(libinit2.o)
    0x0800016c   0x00000000   Code   RO         2895    .ARM.Collect$$libinit$$00000019  c_w.l(libinit2.o)
    0x0800016c   0x00000000   Code   RO         2897    .ARM.Collect$$libinit$$0000001B  c_w.l(libinit2.o)
    0x0800016c   0x00000000   Code   RO         2899    .ARM.Collect$$libinit$$0000001D  c_w.l(libinit2.o)
    0x0800016c   0x00000000   Code   RO         2901    .ARM.Collect$$libinit$$0000001F  c_w.l(libinit2.o)
    0x0800016c   0x00000000   Code   RO         2903    .ARM.Collect$$libinit$$00000021  c_w.l(libinit2.o)
    0x0800016c   0x00000000   Code   RO         2905    .ARM.Collect$$libinit$$00000023  c_w.l(libinit2.o)
    0x0800016c   0x00000000   Code   RO         2907    .ARM.Collect$$libinit$$00000025  c_w.l(libinit2.o)
    0x0800016c   0x00000000   Code   RO         2911    .ARM.Collect$$libinit$$0000002C  c_w.l(libinit2.o)
    0x0800016c   0x00000000   Code   RO         2913    .ARM.Collect$$libinit$$0000002E  c_w.l(libinit2.o)
    0x0800016c   0x00000000   Code   RO         2915    .ARM.Collect$$libinit$$00000030  c_w.l(libinit2.o)
    0x0800016c   0x00000000   Code   RO         2917    .ARM.Collect$$libinit$$00000032  c_w.l(libinit2.o)
    0x0800016c   0x00000002   Code   RO         2918    .ARM.Collect$$libinit$$00000033  c_w.l(libinit2.o)
    0x0800016e   0x00000002   Code   RO         2946    .ARM.Collect$$libshutdown$$00000000  c_w.l(libshutdown.o)
    0x08000170   0x00000000   Code   RO         2956    .ARM.Collect$$libshutdown$$00000003  c_w.l(libshutdown2.o)
    0x08000170   0x00000000   Code   RO         2959    .ARM.Collect$$libshutdown$$00000006  c_w.l(libshutdown2.o)
    0x08000170   0x00000000   Code   RO         2962    .ARM.Collect$$libshutdown$$00000009  c_w.l(libshutdown2.o)
    0x08000170   0x00000000   Code   RO         2964    .ARM.Collect$$libshutdown$$0000000B  c_w.l(libshutdown2.o)
    0x08000170   0x00000000   Code   RO         2967    .ARM.Collect$$libshutdown$$0000000E  c_w.l(libshutdown2.o)
    0x08000170   0x00000002   Code   RO         2968    .ARM.Collect$$libshutdown$$0000000F  c_w.l(libshutdown2.o)
    0x08000172   0x00000000   Code   RO         2776    .ARM.Collect$$rtentry$$00000000  c_w.l(__rtentry.o)
    0x08000172   0x00000000   Code   RO         2798    .ARM.Collect$$rtentry$$00000002  c_w.l(__rtentry2.o)
    0x08000172   0x00000006   Code   RO         2810    .ARM.Collect$$rtentry$$00000004  c_w.l(__rtentry4.o)
    0x08000178   0x00000000   Code   RO         2800    .ARM.Collect$$rtentry$$00000009  c_w.l(__rtentry2.o)
    0x08000178   0x00000004   Code   RO         2801    .ARM.Collect$$rtentry$$0000000A  c_w.l(__rtentry2.o)
    0x0800017c   0x00000000   Code   RO         2803    .ARM.Collect$$rtentry$$0000000C  c_w.l(__rtentry2.o)
    0x0800017c   0x00000008   Code   RO         2804    .ARM.Collect$$rtentry$$0000000D  c_w.l(__rtentry2.o)
    0x08000184   0x00000002   Code   RO         2919    .ARM.Collect$$rtexit$$00000000  c_w.l(rtexit.o)
    0x08000186   0x00000000   Code   RO         2926    .ARM.Collect$$rtexit$$00000002  c_w.l(rtexit2.o)
    0x08000186   0x00000004   Code   RO         2927    .ARM.Collect$$rtexit$$00000003  c_w.l(rtexit2.o)
    0x0800018a   0x00000006   Code   RO         2928    .ARM.Collect$$rtexit$$00000004  c_w.l(rtexit2.o)
    0x08000190   0x00000040   Code   RO          911  * .text               startup_stm32f10x_md.o
    0x080001d0   0x00000002   Code   RO         2697    .text               c_w.l(use_no_semi_2.o)
    0x080001d2   0x00000002   PAD
    0x080001d4   0x00000018   Code   RO         2703    .text               c_w.l(noretval__2printf.o)
    0x080001ec   0x00000028   Code   RO         2705    .text               c_w.l(noretval__2sprintf.o)
    0x08000214   0x00000078   Code   RO         2709    .text               c_w.l(_printf_dec.o)
    0x0800028c   0x0000010e   Code   RO         2719    .text               c_w.l(__printf_wp.o)
    0x0800039a   0x00000006   Code   RO         2734    .text               c_w.l(heapauxi.o)
    0x080003a0   0x00000002   Code   RO         2774    .text               c_w.l(use_no_semi.o)
    0x080003a2   0x000000b2   Code   RO         2777    .text               c_w.l(_printf_intcommon.o)
    0x08000454   0x00000030   Code   RO         2781    .text               c_w.l(_printf_char_common.o)
    0x08000484   0x0000000a   Code   RO         2783    .text               c_w.l(_sputc.o)
    0x0800048e   0x00000002   PAD
    0x08000490   0x00000024   Code   RO         2785    .text               c_w.l(_printf_char_file.o)
    0x080004b4   0x00000008   Code   RO         2848    .text               c_w.l(ferror.o)
    0x080004bc   0x00000008   Code   RO         2859    .text               c_w.l(libspace.o)
    0x080004c4   0x0000004a   Code   RO         2862    .text               c_w.l(sys_stackheap_outer.o)
    0x0800050e   0x0000000c   Code   RO         2864    .text               c_w.l(exit.o)
    0x0800051a   0x00000016   Code   RO         2143    i.ADC_Cmd           stm32f10x_adc.o
    0x08000530   0x0000005c   Code   RO         2145    i.ADC_DeInit        stm32f10x_adc.o
    0x0800058c   0x00000014   Code   RO         2151    i.ADC_GetCalibrationStatus  stm32f10x_adc.o
    0x080005a0   0x00000008   Code   RO         2152    i.ADC_GetConversionValue  stm32f10x_adc.o
    0x080005a8   0x00000012   Code   RO         2154    i.ADC_GetFlagStatus  stm32f10x_adc.o
    0x080005ba   0x00000014   Code   RO         2157    i.ADC_GetResetCalibrationStatus  stm32f10x_adc.o
    0x080005ce   0x00000002   PAD
    0x080005d0   0x00000050   Code   RO         2161    i.ADC_Init          stm32f10x_adc.o
    0x08000620   0x000000b8   Code   RO         2165    i.ADC_RegularChannelConfig  stm32f10x_adc.o
    0x080006d8   0x0000000a   Code   RO         2166    i.ADC_ResetCalibration  stm32f10x_adc.o
    0x080006e2   0x00000016   Code   RO         2168    i.ADC_SoftwareStartConvCmd  stm32f10x_adc.o
    0x080006f8   0x0000000a   Code   RO         2170    i.ADC_StartCalibration  stm32f10x_adc.o
    0x08000702   0x00000002   PAD
    0x08000704   0x000000a4   Code   RO          502    i.Adc_Init          adc.o
    0x080007a8   0x00000034   Code   RO          294    i.Beep_Init         beep.o
    0x080007dc   0x00000004   Code   RO          153    i.BusFault_Handler  stm32f10x_it.o
    0x080007e0   0x0000000e   Code   RO          427    i.Control_Init      control.o
    0x080007ee   0x00000002   PAD
    0x080007f0   0x000000ac   Code   RO          428    i.Control_Motor_PWM  control.o
    0x0800089c   0x00000002   Code   RO          429    i.Control_Servor_Angle  control.o
    0x0800089e   0x00000002   Code   RO          154    i.DebugMon_Handler  stm32f10x_it.o
    0x080008a0   0x000000a0   Code   RO          402    i.Encoder_Init_TIM2  encoder.o
    0x08000940   0x00000116   Code   RO          957    i.GPIO_Init         stm32f10x_gpio.o
    0x08000a56   0x00000002   PAD
    0x08000a58   0x00000090   Code   RO          959    i.GPIO_PinRemapConfig  stm32f10x_gpio.o
    0x08000ae8   0x00000004   Code   RO          964    i.GPIO_ResetBits    stm32f10x_gpio.o
    0x08000aec   0x00000004   Code   RO          965    i.GPIO_SetBits      stm32f10x_gpio.o
    0x08000af0   0x00000098   Code   RO          688    i.GetParament       track.o
    0x08000b88   0x00000034   Code   RO          503    i.Get_Adc           adc.o
    0x08000bbc   0x00000004   Code   RO          155    i.HardFault_Handler  stm32f10x_it.o
    0x08000bc0   0x00000038   Code   RO          276    i.LED_Init          led.o
    0x08000bf8   0x0000002c   Code   RO          277    i.LED_test          led.o
    0x08000c24   0x00000004   Code   RO          156    i.MemManage_Handler  stm32f10x_it.o
    0x08000c28   0x00000034   Code   RO          312    i.Motor_Gpio_init   motor.o
    0x08000c5c   0x00000038   Code   RO          313    i.Motor_Init        motor.o
    0x08000c94   0x00000002   Code   RO          157    i.NMI_Handler       stm32f10x_it.o
    0x08000c96   0x00000002   PAD
    0x08000c98   0x000000fc   Code   RO          734    i.NRF24L01_Init     24l01.o
    0x08000d94   0x00000068   Code   RO          739    i.NRF24L01_TX_Mode  24l01.o
    0x08000dfc   0x0000003c   Code   RO          741    i.NRF24L01_Write_Buf  24l01.o
    0x08000e38   0x00000030   Code   RO          742    i.NRF24L01_Write_Reg  24l01.o
    0x08000e68   0x00000070   Code   RO          915    i.NVIC_Init         misc.o
    0x08000ed8   0x00000014   Code   RO          916    i.NVIC_PriorityGroupConfig  misc.o
    0x08000eec   0x0000003a   Code   RO          528    i.OLED_Fill         oled12864.o
    0x08000f26   0x00000002   PAD
    0x08000f28   0x00000024   Code   RO          529    i.OLED_IIC_Start    oled12864.o
    0x08000f4c   0x00000024   Code   RO          530    i.OLED_IIC_Stop     oled12864.o
    0x08000f70   0x000000c6   Code   RO          531    i.OLED_Init         oled12864.o
    0x08001036   0x00000002   PAD
    0x08001038   0x00000054   Code   RO          532    i.OLED_P16x16Ch     oled12864.o
    0x0800108c   0x00000040   Code   RO          535    i.OLED_Pin_Init     oled12864.o
    0x080010cc   0x00000028   Code   RO          536    i.OLED_Set_Pos      oled12864.o
    0x080010f4   0x00000020   Code   RO          537    i.OLED_WrCmd        oled12864.o
    0x08001114   0x00000020   Code   RO          538    i.OLED_WrDat        oled12864.o
    0x08001134   0x00000002   Code   RO          158    i.PendSV_Handler    stm32f10x_it.o
    0x08001136   0x00000002   PAD
    0x08001138   0x00000098   Code   RO          430    i.Position_PID      control.o
    0x080011d0   0x00000018   Code   RO         1089    i.RCC_ADCCLKConfig  stm32f10x_rcc.o
    0x080011e8   0x00000020   Code   RO         1091    i.RCC_APB1PeriphClockCmd  stm32f10x_rcc.o
    0x08001208   0x00000020   Code   RO         1093    i.RCC_APB2PeriphClockCmd  stm32f10x_rcc.o
    0x08001228   0x00000020   Code   RO         1094    i.RCC_APB2PeriphResetCmd  stm32f10x_rcc.o
    0x08001248   0x000000d4   Code   RO         1101    i.RCC_GetClocksFreq  stm32f10x_rcc.o
    0x0800131c   0x00000050   Code   RO          403    i.Read_Encoder      encoder.o
    0x0800136c   0x00000094   Code   RO          706    i.SPI2_Init         spi.o
    0x08001400   0x00000054   Code   RO          707    i.SPI2_ReadWriteByte  spi.o
    0x08001454   0x00000018   Code   RO         2556    i.SPI_Cmd           stm32f10x_spi.o
    0x0800146c   0x00000012   Code   RO         2564    i.SPI_I2S_GetFlagStatus  stm32f10x_spi.o
    0x0800147e   0x00000006   Code   RO         2567    i.SPI_I2S_ReceiveData  stm32f10x_spi.o
    0x08001484   0x00000004   Code   RO         2568    i.SPI_I2S_SendData  stm32f10x_spi.o
    0x08001488   0x0000003c   Code   RO         2569    i.SPI_Init          stm32f10x_spi.o
    0x080014c4   0x00000002   Code   RO          159    i.SVC_Handler       stm32f10x_it.o
    0x080014c6   0x00000002   PAD
    0x080014c8   0x00000040   Code   RO          354    i.Servor_GPIO_Config  servor.o
    0x08001508   0x00000020   Code   RO          355    i.Servor_Init       servor.o
    0x08001528   0x00000008   Code   RO          242    i.SetSysClock       system_stm32f10x.o
    0x08001530   0x000000e0   Code   RO          243    i.SetSysClockTo72   system_stm32f10x.o
    0x08001610   0x00000012   Code   RO          314    i.Set_Motor_PWM     motor.o
    0x08001622   0x00000002   PAD
    0x08001624   0x00000030   Code   RO          315    i.Set_Pwm_Motor1    motor.o
    0x08001654   0x00000030   Code   RO          316    i.Set_Pwm_Motor2    motor.o
    0x08001684   0x00000030   Code   RO          539    i.Show_CH           oled12864.o
    0x080016b4   0x00000028   Code   RO          919    i.SysTick_CLKSourceConfig  misc.o
    0x080016dc   0x00000002   Code   RO          160    i.SysTick_Handler   stm32f10x_it.o
    0x080016de   0x00000002   PAD
    0x080016e0   0x00000060   Code   RO          245    i.SystemInit        system_stm32f10x.o
    0x08001740   0x00000080   Code   RO         1469    i.TI1_Config        stm32f10x_tim.o
    0x080017c0   0x00000098   Code   RO         1470    i.TI2_Config        stm32f10x_tim.o
    0x08001858   0x00000090   Code   RO         1471    i.TI3_Config        stm32f10x_tim.o
    0x080018e8   0x00000098   Code   RO         1472    i.TI4_Config        stm32f10x_tim.o
    0x08001980   0x0000007c   Code   RO          358    i.TIM1_PWM_Init     servor.o
    0x080019fc   0x00000018   Code   RO          404    i.TIM2_IRQHandler   encoder.o
    0x08001a14   0x0000004c   Code   RO          432    i.TIM3_IRQHandler   control.o
    0x08001a60   0x00000060   Code   RO          490    i.TIM3_Int_Init     timer.o
    0x08001ac0   0x000000dc   Code   RO          317    i.TIM4_PWM_Init     motor.o
    0x08001b9c   0x00000018   Code   RO         1473    i.TIM_ARRPreloadConfig  stm32f10x_tim.o
    0x08001bb4   0x00000006   Code   RO         1479    i.TIM_ClearFlag     stm32f10x_tim.o
    0x08001bba   0x00000006   Code   RO         1480    i.TIM_ClearITPendingBit  stm32f10x_tim.o
    0x08001bc0   0x00000018   Code   RO         1485    i.TIM_Cmd           stm32f10x_tim.o
    0x08001bd8   0x0000001e   Code   RO         1487    i.TIM_CtrlPWMOutputs  stm32f10x_tim.o
    0x08001bf6   0x00000042   Code   RO         1494    i.TIM_EncoderInterfaceConfig  stm32f10x_tim.o
    0x08001c38   0x00000022   Code   RO         1506    i.TIM_GetITStatus   stm32f10x_tim.o
    0x08001c5a   0x00000002   PAD
    0x08001c5c   0x000000ac   Code   RO         1508    i.TIM_ICInit        stm32f10x_tim.o
    0x08001d08   0x00000012   Code   RO         1509    i.TIM_ICStructInit  stm32f10x_tim.o
    0x08001d1a   0x00000012   Code   RO         1510    i.TIM_ITConfig      stm32f10x_tim.o
    0x08001d2c   0x00000098   Code   RO         1514    i.TIM_OC1Init       stm32f10x_tim.o
    0x08001dc4   0x00000012   Code   RO         1517    i.TIM_OC1PreloadConfig  stm32f10x_tim.o
    0x08001dd6   0x00000002   PAD
    0x08001dd8   0x000000a4   Code   RO         1519    i.TIM_OC2Init       stm32f10x_tim.o
    0x08001e7c   0x0000001a   Code   RO         1522    i.TIM_OC2PreloadConfig  stm32f10x_tim.o
    0x08001e96   0x00000002   PAD
    0x08001e98   0x000000a0   Code   RO         1524    i.TIM_OC3Init       stm32f10x_tim.o
    0x08001f38   0x00000012   Code   RO         1527    i.TIM_OC3PreloadConfig  stm32f10x_tim.o
    0x08001f4a   0x00000002   PAD
    0x08001f4c   0x0000007c   Code   RO         1529    i.TIM_OC4Init       stm32f10x_tim.o
    0x08001fc8   0x0000001a   Code   RO         1531    i.TIM_OC4PreloadConfig  stm32f10x_tim.o
    0x08001fe2   0x00000004   Code   RO         1544    i.TIM_SetAutoreload  stm32f10x_tim.o
    0x08001fe6   0x00000004   Code   RO         1546    i.TIM_SetCompare1   stm32f10x_tim.o
    0x08001fea   0x00000004   Code   RO         1547    i.TIM_SetCompare2   stm32f10x_tim.o
    0x08001fee   0x00000004   Code   RO         1548    i.TIM_SetCompare3   stm32f10x_tim.o
    0x08001ff2   0x00000006   Code   RO         1549    i.TIM_SetCompare4   stm32f10x_tim.o
    0x08001ff8   0x00000004   Code   RO         1550    i.TIM_SetCounter    stm32f10x_tim.o
    0x08001ffc   0x00000012   Code   RO         1551    i.TIM_SetIC1Prescaler  stm32f10x_tim.o
    0x0800200e   0x0000001a   Code   RO         1552    i.TIM_SetIC2Prescaler  stm32f10x_tim.o
    0x08002028   0x00000012   Code   RO         1553    i.TIM_SetIC3Prescaler  stm32f10x_tim.o
    0x0800203a   0x0000001a   Code   RO         1554    i.TIM_SetIC4Prescaler  stm32f10x_tim.o
    0x08002054   0x000000a4   Code   RO         1556    i.TIM_TimeBaseInit  stm32f10x_tim.o
    0x080020f8   0x00000012   Code   RO         1557    i.TIM_TimeBaseStructInit  stm32f10x_tim.o
    0x0800210a   0x00000002   PAD
    0x0800210c   0x00000088   Code   RO          857    i.USART1_IRQHandler  usart.o
    0x08002194   0x00000018   Code   RO         1293    i.USART_Cmd         stm32f10x_usart.o
    0x080021ac   0x00000054   Code   RO         1297    i.USART_GetITStatus  stm32f10x_usart.o
    0x08002200   0x0000004a   Code   RO         1299    i.USART_ITConfig    stm32f10x_usart.o
    0x0800224a   0x00000002   PAD
    0x0800224c   0x000000d8   Code   RO         1300    i.USART_Init        stm32f10x_usart.o
    0x08002324   0x0000000a   Code   RO         1307    i.USART_ReceiveData  stm32f10x_usart.o
    0x0800232e   0x00000004   Code   RO          161    i.UsageFault_Handler  stm32f10x_it.o
    0x08002332   0x00000002   PAD
    0x08002334   0x00000054   Code   RO          540    i.Write_IIC_Byte    oled12864.o
    0x08002388   0x0000000e   Code   RO         2721    i._is_digit         c_w.l(__printf_wp.o)
    0x08002396   0x00000006   Code   RO          858    i._sys_exit         usart.o
    0x0800239c   0x00000044   Code   RO          802    i.delay_init        delay.o
    0x080023e0   0x0000004c   Code   RO          803    i.delay_ms          delay.o
    0x0800242c   0x0000001c   Code   RO          859    i.fputc             usart.o
    0x08002448   0x00000052   Code   RO            1    i.main              main.o
    0x0800249a   0x0000000e   Code   RO          433    i.myabs             control.o
    0x080024a8   0x000000a0   Code   RO          860    i.uart_init         usart.o
    0x08002548   0x000000c4   Code   RO         2754    x$fpl$fadd          fz_ws.l(faddsub_clz.o)
    0x0800260c   0x00000036   Code   RO         2760    x$fpl$ffix          fz_ws.l(ffix.o)
    0x08002642   0x00000002   PAD
    0x08002644   0x00000030   Code   RO         2765    x$fpl$fflt          fz_ws.l(fflt_clz.o)
    0x08002674   0x00000102   Code   RO         2770    x$fpl$fmul          fz_ws.l(fmul.o)
    0x08002776   0x0000008c   Code   RO         2792    x$fpl$fnaninf       fz_ws.l(fnaninf.o)
    0x08002802   0x0000000a   Code   RO         2794    x$fpl$fretinf       fz_ws.l(fretinf.o)
    0x0800280c   0x000000ea   Code   RO         2756    x$fpl$fsub          fz_ws.l(faddsub_clz.o)
    0x080028f6   0x00000000   Code   RO         2796    x$fpl$usenofp       fz_ws.l(usenofp.o)
    0x080028f6   0x00000898   Data   RO          541    .constdata          oled12864.o
    0x0800318e   0x0000000a   Data   RO          743    .constdata          24l01.o
    0x08003198   0x00000020   Data   RO         2993    Region$$Table       anon$$obj.o


    Execution Region ER_RW (Base: 0x20000000, Size: 0x00000088, Max: 0xffffffff, ABSOLUTE)

    Base Addr    Size         Type   Attr      Idx    E Section Name        Object

    0x20000000   0x00000014   Data   RW          246    .data               system_stm32f10x.o
    0x20000014   0x00000054   Data   RW          434    .data               control.o
    0x20000068   0x00000004   Data   RW          805    .data               delay.o
    0x2000006c   0x00000006   Data   RW          862    .data               usart.o
    0x20000072   0x00000014   Data   RW         1121    .data               stm32f10x_rcc.o


    Execution Region ER_ZI (Base: 0x20000088, Size: 0x00000728, Max: 0xffffffff, ABSOLUTE)

    Base Addr    Size         Type   Attr      Idx    E Section Name        Object

    0x20000088   0x000000c8   Zero   RW          861    .bss                usart.o
    0x20000150   0x00000060   Zero   RW         2860    .bss                c_w.l(libspace.o)
    0x200001b0   0x00000200   Zero   RW          909    HEAP                startup_stm32f10x_md.o
    0x200003b0   0x00000400   Zero   RW          908    STACK               startup_stm32f10x_md.o


==============================================================================

Image component sizes


      Code (inc. data)   RO Data    RW Data    ZI Data      Debug   Object Name

       464         54         10          0          0       3241   24l01.o
       216         18          0          0          0       1153   adc.o
        52          6          0          0          0        508   beep.o
       430         68          0         84          0       4768   control.o
       144         22          0          4          0       1220   delay.o
       264         16          0          0          0       1777   encoder.o
       100         16          0          0          0        966   led.o
        82          0          0          0          0     268019   main.o
       172         22          0          0          0       2105   misc.o
       442         26          0          0          0       3313   motor.o
       712         42       2200          0          0       6985   oled12864.o
       220         18          0          0          0       1707   servor.o
       232         14          0          0          0       1273   spi.o
        64         26        236          0       1536        796   startup_stm32f10x_md.o
       486         24          0          0          0       8650   stm32f10x_adc.o
       430          6          0          0          0       3910   stm32f10x_gpio.o
        26          0          0          0          0       3810   stm32f10x_it.o
       332         44          0         20          0       5618   stm32f10x_rcc.o
       112          0          0          0          0       3878   stm32f10x_spi.o
      1958        200          0          0          0      21701   stm32f10x_tim.o
       408          6          0          0          0       5022   stm32f10x_usart.o
         0          0          0          0          0         32   sys.o
       328         28          0         20          0       2145   system_stm32f10x.o
        96          6          0          0          0        652   timer.o
       152         52          0          0          0        626   track.o
       330         26          0          6        200       4208   usart.o

    ----------------------------------------------------------------------
      8288        740       2478        136       1736     358083   Object Totals
         0          0         32          0          0          0   (incl. Generated)
        36          0          0          2          0          0   (incl. Padding)

    ----------------------------------------------------------------------

      Code (inc. data)   RO Data    RW Data    ZI Data      Debug   Library Member Name

         8          0          0          0          0         68   __main.o
       284          0          0          0          0        156   __printf_wp.o
         0          0          0          0          0          0   __rtentry.o
        12          0          0          0          0          0   __rtentry2.o
         6          0          0          0          0          0   __rtentry4.o
        52          8          0          0          0          0   __scatter.o
        26          0          0          0          0          0   __scatter_copy.o
        28          0          0          0          0          0   __scatter_zi.o
        48          6          0          0          0         96   _printf_char_common.o
        36          4          0          0          0         80   _printf_char_file.o
         6          0          0          0          0          0   _printf_d.o
       120         16          0          0          0         92   _printf_dec.o
       178          0          0          0          0         88   _printf_intcommon.o
         0          0          0          0          0          0   _printf_percent.o
         4          0          0          0          0          0   _printf_percent_end.o
        10          0          0          0          0         68   _sputc.o
        12          0          0          0          0         72   exit.o
         8          0          0          0          0         68   ferror.o
         6          0          0          0          0        152   heapauxi.o
         2          0          0          0          0          0   libinit.o
         2          0          0          0          0          0   libinit2.o
         2          0          0          0          0          0   libshutdown.o
         2          0          0          0          0          0   libshutdown2.o
         8          4          0          0         96         68   libspace.o
        24          4          0          0          0         84   noretval__2printf.o
        40          6          0          0          0         84   noretval__2sprintf.o
         2          0          0          0          0          0   rtexit.o
        10          0          0          0          0          0   rtexit2.o
        74          0          0          0          0         80   sys_stackheap_outer.o
         2          0          0          0          0         68   use_no_semi.o
         2          0          0          0          0         68   use_no_semi_2.o
       430          8          0          0          0        168   faddsub_clz.o
        54          4          0          0          0         84   ffix.o
        48          0          0          0          0         68   fflt_clz.o
       258          4          0          0          0         84   fmul.o
       140          4          0          0          0         84   fnaninf.o
        10          0          0          0          0         68   fretinf.o
         0          0          0          0          0          0   usenofp.o

    ----------------------------------------------------------------------
      1962         68          0          0         96       1948   Library Totals
         8          0          0          0          0          0   (incl. Padding)

    ----------------------------------------------------------------------

      Code (inc. data)   RO Data    RW Data    ZI Data      Debug   Library Name

      1014         48          0          0         96       1392   c_w.l
       940         20          0          0          0        556   fz_ws.l

    ----------------------------------------------------------------------
      1962         68          0          0         96       1948   Library Totals

    ----------------------------------------------------------------------

==============================================================================


      Code (inc. data)   RO Data    RW Data    ZI Data      Debug   

     10250        808       2478        136       1832     352539   Grand Totals
     10250        808       2478        136       1832     352539   ELF Image Totals
     10250        808       2478        136          0          0   ROM Totals

==============================================================================

    Total RO  Size (Code + RO Data)                12728 (  12.43kB)
    Total RW  Size (RW Data + ZI Data)              1968 (   1.92kB)
    Total ROM Size (Code + RO Data + RW Data)      12864 (  12.56kB)

==============================================================================

